Archive member included to satisfy reference by file (symbol)

/Users/admin/CMMC/gcc-arm-none-eabi/bin/../lib/gcc/arm-none-eabi/7.2.1/../../../../arm-none-eabi/lib/thumb/v7e-m/fpv4-sp/hard/libc_nano.a(lib_a-exit.o)
                              /Users/admin/CMMC/gcc-arm-none-eabi/bin/../lib/gcc/arm-none-eabi/7.2.1/../../../../arm-none-eabi/lib/thumb/v7e-m/fpv4-sp/hard/crt0.o (exit)
/Users/admin/CMMC/gcc-arm-none-eabi/bin/../lib/gcc/arm-none-eabi/7.2.1/../../../../arm-none-eabi/lib/thumb/v7e-m/fpv4-sp/hard/libc_nano.a(lib_a-impure.o)
                              /Users/admin/CMMC/gcc-arm-none-eabi/bin/../lib/gcc/arm-none-eabi/7.2.1/../../../../arm-none-eabi/lib/thumb/v7e-m/fpv4-sp/hard/libc_nano.a(lib_a-exit.o) (_global_impure_ptr)
/Users/admin/CMMC/gcc-arm-none-eabi/bin/../lib/gcc/arm-none-eabi/7.2.1/../../../../arm-none-eabi/lib/thumb/v7e-m/fpv4-sp/hard/libc_nano.a(lib_a-init.o)
                              /Users/admin/CMMC/gcc-arm-none-eabi/bin/../lib/gcc/arm-none-eabi/7.2.1/../../../../arm-none-eabi/lib/thumb/v7e-m/fpv4-sp/hard/crt0.o (__libc_init_array)
/Users/admin/CMMC/gcc-arm-none-eabi/bin/../lib/gcc/arm-none-eabi/7.2.1/../../../../arm-none-eabi/lib/thumb/v7e-m/fpv4-sp/hard/libc_nano.a(lib_a-locale.o)
                              _build/nrf52832_xxaa/nrf_log_str_formatter.c.o (__locale_ctype_ptr)
/Users/admin/CMMC/gcc-arm-none-eabi/bin/../lib/gcc/arm-none-eabi/7.2.1/../../../../arm-none-eabi/lib/thumb/v7e-m/fpv4-sp/hard/libc_nano.a(lib_a-mbtowc_r.o)
                              /Users/admin/CMMC/gcc-arm-none-eabi/bin/../lib/gcc/arm-none-eabi/7.2.1/../../../../arm-none-eabi/lib/thumb/v7e-m/fpv4-sp/hard/libc_nano.a(lib_a-locale.o) (__ascii_mbtowc)
/Users/admin/CMMC/gcc-arm-none-eabi/bin/../lib/gcc/arm-none-eabi/7.2.1/../../../../arm-none-eabi/lib/thumb/v7e-m/fpv4-sp/hard/libc_nano.a(lib_a-memcmp.o)
                              _build/nrf52832_xxaa/ble_advdata.c.o (memcmp)
/Users/admin/CMMC/gcc-arm-none-eabi/bin/../lib/gcc/arm-none-eabi/7.2.1/../../../../arm-none-eabi/lib/thumb/v7e-m/fpv4-sp/hard/libc_nano.a(lib_a-memcpy-stub.o)
                              _build/nrf52832_xxaa/nrf_log_frontend.c.o (memcpy)
/Users/admin/CMMC/gcc-arm-none-eabi/bin/../lib/gcc/arm-none-eabi/7.2.1/../../../../arm-none-eabi/lib/thumb/v7e-m/fpv4-sp/hard/libc_nano.a(lib_a-memset.o)
                              /Users/admin/CMMC/gcc-arm-none-eabi/bin/../lib/gcc/arm-none-eabi/7.2.1/../../../../arm-none-eabi/lib/thumb/v7e-m/fpv4-sp/hard/crt0.o (memset)
/Users/admin/CMMC/gcc-arm-none-eabi/bin/../lib/gcc/arm-none-eabi/7.2.1/../../../../arm-none-eabi/lib/thumb/v7e-m/fpv4-sp/hard/libc_nano.a(lib_a-printf.o)
                              _build/nrf52832_xxaa/main.c.o (printf)
/Users/admin/CMMC/gcc-arm-none-eabi/bin/../lib/gcc/arm-none-eabi/7.2.1/../../../../arm-none-eabi/lib/thumb/v7e-m/fpv4-sp/hard/libc_nano.a(lib_a-strcmp.o)
                              /Users/admin/CMMC/gcc-arm-none-eabi/bin/../lib/gcc/arm-none-eabi/7.2.1/../../../../arm-none-eabi/lib/thumb/v7e-m/fpv4-sp/hard/libc_nano.a(lib_a-locale.o) (strcmp)
/Users/admin/CMMC/gcc-arm-none-eabi/bin/../lib/gcc/arm-none-eabi/7.2.1/../../../../arm-none-eabi/lib/thumb/v7e-m/fpv4-sp/hard/libc_nano.a(lib_a-strcpy.o)
                              _build/nrf52832_xxaa/SEGGER_RTT.c.o (strcpy)
/Users/admin/CMMC/gcc-arm-none-eabi/bin/../lib/gcc/arm-none-eabi/7.2.1/../../../../arm-none-eabi/lib/thumb/v7e-m/fpv4-sp/hard/libc_nano.a(lib_a-strlen.o)
                              _build/nrf52832_xxaa/nrf_log_frontend.c.o (strlen)
/Users/admin/CMMC/gcc-arm-none-eabi/bin/../lib/gcc/arm-none-eabi/7.2.1/../../../../arm-none-eabi/lib/thumb/v7e-m/fpv4-sp/hard/libc_nano.a(lib_a-wctomb_r.o)
                              /Users/admin/CMMC/gcc-arm-none-eabi/bin/../lib/gcc/arm-none-eabi/7.2.1/../../../../arm-none-eabi/lib/thumb/v7e-m/fpv4-sp/hard/libc_nano.a(lib_a-locale.o) (__ascii_wctomb)
/Users/admin/CMMC/gcc-arm-none-eabi/bin/../lib/gcc/arm-none-eabi/7.2.1/../../../../arm-none-eabi/lib/thumb/v7e-m/fpv4-sp/hard/libc_nano.a(lib_a-ctype_.o)
                              /Users/admin/CMMC/gcc-arm-none-eabi/bin/../lib/gcc/arm-none-eabi/7.2.1/../../../../arm-none-eabi/lib/thumb/v7e-m/fpv4-sp/hard/libc_nano.a(lib_a-locale.o) (_ctype_)
/Users/admin/CMMC/gcc-arm-none-eabi/bin/../lib/gcc/arm-none-eabi/7.2.1/../../../../arm-none-eabi/lib/thumb/v7e-m/fpv4-sp/hard/libc_nano.a(lib_a-findfp.o)
                              /Users/admin/CMMC/gcc-arm-none-eabi/bin/../lib/gcc/arm-none-eabi/7.2.1/../../../../arm-none-eabi/lib/thumb/v7e-m/fpv4-sp/hard/libc_nano.a(lib_a-printf.o) (__sinit)
/Users/admin/CMMC/gcc-arm-none-eabi/bin/../lib/gcc/arm-none-eabi/7.2.1/../../../../arm-none-eabi/lib/thumb/v7e-m/fpv4-sp/hard/libc_nano.a(lib_a-fwalk.o)
                              /Users/admin/CMMC/gcc-arm-none-eabi/bin/../lib/gcc/arm-none-eabi/7.2.1/../../../../arm-none-eabi/lib/thumb/v7e-m/fpv4-sp/hard/libc_nano.a(lib_a-findfp.o) (_fwalk)
[...]
Memory Configuration

Name             Origin             Length             Attributes
FLASH            0x0000000000026000 0x000000000005a000 xr
RAM              0x0000000020002a98 0x000000000000d568 xrw
*default*        0x0000000000000000 0xffffffffffffffff

Linker script and memory map


.text           0x0000000000026000     0xaf9c
 *(.isr_vector)
 .isr_vector    0x0000000000026000      0x200 _build/nrf52832_xxaa/gcc_startup_nrf52.S.o
                0x0000000000026000                __isr_vector
 *(.text*)
 .text          0x0000000000026200       0x40 /Users/admin/CMMC/gcc-arm-none-eabi/bin/../lib/gcc/arm-none-eabi/7.2.1/thumb/v7e-m/fpv4-sp/hard/crtbegin.o
 .text          0x0000000000026240       0x74 /Users/admin/CMMC/gcc-arm-none-eabi/bin/../lib/gcc/arm-none-eabi/7.2.1/../../../../arm-none-eabi/lib/thumb/v7e-m/fpv4-sp/hard/crt0.o
                0x0000000000026240                _mainCRTStartup
                0x0000000000026240                _start
 .text          0x00000000000262b4       0x3c _build/nrf52832_xxaa/gcc_startup_nrf52.S.o
                0x00000000000262b4                Reset_Handler
                0x00000000000262dc                NMI_Handler
                0x00000000000262de                HardFault_Handler
                0x00000000000262e0                MemoryManagement_Handler
                0x00000000000262e2                BusFault_Handler
                0x00000000000262e4                UsageFault_Handler
                0x00000000000262e6                SVC_Handler
                0x00000000000262e8                DebugMon_Handler
                0x00000000000262ea                PendSV_Handler
                0x00000000000262ec                SysTick_Handler
                0x00000000000262ee                I2S_IRQHandler
                0x00000000000262ee                SWI4_EGU4_IRQHandler
                0x00000000000262ee                TIMER0_IRQHandler
                0x00000000000262ee                TIMER1_IRQHandler
                0x00000000000262ee                PWM2_IRQHandler
                0x00000000000262ee                ECB_IRQHandler
                0x00000000000262ee                Default_Handler
                0x00000000000262ee                SAADC_IRQHandler
                0x00000000000262ee                CCM_AAR_IRQHandler
                0x00000000000262ee                WDT_IRQHandler
                0x00000000000262ee                SWI5_EGU5_IRQHandler
                0x00000000000262ee                RNG_IRQHandler
                0x00000000000262ee                RTC2_IRQHandler
                0x00000000000262ee                PWM0_IRQHandler
                0x00000000000262ee                SWI3_EGU3_IRQHandler
                0x00000000000262ee                SWI1_EGU1_IRQHandler
                0x00000000000262ee                SPIM2_SPIS2_SPI2_IRQHandler
                0x00000000000262ee                NFCT_IRQHandler
                0x00000000000262ee                MWU_IRQHandler
                0x00000000000262ee                TIMER2_IRQHandler
                0x00000000000262ee                COMP_LPCOMP_IRQHandler
                0x00000000000262ee                RTC0_IRQHandler
                0x00000000000262ee                PWM1_IRQHandler
                0x00000000000262ee                RADIO_IRQHandler
                0x00000000000262ee                PDM_IRQHandler
                0x00000000000262ee                TEMP_IRQHandler
                0x00000000000262ee                QDEC_IRQHandler
                0x00000000000262ee                TIMER3_IRQHandler
                0x00000000000262ee                FPU_IRQHandler
                0x00000000000262ee                TIMER4_IRQHandler
 .text.SPIM1_SPIS1_TWIM1_TWIS1_SPI1_TWI1_IRQHandler
                0x00000000000262f0       0x54 _build/nrf52832_xxaa/nrfx_spim.c.o
                0x00000000000262f0                SPIM1_SPIS1_TWIM1_TWIS1_SPI1_TWI1_IRQHandler
 .text.nrf_log_backend_rtt_flush
                0x0000000000026344        0x4 _build/nrf52832_xxaa/nrf_log_backend_rtt.c.o
 .text.nrf_log_backend_rtt_put
                0x0000000000026348       0x20 _build/nrf52832_xxaa/nrf_log_backend_rtt.c.o
 .text.serial_tx
                0x0000000000026368       0x54 _build/nrf52832_xxaa/nrf_log_backend_rtt.c.o
 .text.nrf_log_backend_rtt_panic_set
                0x00000000000263bc        0x4 _build/nrf52832_xxaa/nrf_log_backend_rtt.c.o
 .text.nrf_log_backend_rtt_init
                0x00000000000263c0        0x4 _build/nrf52832_xxaa/nrf_log_backend_rtt.c.o
                0x00000000000263c0                nrf_log_backend_rtt_init
 .text.nrf_log_backend_serial_put
                0x00000000000263c4       0xd4 _build/nrf52832_xxaa/nrf_log_backend_serial.c.o
                0x00000000000263c4                nrf_log_backend_serial_put
 .text.nrf_log_default_backends_init
                0x0000000000026498       0x1c _build/nrf52832_xxaa/nrf_log_default_backends.c.o
                0x0000000000026498                nrf_log_default_backends_init
 .text.log_skip
                0x00000000000264b4       0xd0 _build/nrf52832_xxaa/nrf_log_frontend.c.o
 .text.nrf_log_init
                0x0000000000026584       0x50 _build/nrf52832_xxaa/nrf_log_frontend.c.o
                0x0000000000026584                nrf_log_init
 .text.nrf_log_module_name_get
                0x00000000000265d4       0x5c _build/nrf52832_xxaa/nrf_log_frontend.c.o
                0x00000000000265d4                nrf_log_module_name_get
 .text.nrf_log_color_id_get
                0x0000000000026630       0x2c _build/nrf52832_xxaa/nrf_log_frontend.c.o
                0x0000000000026630                nrf_log_color_id_get
 .text.nrf_log_frontend_std_0
                0x000000000002665c       0xf0 _build/nrf52832_xxaa/nrf_log_frontend.c.o
                0x000000000002665c                nrf_log_frontend_std_0
 .text.nrf_log_frontend_dequeue.part.6
                0x000000000002674c      0x258 _build/nrf52832_xxaa/nrf_log_frontend.c.o
 .text.nrf_log_frontend_std_1
                0x00000000000269a4      0x100 _build/nrf52832_xxaa/nrf_log_frontend.c.o
                0x00000000000269a4                nrf_log_frontend_std_1
 .text.nrf_log_frontend_std_2
                0x0000000000026aa4      0x104 _build/nrf52832_xxaa/nrf_log_frontend.c.o
                0x0000000000026aa4                nrf_log_frontend_std_2
 .text.nrf_log_frontend_std_3
                0x0000000000026ba8      0x110 _build/nrf52832_xxaa/nrf_log_frontend.c.o
                0x0000000000026ba8                nrf_log_frontend_std_3
 .text.nrf_log_frontend_hexdump
                0x0000000000026cb8      0x148 _build/nrf52832_xxaa/nrf_log_frontend.c.o
                0x0000000000026cb8                nrf_log_frontend_hexdump
 .text.nrf_log_frontend_dequeue
                0x0000000000026e00       0x18 _build/nrf52832_xxaa/nrf_log_frontend.c.o
                0x0000000000026e00                nrf_log_frontend_dequeue
 .text.nrf_log_backend_add
                0x0000000000026e18       0x5c _build/nrf52832_xxaa/nrf_log_frontend.c.o
                0x0000000000026e18                nrf_log_backend_add
 .text.nrf_log_panic
                0x0000000000026e74       0x28 _build/nrf52832_xxaa/nrf_log_frontend.c.o
                0x0000000000026e74                nrf_log_panic
 .text.nrf_log_std_entry_process
                0x0000000000026e9c      0x14c _build/nrf52832_xxaa/nrf_log_str_formatter.c.o
                0x0000000000026e9c                nrf_log_std_entry_process
 .text.nrf_log_hexdump_entry_process
                0x0000000000026fe8      0x15c _build/nrf52832_xxaa/nrf_log_str_formatter.c.o
                0x0000000000026fe8                nrf_log_hexdump_entry_process
 .text.detection_delay_timeout_handler
                0x0000000000027144      0x120 _build/nrf52832_xxaa/app_button.c.o
 .text.gpiote_event_handler
                0x0000000000027264       0xa8 _build/nrf52832_xxaa/app_button.c.o
 .text.app_button_init
                0x000000000002730c       0xb0 _build/nrf52832_xxaa/app_button.c.o
                0x000000000002730c                app_button_init
 .text.app_button_enable
                0x00000000000273bc       0x2c _build/nrf52832_xxaa/app_button.c.o
                0x00000000000273bc                app_button_enable
 .text.app_error_handler_bare
                0x00000000000273e8       0x20 _build/nrf52832_xxaa/app_error.c.o
                0x00000000000273e8                app_error_handler_bare
 .text.app_error_fault_handler
                0x0000000000027408       0x6c _build/nrf52832_xxaa/app_error_weak.c.o
                0x0000000000027408                app_error_fault_handler
 .text.app_fifo_init
                0x0000000000027474       0x20 _build/nrf52832_xxaa/app_fifo.c.o
                0x0000000000027474                app_fifo_init
 .text.app_fifo_put
                0x0000000000027494       0x30 _build/nrf52832_xxaa/app_fifo.c.o
                0x0000000000027494                app_fifo_put
 .text.app_fifo_get
                0x00000000000274c4       0x2c _build/nrf52832_xxaa/app_fifo.c.o
                0x00000000000274c4                app_fifo_get
 .text.RTC1_IRQHandler
                0x00000000000274f0       0xa0 _build/nrf52832_xxaa/app_timer.c.o
                0x00000000000274f0                RTC1_IRQHandler
 .text.SWI0_EGU0_IRQHandler
                0x0000000000027590      0x394 _build/nrf52832_xxaa/app_timer.c.o
                0x0000000000027590                SWI0_EGU0_IRQHandler
 .text.app_timer_init
                0x0000000000027924       0xa8 _build/nrf52832_xxaa/app_timer.c.o
                0x0000000000027924                app_timer_init
 .text.app_timer_create
                0x00000000000279cc       0x24 _build/nrf52832_xxaa/app_timer.c.o
                0x00000000000279cc                app_timer_create
 .text.app_timer_start
                0x00000000000279f0       0xac _build/nrf52832_xxaa/app_timer.c.o
                0x00000000000279f0                app_timer_start
 .text.app_timer_stop
                0x0000000000027a9c       0x74 _build/nrf52832_xxaa/app_timer.c.o
                0x0000000000027a9c                app_timer_stop
 .text.uart_event_handler
                0x0000000000027b10      0x114 _build/nrf52832_xxaa/app_uart_fifo.c.o
 .text.app_uart_init
                0x0000000000027c24       0xf4 _build/nrf52832_xxaa/app_uart_fifo.c.o
                0x0000000000027c24                app_uart_init
 .text.app_uart_get
                0x0000000000027d18       0x5c _build/nrf52832_xxaa/app_uart_fifo.c.o
                0x0000000000027d18                app_uart_get
 .text.app_uart_put
                0x0000000000027d74       0x74 _build/nrf52832_xxaa/app_uart_fifo.c.o
                0x0000000000027d74                app_uart_put
 .text.app_util_critical_region_enter
                0x0000000000027de8       0x4c _build/nrf52832_xxaa/app_util_platform.c.o
                0x0000000000027de8                app_util_critical_region_enter
 .text.app_util_critical_region_exit
                0x0000000000027e34       0x30 _build/nrf52832_xxaa/app_util_platform.c.o
                0x0000000000027e34                app_util_critical_region_exit
 .text.nrf_atfifo_item_get
                0x0000000000027e64       0x5c _build/nrf52832_xxaa/nrf_atfifo.c.o
                0x0000000000027e64                nrf_atfifo_item_get
 .text.nrf_atfifo_item_free
                0x0000000000027ec0       0x20 _build/nrf52832_xxaa/nrf_atfifo.c.o
                0x0000000000027ec0                nrf_atfifo_item_free
 .text.nrf_atflags_set
                0x0000000000027ee0       0x14 _build/nrf52832_xxaa/nrf_atflags.c.o
                0x0000000000027ee0                nrf_atflags_set
 .text.nrf_atflags_clear
                0x0000000000027ef4       0x14 _build/nrf52832_xxaa/nrf_atflags.c.o
                0x0000000000027ef4                nrf_atflags_clear
 .text.nrf_atflags_get
                0x0000000000027f08       0x14 _build/nrf52832_xxaa/nrf_atflags.c.o
                0x0000000000027f08                nrf_atflags_get
 .text.nrf_atomic_u32_fetch_store
                0x0000000000027f1c       0x14 _build/nrf52832_xxaa/nrf_atomic.c.o
                0x0000000000027f1c                nrf_atomic_u32_fetch_store
 .text.nrf_atomic_u32_or
                0x0000000000027f30       0x18 _build/nrf52832_xxaa/nrf_atomic.c.o
                0x0000000000027f30                nrf_atomic_u32_or
 .text.nrf_atomic_u32_and
                0x0000000000027f48       0x18 _build/nrf52832_xxaa/nrf_atomic.c.o
                0x0000000000027f48                nrf_atomic_u32_and
 .text.nrf_atomic_u32_add
                0x0000000000027f60       0x18 _build/nrf52832_xxaa/nrf_atomic.c.o
                0x0000000000027f60                nrf_atomic_u32_add
 .text.nrf_atomic_u32_sub
                0x0000000000027f78       0x18 _build/nrf52832_xxaa/nrf_atomic.c.o
                0x0000000000027f78                nrf_atomic_u32_sub
 .text.nrf_atomic_flag_set
                0x0000000000027f90       0x18 _build/nrf52832_xxaa/nrf_atomic.c.o
                0x0000000000027f90                nrf_atomic_flag_set
 .text.nrf_atomic_flag_clear_fetch
                0x0000000000027fa8       0x18 _build/nrf52832_xxaa/nrf_atomic.c.o
                0x0000000000027fa8                nrf_atomic_flag_clear_fetch
 .text.nrf_balloc_init
                0x0000000000027fc0       0x38 _build/nrf52832_xxaa/nrf_balloc.c.o
                0x0000000000027fc0                nrf_balloc_init
 .text.nrf_balloc_alloc
                0x0000000000027ff8       0x50 _build/nrf52832_xxaa/nrf_balloc.c.o
                0x0000000000027ff8                nrf_balloc_alloc
 .text.nrf_balloc_free
                0x0000000000028048       0x38 _build/nrf52832_xxaa/nrf_balloc.c.o
                0x0000000000028048                nrf_balloc_free
 .text.nrf_fprintf_buffer_flush
                0x0000000000028080       0x18 _build/nrf52832_xxaa/nrf_fprintf.c.o
                0x0000000000028080                nrf_fprintf_buffer_flush
 .text.nrf_fprintf
                0x0000000000028098       0x20 _build/nrf52832_xxaa/nrf_fprintf.c.o
                0x0000000000028098                nrf_fprintf
 .text.unsigned_print
                0x00000000000280b8      0x10c _build/nrf52832_xxaa/nrf_fprintf_format.c.o
 .text.nrf_fprintf_fmt
                0x00000000000281c4      0x5bc _build/nrf52832_xxaa/nrf_fprintf_format.c.o
                0x00000000000281c4                nrf_fprintf_fmt
 .text.nrf_fstorage_is_busy
                0x0000000000028780       0x50 _build/nrf52832_xxaa/nrf_fstorage.c.o
                0x0000000000028780                nrf_fstorage_is_busy
 .text.sd_flash_write
                0x00000000000287d0        0x4 _build/nrf52832_xxaa/nrf_fstorage_sd.c.o
 .text.sd_flash_page_erase
                0x00000000000287d4        0x4 _build/nrf52832_xxaa/nrf_fstorage_sd.c.o
 .text.nrf_fstorage_sdh_req_handler
                0x00000000000287d8       0x14 _build/nrf52832_xxaa/nrf_fstorage_sd.c.o
                0x00000000000287d8                nrf_fstorage_sdh_req_handler
 .text.queue_process
                0x00000000000287ec      0x18c _build/nrf52832_xxaa/nrf_fstorage_sd.c.o
 .text.nrf_fstorage_sdh_state_handler
                0x0000000000028978      0x1a0 _build/nrf52832_xxaa/nrf_fstorage_sd.c.o
                0x0000000000028978                nrf_fstorage_sdh_state_handler
 .text.nrf_fstorage_sys_evt_handler
                0x0000000000028b18      0x254 _build/nrf52832_xxaa/nrf_fstorage_sd.c.o
                0x0000000000028b18                nrf_fstorage_sys_evt_handler
 .text.nrf_memobj_pool_init
                0x0000000000028d6c        0x4 _build/nrf52832_xxaa/nrf_memobj.c.o
                0x0000000000028d6c                nrf_memobj_pool_init
 .text.nrf_memobj_alloc
                0x0000000000028d70       0x84 _build/nrf52832_xxaa/nrf_memobj.c.o
                0x0000000000028d70                nrf_memobj_alloc
 .text.nrf_memobj_get
                0x0000000000028df4        0x8 _build/nrf52832_xxaa/nrf_memobj.c.o
                0x0000000000028df4                nrf_memobj_get
 .text.nrf_memobj_put
                0x0000000000028dfc       0x44 _build/nrf52832_xxaa/nrf_memobj.c.o
                0x0000000000028dfc                nrf_memobj_put
 .text.nrf_memobj_write
                0x0000000000028e40       0x5c _build/nrf52832_xxaa/nrf_memobj.c.o
                0x0000000000028e40                nrf_memobj_write
 .text.nrf_memobj_read
                0x0000000000028e9c       0x5c _build/nrf52832_xxaa/nrf_memobj.c.o
                0x0000000000028e9c                nrf_memobj_read
 .text.sd_app_evt_wait
                0x0000000000028ef8        0x4 _build/nrf52832_xxaa/nrf_pwr_mgmt.c.o
 .text.nrf_pwr_mgmt_init
                0x0000000000028efc       0x2c _build/nrf52832_xxaa/nrf_pwr_mgmt.c.o
                0x0000000000028efc                nrf_pwr_mgmt_init
 .text.nrf_pwr_mgmt_run
                0x0000000000028f28       0x50 _build/nrf52832_xxaa/nrf_pwr_mgmt.c.o
                0x0000000000028f28                nrf_pwr_mgmt_run
 .text.nrf_section_iter_init
                0x0000000000028f78       0x14 _build/nrf52832_xxaa/nrf_section_iter.c.o
                0x0000000000028f78                nrf_section_iter_init
 .text.nrf_section_iter_next
                0x0000000000028f8c       0x18 _build/nrf52832_xxaa/nrf_section_iter.c.o
                0x0000000000028f8c                nrf_section_iter_next
 .text.nrf_strerror_get
                0x0000000000028fa4       0x6c _build/nrf52832_xxaa/nrf_strerror.c.o
                0x0000000000028fa4                nrf_strerror_get
 .text._write   0x0000000000029010       0x1c _build/nrf52832_xxaa/retarget.c.o
                0x0000000000029010                _write
 .text._read    0x000000000002902c       0x14 _build/nrf52832_xxaa/retarget.c.o
                0x000000000002902c                _read
 .text.SystemInit
                0x0000000000029040      0x3c0 _build/nrf52832_xxaa/system_nrf52.c.o
                0x0000000000029040                SystemInit
 .text.bsp_board_led_state_get
                0x0000000000029400       0x1c _build/nrf52832_xxaa/boards.c.o
                0x0000000000029400                bsp_board_led_state_get
 .text.bsp_board_led_on
                0x000000000002941c       0x18 _build/nrf52832_xxaa/boards.c.o
                0x000000000002941c                bsp_board_led_on
 .text.bsp_board_led_off
                0x0000000000029434       0x18 _build/nrf52832_xxaa/boards.c.o
                0x0000000000029434                bsp_board_led_off
 .text.bsp_board_leds_off
                0x000000000002944c       0x2c _build/nrf52832_xxaa/boards.c.o
                0x000000000002944c                bsp_board_leds_off
 .text.bsp_board_leds_on
                0x0000000000029478       0x2c _build/nrf52832_xxaa/boards.c.o
                0x0000000000029478                bsp_board_leds_on
 .text.bsp_board_led_invert
                0x00000000000294a4       0x24 _build/nrf52832_xxaa/boards.c.o
                0x00000000000294a4                bsp_board_led_invert
 .text.bsp_board_button_state_get
                0x00000000000294c8       0x1c _build/nrf52832_xxaa/boards.c.o
                0x00000000000294c8                bsp_board_button_state_get
 .text.bsp_board_pin_to_button_idx
                0x00000000000294e4       0x24 _build/nrf52832_xxaa/boards.c.o
                0x00000000000294e4                bsp_board_pin_to_button_idx
 .text.bsp_board_button_idx_to_pin
                0x0000000000029508        0xc _build/nrf52832_xxaa/boards.c.o
                0x0000000000029508                bsp_board_button_idx_to_pin
 .text.bsp_board_init
                0x0000000000029514       0x5c _build/nrf52832_xxaa/boards.c.o
                0x0000000000029514                bsp_board_init
 .text.clock_irq_handler
                0x0000000000029570       0x44 _build/nrf52832_xxaa/nrf_drv_clock.c.o
 .text.soc_evt_handler
                0x00000000000295b4       0x28 _build/nrf52832_xxaa/nrf_drv_clock.c.o
 .text.sd_state_evt_handler
                0x00000000000295dc       0xa0 _build/nrf52832_xxaa/nrf_drv_clock.c.o
 .text.uarte_evt_handler
                0x000000000002967c       0x34 _build/nrf52832_xxaa/nrf_drv_uart.c.o
 .text.uart_evt_handler
                0x00000000000296b0       0x34 _build/nrf52832_xxaa/nrf_drv_uart.c.o
 .text.nrf_drv_uart_init
                0x00000000000296e4       0x80 _build/nrf52832_xxaa/nrf_drv_uart.c.o
                0x00000000000296e4                nrf_drv_uart_init
 .text.twim_evt_handler
                0x0000000000029764       0x48 _build/nrf52832_xxaa/nrf_drv_twi.c.o
 .text.nrf_drv_twi_init
                0x00000000000297ac       0xfc _build/nrf52832_xxaa/nrf_drv_twi.c.o
                0x00000000000297ac                nrf_drv_twi_init
 .text.nrfx_clock_init
                0x00000000000298a8       0x1c _build/nrf52832_xxaa/nrfx_clock.c.o
                0x00000000000298a8                nrfx_clock_init
 .text.nrfx_clock_enable
                0x00000000000298c4       0x28 _build/nrf52832_xxaa/nrfx_clock.c.o
                0x00000000000298c4                nrfx_clock_enable
 .text.nrfx_clock_lfclk_stop
                0x00000000000298ec       0x18 _build/nrf52832_xxaa/nrfx_clock.c.o
                0x00000000000298ec                nrfx_clock_lfclk_stop
 .text.POWER_CLOCK_IRQHandler
                0x0000000000029904       0x64 _build/nrf52832_xxaa/nrfx_clock.c.o
                0x0000000000029904                POWER_CLOCK_IRQHandler
 .text.SPIM0_SPIS0_TWIM0_TWIS0_SPI0_TWI0_IRQHandler
                0x0000000000029968      0x178 _build/nrf52832_xxaa/nrfx_twim.c.o
                0x0000000000029968                SPIM0_SPIS0_TWIM0_TWIS0_SPI0_TWI0_IRQHandler
 .text.nrfx_twim_init
                0x0000000000029ae0       0xfc _build/nrf52832_xxaa/nrfx_twim.c.o
                0x0000000000029ae0                nrfx_twim_init
 .text.nrfx_twim_uninit
                0x0000000000029bdc       0xac _build/nrf52832_xxaa/nrfx_twim.c.o
                0x0000000000029bdc                nrfx_twim_uninit
 .text.nrfx_twim_enable
                0x0000000000029c88       0x20 _build/nrf52832_xxaa/nrfx_twim.c.o
                0x0000000000029c88                nrfx_twim_enable
 .text.nrfx_twim_tx
                0x0000000000029ca8      0x184 _build/nrf52832_xxaa/nrfx_twim.c.o
                0x0000000000029ca8                nrfx_twim_tx
 .text.nrfx_twim_rx
                0x0000000000029e2c      0x154 _build/nrf52832_xxaa/nrfx_twim.c.o
                0x0000000000029e2c                nrfx_twim_rx
 .text.nrfx_gpiote_init
                0x0000000000029f80       0x8c _build/nrf52832_xxaa/nrfx_gpiote.c.o
                0x0000000000029f80                nrfx_gpiote_init
 .text.nrfx_gpiote_is_init
                0x000000000002a00c       0x14 _build/nrf52832_xxaa/nrfx_gpiote.c.o
                0x000000000002a00c                nrfx_gpiote_is_init
 .text.nrfx_gpiote_in_init
                0x000000000002a020      0x1bc _build/nrf52832_xxaa/nrfx_gpiote.c.o
                0x000000000002a020                nrfx_gpiote_in_init
 .text.nrfx_gpiote_in_event_enable
                0x000000000002a1dc       0xc4 _build/nrf52832_xxaa/nrfx_gpiote.c.o
                0x000000000002a1dc                nrfx_gpiote_in_event_enable
 .text.nrfx_gpiote_in_is_set
                0x000000000002a2a0       0x14 _build/nrf52832_xxaa/nrfx_gpiote.c.o
                0x000000000002a2a0                nrfx_gpiote_in_is_set
 .text.GPIOTE_IRQHandler
                0x000000000002a2b4      0x548 _build/nrf52832_xxaa/nrfx_gpiote.c.o
                0x000000000002a2b4                GPIOTE_IRQHandler
 .text.UARTE0_UART0_IRQHandler
                0x000000000002a7fc        0xc _build/nrf52832_xxaa/nrfx_prs.c.o
                0x000000000002a7fc                UARTE0_UART0_IRQHandler
 .text.nrfx_prs_acquire
                0x000000000002a808       0x4c _build/nrf52832_xxaa/nrfx_prs.c.o
                0x000000000002a808                nrfx_prs_acquire
 .text.nrfx_prs_release
                0x000000000002a854       0x18 _build/nrf52832_xxaa/nrfx_prs.c.o
                0x000000000002a854                nrfx_prs_release
 .text.nrfx_uart_0_irq_handler
                0x000000000002a86c      0x1bc _build/nrf52832_xxaa/nrfx_uart.c.o
                0x000000000002a86c                nrfx_uart_0_irq_handler
 .text.nrfx_uart_init
                0x000000000002aa28      0x1a4 _build/nrf52832_xxaa/nrfx_uart.c.o
                0x000000000002aa28                nrfx_uart_init
 .text.nrfx_uart_tx
                0x000000000002abcc       0xcc _build/nrf52832_xxaa/nrfx_uart.c.o
                0x000000000002abcc                nrfx_uart_tx
 .text.nrfx_uart_tx_in_progress
                0x000000000002ac98       0x18 _build/nrf52832_xxaa/nrfx_uart.c.o
                0x000000000002ac98                nrfx_uart_tx_in_progress
 .text.nrfx_uart_rx
                0x000000000002acb0      0x14c _build/nrf52832_xxaa/nrfx_uart.c.o
                0x000000000002acb0                nrfx_uart_rx
 .text.nrfx_uarte_0_irq_handler
                0x000000000002adfc      0x128 _build/nrf52832_xxaa/nrfx_uarte.c.o
                0x000000000002adfc                nrfx_uarte_0_irq_handler
 .text.nrfx_uarte_init
                0x000000000002af24      0x1c4 _build/nrf52832_xxaa/nrfx_uarte.c.o
                0x000000000002af24                nrfx_uarte_init
 .text.nrfx_uarte_tx
                0x000000000002b0e8       0xa0 _build/nrf52832_xxaa/nrfx_uarte.c.o
                0x000000000002b0e8                nrfx_uarte_tx
 .text.nrfx_uarte_tx_in_progress
                0x000000000002b188       0x1c _build/nrf52832_xxaa/nrfx_uarte.c.o
                0x000000000002b188                nrfx_uarte_tx_in_progress
 .text.nrfx_uarte_rx
                0x000000000002b1a4      0x12c _build/nrf52832_xxaa/nrfx_uarte.c.o
                0x000000000002b1a4                nrfx_uarte_rx
 .text.alert_timer_handler
                0x000000000002b2d0        0x8 _build/nrf52832_xxaa/bsp.c.o
 .text.bsp_button_event_handler
                0x000000000002b2d8       0xa0 _build/nrf52832_xxaa/bsp.c.o
 .text.button_timer_handler
                0x000000000002b378       0x30 _build/nrf52832_xxaa/bsp.c.o
 .text.leds_timer_handler
                0x000000000002b3a8      0x2e4 _build/nrf52832_xxaa/bsp.c.o
 .text.bsp_button_is_pressed
                0x000000000002b68c        0xc _build/nrf52832_xxaa/bsp.c.o
                0x000000000002b68c                bsp_button_is_pressed
 .text.bsp_indication_set
                0x000000000002b698      0x328 _build/nrf52832_xxaa/bsp.c.o
                0x000000000002b698                bsp_indication_set
 .text.bsp_init
                0x000000000002b9c0       0xbc _build/nrf52832_xxaa/bsp.c.o
                0x000000000002b9c0                bsp_init
 .text.bsp_event_to_button_action_assign
                0x000000000002ba7c       0x50 _build/nrf52832_xxaa/bsp.c.o
                0x000000000002ba7c                bsp_event_to_button_action_assign
 .text.bsp_wakeup_button_enable
                0x000000000002bacc       0x30 _build/nrf52832_xxaa/bsp.c.o
                0x000000000002bacc                bsp_wakeup_button_enable
 .text.ble_evt_handler
                0x000000000002bafc       0xac _build/nrf52832_xxaa/bsp_btn_ble.c.o
 .text.bsp_btn_ble_sleep_mode_prepare
                0x000000000002bba8       0x24 _build/nrf52832_xxaa/bsp_btn_ble.c.o
                0x000000000002bba8                bsp_btn_ble_sleep_mode_prepare
 .text.bsp_btn_ble_init
                0x000000000002bbcc       0x6c _build/nrf52832_xxaa/bsp_btn_ble.c.o
                0x000000000002bbcc                bsp_btn_ble_init
 .text.sd_ble_gap_disconnect
                0x000000000002bc38        0x4 _build/nrf52832_xxaa/main.c.o
 .text.sd_ble_gap_ppcp_set
                0x000000000002bc3c        0x4 _build/nrf52832_xxaa/main.c.o
 .text.sd_ble_gap_device_name_set
                0x000000000002bc40        0x4 _build/nrf52832_xxaa/main.c.o
 .text.sd_ble_gap_sec_params_reply
                0x000000000002bc44        0x4 _build/nrf52832_xxaa/main.c.o
 .text.sd_ble_gap_phy_update
                0x000000000002bc48        0x4 _build/nrf52832_xxaa/main.c.o
 .text.sd_ble_gatts_sys_attr_set
                0x000000000002bc4c        0x4 _build/nrf52832_xxaa/main.c.o
 .text.sd_power_system_off
                0x000000000002bc50        0x4 _build/nrf52832_xxaa/main.c.o
 .text.gatt_evt_handler
                0x000000000002bc54       0x64 _build/nrf52832_xxaa/main.c.o
                0x000000000002bc54                gatt_evt_handler
 .text.nrf_qwr_error_handler
                0x000000000002bcb8        0x4 _build/nrf52832_xxaa/main.c.o
 .text.lis3dh_handler
                0x000000000002bcbc       0x34 _build/nrf52832_xxaa/main.c.o
 .text.ble_evt_handler
                0x000000000002bcf0      0x120 _build/nrf52832_xxaa/main.c.o
 .text.on_conn_params_evt
                0x000000000002be10       0x24 _build/nrf52832_xxaa/main.c.o
 .text.bsp_event_handler
                0x000000000002be34       0x70 _build/nrf52832_xxaa/main.c.o
                0x000000000002be34                bsp_event_handler
 .text.uart_event_handle
                0x000000000002bea4       0xb4 _build/nrf52832_xxaa/main.c.o
                0x000000000002bea4                uart_event_handle
 .text.nus_data_handler
                0x000000000002bf58       0xa0 _build/nrf52832_xxaa/main.c.o
 .text.conn_params_error_handler
                0x000000000002bff8        0x4 _build/nrf52832_xxaa/main.c.o
 .text.on_adv_evt
                0x000000000002bffc       0x40 _build/nrf52832_xxaa/main.c.o
 .text.gatt_init
                0x000000000002c03c       0x30 _build/nrf52832_xxaa/main.c.o
                0x000000000002c03c                gatt_init
 .text.startup.main
                0x000000000002c06c      0x3e0 _build/nrf52832_xxaa/main.c.o
                0x000000000002c06c                main
 .text.SEGGER_RTT_WriteNoLock
                0x000000000002c44c      0x168 _build/nrf52832_xxaa/SEGGER_RTT.c.o
                0x000000000002c44c                SEGGER_RTT_WriteNoLock
 .text.SEGGER_RTT_Init
                0x000000000002c5b4       0x60 _build/nrf52832_xxaa/SEGGER_RTT.c.o
                0x000000000002c5b4                SEGGER_RTT_Init
 .text.sd_ble_gap_addr_get
                0x000000000002c614        0x4 _build/nrf52832_xxaa/ble_advdata.c.o
 .text.sd_ble_gap_appearance_get
                0x000000000002c618        0x4 _build/nrf52832_xxaa/ble_advdata.c.o
 .text.sd_ble_gap_device_name_get
                0x000000000002c61c        0x4 _build/nrf52832_xxaa/ble_advdata.c.o
 .text.sd_ble_uuid_encode
                0x000000000002c620        0x4 _build/nrf52832_xxaa/ble_advdata.c.o
 .text.uuid_list_sized_encode
                0x000000000002c624       0xb4 _build/nrf52832_xxaa/ble_advdata.c.o
 .text.ble_advdata_encode
                0x000000000002c6d8      0x3f8 _build/nrf52832_xxaa/ble_advdata.c.o
                0x000000000002c6d8                ble_advdata_encode
 .text.ble_advdata_parse
                0x000000000002cad0       0x4c _build/nrf52832_xxaa/ble_advdata.c.o
                0x000000000002cad0                ble_advdata_parse
 .text.sd_ble_gap_adv_set_configure
                0x000000000002cb1c        0x4 _build/nrf52832_xxaa/ble_advertising.c.o
 .text.sd_ble_gap_adv_start
                0x000000000002cb20        0x4 _build/nrf52832_xxaa/ble_advertising.c.o
 .text.sd_ble_gap_adv_stop
                0x000000000002cb24        0x4 _build/nrf52832_xxaa/ble_advertising.c.o
 .text.ble_advertising_start.part.3
                0x000000000002cb28      0x2d0 _build/nrf52832_xxaa/ble_advertising.c.o
 .text.ble_advertising_conn_cfg_tag_set
                0x000000000002cdf8        0x8 _build/nrf52832_xxaa/ble_advertising.c.o
                0x000000000002cdf8                ble_advertising_conn_cfg_tag_set
 .text.ble_advertising_init
                0x000000000002ce00       0xec _build/nrf52832_xxaa/ble_advertising.c.o
                0x000000000002ce00                ble_advertising_init
 .text.ble_advertising_start
                0x000000000002ceec      0x2d8 _build/nrf52832_xxaa/ble_advertising.c.o
                0x000000000002ceec                ble_advertising_start
 .text.ble_advertising_on_ble_evt
                0x000000000002d1c4       0x98 _build/nrf52832_xxaa/ble_advertising.c.o
                0x000000000002d1c4                ble_advertising_on_ble_evt
 .text.ble_advertising_on_sys_evt
                0x000000000002d25c       0x44 _build/nrf52832_xxaa/ble_advertising.c.o
                0x000000000002d25c                ble_advertising_on_sys_evt
 .text.ble_advertising_restart_without_whitelist
                0x000000000002d2a0       0x78 _build/nrf52832_xxaa/ble_advertising.c.o
                0x000000000002d2a0                ble_advertising_restart_without_whitelist
 .text.sd_ble_gap_conn_param_update
                0x000000000002d318        0x4 _build/nrf52832_xxaa/ble_conn_params.c.o
 .text.sd_ble_gap_disconnect
                0x000000000002d31c        0x4 _build/nrf52832_xxaa/ble_conn_params.c.o
 .text.sd_ble_gap_ppcp_set
                0x000000000002d320        0x4 _build/nrf52832_xxaa/ble_conn_params.c.o
 .text.sd_ble_gap_ppcp_get
                0x000000000002d324        0x4 _build/nrf52832_xxaa/ble_conn_params.c.o
 .text.update_timeout_handler
                0x000000000002d328       0x80 _build/nrf52832_xxaa/ble_conn_params.c.o
 .text.ble_evt_handler
                0x000000000002d3a8      0x1d4 _build/nrf52832_xxaa/ble_conn_params.c.o
 .text.ble_conn_params_init
                0x000000000002d57c       0x7c _build/nrf52832_xxaa/ble_conn_params.c.o
                0x000000000002d57c                ble_conn_params_init
 .text.ble_evt_handler
                0x000000000002d5f8      0x124 _build/nrf52832_xxaa/ble_conn_state.c.o
 .text.ble_conn_state_conn_idx
                0x000000000002d71c       0x24 _build/nrf52832_xxaa/ble_conn_state.c.o
                0x000000000002d71c                ble_conn_state_conn_idx
 .text.blcm_link_ctx_get
                0x000000000002d740       0x4c _build/nrf52832_xxaa/ble_link_ctx_manager.c.o
                0x000000000002d740                blcm_link_ctx_get
 .text.ble_srv_is_notification_enabled
                0x000000000002d78c        0x8 _build/nrf52832_xxaa/ble_srv_common.c.o
                0x000000000002d78c                ble_srv_is_notification_enabled
 .text.sd_ble_gap_data_length_update
                0x000000000002d794        0x4 _build/nrf52832_xxaa/nrf_ble_gatt.c.o
 .text.sd_ble_gattc_exchange_mtu_request
                0x000000000002d798        0x4 _build/nrf52832_xxaa/nrf_ble_gatt.c.o
 .text.sd_ble_gatts_exchange_mtu_reply
                0x000000000002d79c        0x4 _build/nrf52832_xxaa/nrf_ble_gatt.c.o
 .text.data_length_update
                0x000000000002d7a0       0xa4 _build/nrf52832_xxaa/nrf_ble_gatt.c.o
 .text.nrf_ble_gatt_init
                0x000000000002d844       0x30 _build/nrf52832_xxaa/nrf_ble_gatt.c.o
                0x000000000002d844                nrf_ble_gatt_init
 .text.nrf_ble_gatt_att_mtu_periph_set
                0x000000000002d874       0x18 _build/nrf52832_xxaa/nrf_ble_gatt.c.o
                0x000000000002d874                nrf_ble_gatt_att_mtu_periph_set
 .text.nrf_ble_gatt_on_ble_evt
                0x000000000002d88c      0x2d4 _build/nrf52832_xxaa/nrf_ble_gatt.c.o
                0x000000000002d88c                nrf_ble_gatt_on_ble_evt
 .text.sd_ble_gatts_rw_authorize_reply
                0x000000000002db60        0x4 _build/nrf52832_xxaa/nrf_ble_qwr.c.o
 .text.sd_ble_user_mem_reply
                0x000000000002db64        0x4 _build/nrf52832_xxaa/nrf_ble_qwr.c.o
 .text.nrf_ble_qwr_init
                0x000000000002db68       0x24 _build/nrf52832_xxaa/nrf_ble_qwr.c.o
                0x000000000002db68                nrf_ble_qwr_init
 .text.nrf_ble_qwr_conn_handle_assign
                0x000000000002db8c       0x18 _build/nrf52832_xxaa/nrf_ble_qwr.c.o
                0x000000000002db8c                nrf_ble_qwr_conn_handle_assign
 .text.nrf_ble_qwr_on_ble_evt
                0x000000000002dba4       0xf8 _build/nrf52832_xxaa/nrf_ble_qwr.c.o
                0x000000000002dba4                nrf_ble_qwr_on_ble_evt
 .text.sd_ble_gatts_service_add
                0x000000000002dc9c        0x4 _build/nrf52832_xxaa/ble_nus.c.o
 .text.sd_ble_gatts_characteristic_add
                0x000000000002dca0        0x4 _build/nrf52832_xxaa/ble_nus.c.o
 .text.sd_ble_gatts_value_get
                0x000000000002dca4        0x4 _build/nrf52832_xxaa/ble_nus.c.o
 .text.sd_ble_gatts_hvx
                0x000000000002dca8        0x4 _build/nrf52832_xxaa/ble_nus.c.o
 .text.sd_ble_uuid_vs_add
                0x000000000002dcac        0x4 _build/nrf52832_xxaa/ble_nus.c.o
 .text.ble_nus_on_ble_evt
                0x000000000002dcb0      0x13c _build/nrf52832_xxaa/ble_nus.c.o
                0x000000000002dcb0                ble_nus_on_ble_evt
 .text.ble_nus_init
                0x000000000002ddec      0x1c4 _build/nrf52832_xxaa/ble_nus.c.o
                0x000000000002ddec                ble_nus_init
 .text.ble_nus_data_send
                0x000000000002dfb0       0x68 _build/nrf52832_xxaa/ble_nus.c.o
                0x000000000002dfb0                ble_nus_data_send
 .text.sd_softdevice_enable
                0x000000000002e018        0x4 _build/nrf52832_xxaa/nrf_sdh.c.o
 .text.sd_softdevice_disable
                0x000000000002e01c        0x4 _build/nrf52832_xxaa/nrf_sdh.c.o
 .text.nrf_sdh_enable_request
                0x000000000002e020      0x120 _build/nrf52832_xxaa/nrf_sdh.c.o
                0x000000000002e020                nrf_sdh_enable_request
 .text.nrf_sdh_disable_request
                0x000000000002e140       0xe0 _build/nrf52832_xxaa/nrf_sdh.c.o
                0x000000000002e140                nrf_sdh_disable_request
 .text.nrf_sdh_request_continue
                0x000000000002e220       0x20 _build/nrf52832_xxaa/nrf_sdh.c.o
                0x000000000002e220                nrf_sdh_request_continue
 .text.nrf_sdh_is_enabled
                0x000000000002e240        0xc _build/nrf52832_xxaa/nrf_sdh.c.o
                0x000000000002e240                nrf_sdh_is_enabled
 .text.SWI2_EGU2_IRQHandler
                0x000000000002e24c       0x2c _build/nrf52832_xxaa/nrf_sdh.c.o
                0x000000000002e24c                SWI2_EGU2_IRQHandler
 .text.sd_ble_enable
                0x000000000002e278        0x4 _build/nrf52832_xxaa/nrf_sdh_ble.c.o
 .text.sd_ble_cfg_set
                0x000000000002e27c        0x4 _build/nrf52832_xxaa/nrf_sdh_ble.c.o
 .text.sd_ble_evt_get
                0x000000000002e280        0x4 _build/nrf52832_xxaa/nrf_sdh_ble.c.o
 .text.nrf_sdh_ble_evts_poll.part.1
                0x000000000002e284       0x54 _build/nrf52832_xxaa/nrf_sdh_ble.c.o
 .text.nrf_sdh_ble_evts_poll
                0x000000000002e2d8       0x10 _build/nrf52832_xxaa/nrf_sdh_ble.c.o
 .text.nrf_sdh_ble_default_cfg_set
                0x000000000002e2e8      0x1ac _build/nrf52832_xxaa/nrf_sdh_ble.c.o
                0x000000000002e2e8                nrf_sdh_ble_default_cfg_set
 .text.nrf_sdh_ble_enable
                0x000000000002e494       0x9c _build/nrf52832_xxaa/nrf_sdh_ble.c.o
                0x000000000002e494                nrf_sdh_ble_enable
 .text.sd_evt_get
                0x000000000002e530        0x4 _build/nrf52832_xxaa/nrf_sdh_soc.c.o
 .text.nrf_sdh_soc_evts_poll
                0x000000000002e534       0x4c _build/nrf52832_xxaa/nrf_sdh_soc.c.o
 .text.lis3dh_twi_init
                0x000000000002e580       0x28 _build/nrf52832_xxaa/lis3dh.c.o
                0x000000000002e580                lis3dh_twi_init
 .text.get_lis3dh_data
                0x000000000002e5a8       0x94 _build/nrf52832_xxaa/lis3dh.c.o
                0x000000000002e5a8                get_lis3dh_data
 .text.LIS3DH_SetMode
                0x000000000002e63c       0xc0 _build/nrf52832_xxaa/lis3dh.c.o
                0x000000000002e63c                LIS3DH_SetMode
 .text.LIS3DH_SetInt6D4DConfiguration
                0x000000000002e6fc       0xb8 _build/nrf52832_xxaa/lis3dh.c.o
                0x000000000002e6fc                LIS3DH_SetInt6D4DConfiguration
 .text.lis3dh_init
                0x000000000002e7b4      0x1c8 _build/nrf52832_xxaa/lis3dh.c.o
                0x000000000002e7b4                lis3dh_init
 .text.nrf_drv_twi_event_handler
                0x000000000002e97c       0x2c _build/nrf52832_xxaa/hal_i2c.c.o
 .text.rak_i2c_init
                0x000000000002e9a8       0x28 _build/nrf52832_xxaa/hal_i2c.c.o
                0x000000000002e9a8                rak_i2c_init
 .text.rak_i2c_write
                0x000000000002e9d0       0x58 _build/nrf52832_xxaa/hal_i2c.c.o
                0x000000000002e9d0                rak_i2c_write
 .text.rak_i2c_read
                0x000000000002ea28       0x78 _build/nrf52832_xxaa/hal_i2c.c.o
                0x000000000002ea28                rak_i2c_read
 .text.rak_i2c_deinit
                0x000000000002eaa0        0xc _build/nrf52832_xxaa/hal_i2c.c.o
                0x000000000002eaa0                rak_i2c_deinit
 .text.exit     0x000000000002eaac       0x28 /Users/admin/CMMC/gcc-arm-none-eabi/bin/../lib/gcc/arm-none-eabi/7.2.1/../../../../arm-none-eabi/lib/thumb/v7e-m/fpv4-sp/hard/libc_nano.a(lib_a-exit.o)
                0x000000000002eaac                exit
 .text.__libc_init_array
                0x000000000002ead4       0x48 /Users/admin/CMMC/gcc-arm-none-eabi/bin/../lib/gcc/arm-none-eabi/7.2.1/../../../../arm-none-eabi/lib/thumb/v7e-m/fpv4-sp/hard/libc_nano.a(lib_a-init.o)
                0x000000000002ead4                __libc_init_array
 .text.__locale_ctype_ptr
                0x000000000002eb1c       0x1c /Users/admin/CMMC/gcc-arm-none-eabi/bin/../lib/gcc/arm-none-eabi/7.2.1/../../../../arm-none-eabi/lib/thumb/v7e-m/fpv4-sp/hard/libc_nano.a(lib_a-locale.o)
                0x000000000002eb1c                __locale_ctype_ptr
 .text.__ascii_mbtowc
                0x000000000002eb38       0x24 /Users/admin/CMMC/gcc-arm-none-eabi/bin/../lib/gcc/arm-none-eabi/7.2.1/../../../../arm-none-eabi/lib/thumb/v7e-m/fpv4-sp/hard/libc_nano.a(lib_a-mbtowc_r.o)
                0x000000000002eb38                __ascii_mbtowc
 .text.memcpy   0x000000000002eb5c       0x16 /Users/admin/CMMC/gcc-arm-none-eabi/bin/../lib/gcc/arm-none-eabi/7.2.1/../../../../arm-none-eabi/lib/thumb/v7e-m/fpv4-sp/hard/libc_nano.a(lib_a-memcpy-stub.o)
                0x000000000002eb5c                memcpy
 .text.memset   0x000000000002eb72       0x10 /Users/admin/CMMC/gcc-arm-none-eabi/bin/../lib/gcc/arm-none-eabi/7.2.1/../../../../arm-none-eabi/lib/thumb/v7e-m/fpv4-sp/hard/libc_nano.a(lib_a-memset.o)
                0x000000000002eb72                memset
 *fill*         0x000000000002eb82        0x2 
 .text.printf   0x000000000002eb84       0x30 /Users/admin/CMMC/gcc-arm-none-eabi/bin/../lib/gcc/arm-none-eabi/7.2.1/../../../../arm-none-eabi/lib/thumb/v7e-m/fpv4-sp/hard/libc_nano.a(lib_a-printf.o)
                0x000000000002eb84                printf
                0x000000000002eb84                iprintf
 .text.strcpy   0x000000000002ebb4       0x10 /Users/admin/CMMC/gcc-arm-none-eabi/bin/../lib/gcc/arm-none-eabi/7.2.1/../../../../arm-none-eabi/lib/thumb/v7e-m/fpv4-sp/hard/libc_nano.a(lib_a-strcpy.o)
                0x000000000002ebb4                strcpy
 .text          0x000000000002ebc4       0x10 /Users/admin/CMMC/gcc-arm-none-eabi/bin/../lib/gcc/arm-none-eabi/7.2.1/../../../../arm-none-eabi/lib/thumb/v7e-m/fpv4-sp/hard/libc_nano.a(lib_a-strlen.o)
                0x000000000002ebc4                strlen
 .text.__ascii_wctomb
                0x000000000002ebd4       0x1a /Users/admin/CMMC/gcc-arm-none-eabi/bin/../lib/gcc/arm-none-eabi/7.2.1/../../../../arm-none-eabi/lib/thumb/v7e-m/fpv4-sp/hard/libc_nano.a(lib_a-wctomb_r.o)
                0x000000000002ebd4                __ascii_wctomb
 *fill*         0x000000000002ebee        0x2 
 .text.std      0x000000000002ebf0       0x48 /Users/admin/CMMC/gcc-arm-none-eabi/bin/../lib/gcc/arm-none-eabi/7.2.1/../../../../arm-none-eabi/lib/thumb/v7e-m/fpv4-sp/hard/libc_nano.a(lib_a-findfp.o)
 .text._cleanup_r
                0x000000000002ec38        0xc /Users/admin/CMMC/gcc-arm-none-eabi/bin/../lib/gcc/arm-none-eabi/7.2.1/../../../../arm-none-eabi/lib/thumb/v7e-m/fpv4-sp/hard/libc_nano.a(lib_a-findfp.o)
                0x000000000002ec38                _cleanup_r
 .text.__sfmoreglue
                0x000000000002ec44       0x2c /Users/admin/CMMC/gcc-arm-none-eabi/bin/../lib/gcc/arm-none-eabi/7.2.1/../../../../arm-none-eabi/lib/thumb/v7e-m/fpv4-sp/hard/libc_nano.a(lib_a-findfp.o)
                0x000000000002ec44                __sfmoreglue
 .text.__sinit  0x000000000002ec70       0x60 /Users/admin/CMMC/gcc-arm-none-eabi/bin/../lib/gcc/arm-none-eabi/7.2.1/../../../../arm-none-eabi/lib/thumb/v7e-m/fpv4-sp/hard/libc_nano.a(lib_a-findfp.o)
                0x000000000002ec70                __sinit
 .text.__sfp    0x000000000002ecd0       0x78 /Users/admin/CMMC/gcc-arm-none-eabi/bin/../lib/gcc/arm-none-eabi/7.2.1/../../../../arm-none-eabi/lib/thumb/v7e-m/fpv4-sp/hard/libc_nano.a(lib_a-findfp.o)
                0x000000000002ecd0                __sfp
 .text._fwalk_reent
                0x000000000002ed48       0x3c /Users/admin/CMMC/gcc-arm-none-eabi/bin/../lib/gcc/arm-none-eabi/7.2.1/../../../../arm-none-eabi/lib/thumb/v7e-m/fpv4-sp/hard/libc_nano.a(lib_a-fwalk.o)
                0x000000000002ed48                _fwalk_reent
 .text._malloc_r
                0x000000000002ed84       0xb4 /Users/admin/CMMC/gcc-arm-none-eabi/bin/../lib/gcc/arm-none-eabi/7.2.1/../../../../arm-none-eabi/lib/thumb/v7e-m/fpv4-sp/hard/libc_nano.a(lib_a-nano-mallocr.o)
                0x000000000002ed84                _malloc_r
 .text.__sfputc_r
                0x000000000002ee38       0x2e /Users/admin/CMMC/gcc-arm-none-eabi/bin/../lib/gcc/arm-none-eabi/7.2.1/../../../../arm-none-eabi/lib/thumb/v7e-m/fpv4-sp/hard/libc_nano.a(lib_a-nano-vfprintf.o)
 .text.__sfputs_r
                0x000000000002ee66       0x24 /Users/admin/CMMC/gcc-arm-none-eabi/bin/../lib/gcc/arm-none-eabi/7.2.1/../../../../arm-none-eabi/lib/thumb/v7e-m/fpv4-sp/hard/libc_nano.a(lib_a-nano-vfprintf.o)
                0x000000000002ee66                __sfputs_r
 *fill*         0x000000000002ee8a        0x2 
 .text._vfprintf_r
                0x000000000002ee8c      0x228 /Users/admin/CMMC/gcc-arm-none-eabi/bin/../lib/gcc/arm-none-eabi/7.2.1/../../../../arm-none-eabi/lib/thumb/v7e-m/fpv4-sp/hard/libc_nano.a(lib_a-nano-vfprintf.o)
                0x000000000002ee8c                _vfiprintf_r
                0x000000000002ee8c                _vfprintf_r
 .text._printf_common
                0x000000000002f0b4       0xea /Users/admin/CMMC/gcc-arm-none-eabi/bin/../lib/gcc/arm-none-eabi/7.2.1/../../../../arm-none-eabi/lib/thumb/v7e-m/fpv4-sp/hard/libc_nano.a(lib_a-nano-vfprintf_i.o)
                0x000000000002f0b4                _printf_common
 *fill*         0x000000000002f19e        0x2 
 .text._printf_i
                0x000000000002f1a0      0x224 /Users/admin/CMMC/gcc-arm-none-eabi/bin/../lib/gcc/arm-none-eabi/7.2.1/../../../../arm-none-eabi/lib/thumb/v7e-m/fpv4-sp/hard/libc_nano.a(lib_a-nano-vfprintf_i.o)
                0x000000000002f1a0                _printf_i
 .text._sbrk_r  0x000000000002f3c4       0x20 /Users/admin/CMMC/gcc-arm-none-eabi/bin/../lib/gcc/arm-none-eabi/7.2.1/../../../../arm-none-eabi/lib/thumb/v7e-m/fpv4-sp/hard/libc_nano.a(lib_a-sbrkr.o)
                0x000000000002f3c4                _sbrk_r
 .text.__sread  0x000000000002f3e4       0x22 /Users/admin/CMMC/gcc-arm-none-eabi/bin/../lib/gcc/arm-none-eabi/7.2.1/../../../../arm-none-eabi/lib/thumb/v7e-m/fpv4-sp/hard/libc_nano.a(lib_a-stdio.o)
                0x000000000002f3e4                __sread
 .text.__swrite
                0x000000000002f406       0x38 /Users/admin/CMMC/gcc-arm-none-eabi/bin/../lib/gcc/arm-none-eabi/7.2.1/../../../../arm-none-eabi/lib/thumb/v7e-m/fpv4-sp/hard/libc_nano.a(lib_a-stdio.o)
                0x000000000002f406                __swrite
 .text.__sseek  0x000000000002f43e       0x24 /Users/admin/CMMC/gcc-arm-none-eabi/bin/../lib/gcc/arm-none-eabi/7.2.1/../../../../arm-none-eabi/lib/thumb/v7e-m/fpv4-sp/hard/libc_nano.a(lib_a-stdio.o)
                0x000000000002f43e                __sseek
 .text.__sclose
                0x000000000002f462        0x8 /Users/admin/CMMC/gcc-arm-none-eabi/bin/../lib/gcc/arm-none-eabi/7.2.1/../../../../arm-none-eabi/lib/thumb/v7e-m/fpv4-sp/hard/libc_nano.a(lib_a-stdio.o)
                0x000000000002f462                __sclose
 *fill*         0x000000000002f46a        0x2 
 .text.__swbuf_r
                0x000000000002f46c       0xa4 /Users/admin/CMMC/gcc-arm-none-eabi/bin/../lib/gcc/arm-none-eabi/7.2.1/../../../../arm-none-eabi/lib/thumb/v7e-m/fpv4-sp/hard/libc_nano.a(lib_a-wbuf.o)
                0x000000000002f46c                __swbuf_r
 .text._write_r
                0x000000000002f510       0x24 /Users/admin/CMMC/gcc-arm-none-eabi/bin/../lib/gcc/arm-none-eabi/7.2.1/../../../../arm-none-eabi/lib/thumb/v7e-m/fpv4-sp/hard/libc_nano.a(lib_a-writer.o)
                0x000000000002f510                _write_r
 .text.__swsetup_r
                0x000000000002f534       0xdc /Users/admin/CMMC/gcc-arm-none-eabi/bin/../lib/gcc/arm-none-eabi/7.2.1/../../../../arm-none-eabi/lib/thumb/v7e-m/fpv4-sp/hard/libc_nano.a(lib_a-wsetup.o)
                0x000000000002f534                __swsetup_r
 .text._close_r
                0x000000000002f610       0x20 /Users/admin/CMMC/gcc-arm-none-eabi/bin/../lib/gcc/arm-none-eabi/7.2.1/../../../../arm-none-eabi/lib/thumb/v7e-m/fpv4-sp/hard/libc_nano.a(lib_a-closer.o)
                0x000000000002f610                _close_r
 .text.__sflush_r
                0x000000000002f630      0x10c /Users/admin/CMMC/gcc-arm-none-eabi/bin/../lib/gcc/arm-none-eabi/7.2.1/../../../../arm-none-eabi/lib/thumb/v7e-m/fpv4-sp/hard/libc_nano.a(lib_a-fflush.o)
                0x000000000002f630                __sflush_r
 .text._fflush_r
                0x000000000002f73c       0x54 /Users/admin/CMMC/gcc-arm-none-eabi/bin/../lib/gcc/arm-none-eabi/7.2.1/../../../../arm-none-eabi/lib/thumb/v7e-m/fpv4-sp/hard/libc_nano.a(lib_a-fflush.o)
                0x000000000002f73c                _fflush_r
 .text._lseek_r
                0x000000000002f790       0x24 /Users/admin/CMMC/gcc-arm-none-eabi/bin/../lib/gcc/arm-none-eabi/7.2.1/../../../../arm-none-eabi/lib/thumb/v7e-m/fpv4-sp/hard/libc_nano.a(lib_a-lseekr.o)
                0x000000000002f790                _lseek_r
 .text.__swhatbuf_r
                0x000000000002f7b4       0x48 /Users/admin/CMMC/gcc-arm-none-eabi/bin/../lib/gcc/arm-none-eabi/7.2.1/../../../../arm-none-eabi/lib/thumb/v7e-m/fpv4-sp/hard/libc_nano.a(lib_a-makebuf.o)
                0x000000000002f7b4                __swhatbuf_r
 .text.__smakebuf_r
                0x000000000002f7fc       0x80 /Users/admin/CMMC/gcc-arm-none-eabi/bin/../lib/gcc/arm-none-eabi/7.2.1/../../../../arm-none-eabi/lib/thumb/v7e-m/fpv4-sp/hard/libc_nano.a(lib_a-makebuf.o)
                0x000000000002f7fc                __smakebuf_r
 *fill*         0x000000000002f87c        0x4 
 .text          0x000000000002f880       0xa0 /Users/admin/CMMC/gcc-arm-none-eabi/bin/../lib/gcc/arm-none-eabi/7.2.1/../../../../arm-none-eabi/lib/thumb/v7e-m/fpv4-sp/hard/libc_nano.a(lib_a-memchr.o)
                0x000000000002f880                memchr
 .text.__malloc_lock
                0x000000000002f920        0x2 /Users/admin/CMMC/gcc-arm-none-eabi/bin/../lib/gcc/arm-none-eabi/7.2.1/../../../../arm-none-eabi/lib/thumb/v7e-m/fpv4-sp/hard/libc_nano.a(lib_a-mlock.o)
                0x000000000002f920                __malloc_lock
 .text.__malloc_unlock
                0x000000000002f922        0x2 /Users/admin/CMMC/gcc-arm-none-eabi/bin/../lib/gcc/arm-none-eabi/7.2.1/../../../../arm-none-eabi/lib/thumb/v7e-m/fpv4-sp/hard/libc_nano.a(lib_a-mlock.o)
                0x000000000002f922                __malloc_unlock
 .text._free_r  0x000000000002f924       0x9c /Users/admin/CMMC/gcc-arm-none-eabi/bin/../lib/gcc/arm-none-eabi/7.2.1/../../../../arm-none-eabi/lib/thumb/v7e-m/fpv4-sp/hard/libc_nano.a(lib_a-nano-freer.o)
                0x000000000002f924                _free_r
 .text._read_r  0x000000000002f9c0       0x24 /Users/admin/CMMC/gcc-arm-none-eabi/bin/../lib/gcc/arm-none-eabi/7.2.1/../../../../arm-none-eabi/lib/thumb/v7e-m/fpv4-sp/hard/libc_nano.a(lib_a-readr.o)
                0x000000000002f9c0                _read_r
 .text._fstat_r
                0x000000000002f9e4       0x24 /Users/admin/CMMC/gcc-arm-none-eabi/bin/../lib/gcc/arm-none-eabi/7.2.1/../../../../arm-none-eabi/lib/thumb/v7e-m/fpv4-sp/hard/libc_nano.a(lib_a-fstatr.o)
                0x000000000002f9e4                _fstat_r
 .text._isatty_r
                0x000000000002fa08       0x20 /Users/admin/CMMC/gcc-arm-none-eabi/bin/../lib/gcc/arm-none-eabi/7.2.1/../../../../arm-none-eabi/lib/thumb/v7e-m/fpv4-sp/hard/libc_nano.a(lib_a-isattyr.o)
                0x000000000002fa08                _isatty_r
 .text._close   0x000000000002fa28       0x10 /Users/admin/CMMC/gcc-arm-none-eabi/bin/../lib/gcc/arm-none-eabi/7.2.1/../../../../arm-none-eabi/lib/thumb/v7e-m/fpv4-sp/hard/libnosys.a(close.o)
                0x000000000002fa28                _close
 .text._fstat   0x000000000002fa38       0x10 /Users/admin/CMMC/gcc-arm-none-eabi/bin/../lib/gcc/arm-none-eabi/7.2.1/../../../../arm-none-eabi/lib/thumb/v7e-m/fpv4-sp/hard/libnosys.a(fstat.o)
                0x000000000002fa38                _fstat
 .text._isatty  0x000000000002fa48       0x10 /Users/admin/CMMC/gcc-arm-none-eabi/bin/../lib/gcc/arm-none-eabi/7.2.1/../../../../arm-none-eabi/lib/thumb/v7e-m/fpv4-sp/hard/libnosys.a(isatty.o)
                0x000000000002fa48                _isatty
 .text._lseek   0x000000000002fa58       0x10 /Users/admin/CMMC/gcc-arm-none-eabi/bin/../lib/gcc/arm-none-eabi/7.2.1/../../../../arm-none-eabi/lib/thumb/v7e-m/fpv4-sp/hard/libnosys.a(lseek.o)
                0x000000000002fa58                _lseek
 .text._sbrk    0x000000000002fa68       0x1c /Users/admin/CMMC/gcc-arm-none-eabi/bin/../lib/gcc/arm-none-eabi/7.2.1/../../../../arm-none-eabi/lib/thumb/v7e-m/fpv4-sp/hard/libnosys.a(sbrk.o)
                0x000000000002fa68                _sbrk
 .text._exit    0x000000000002fa84        0x4 /Users/admin/CMMC/gcc-arm-none-eabi/bin/../lib/gcc/arm-none-eabi/7.2.1/../../../../arm-none-eabi/lib/thumb/v7e-m/fpv4-sp/hard/libnosys.a(_exit.o)
                0x000000000002fa84                _exit
 .text          0x000000000002fa88       0x30 /Users/admin/CMMC/gcc-arm-none-eabi/bin/../lib/gcc/arm-none-eabi/7.2.1/thumb/v7e-m/fpv4-sp/hard/libgcc.a(_aeabi_uldivmod.o)
                0x000000000002fa88                __aeabi_uldivmod
 .text          0x000000000002fab8      0x2cc /Users/admin/CMMC/gcc-arm-none-eabi/bin/../lib/gcc/arm-none-eabi/7.2.1/thumb/v7e-m/fpv4-sp/hard/libgcc.a(_udivmoddi4.o)
                0x000000000002fab8                __udivmoddi4
 .text          0x000000000002fd84        0x4 /Users/admin/CMMC/gcc-arm-none-eabi/bin/../lib/gcc/arm-none-eabi/7.2.1/thumb/v7e-m/fpv4-sp/hard/libgcc.a(_dvmd_tls.o)
                0x000000000002fd84                __aeabi_ldiv0
                0x000000000002fd84                __aeabi_idiv0
 *(.init)
 .init          0x000000000002fd88        0x4 /Users/admin/CMMC/gcc-arm-none-eabi/bin/../lib/gcc/arm-none-eabi/7.2.1/thumb/v7e-m/fpv4-sp/hard/crti.o
                0x000000000002fd88                _init
 .init          0x000000000002fd8c        0x8 /Users/admin/CMMC/gcc-arm-none-eabi/bin/../lib/gcc/arm-none-eabi/7.2.1/thumb/v7e-m/fpv4-sp/hard/crtn.o
 *(.fini)
 .fini          0x000000000002fd94        0x4 /Users/admin/CMMC/gcc-arm-none-eabi/bin/../lib/gcc/arm-none-eabi/7.2.1/thumb/v7e-m/fpv4-sp/hard/crti.o
                0x000000000002fd94                _fini
 .fini          0x000000000002fd98        0x8 /Users/admin/CMMC/gcc-arm-none-eabi/bin/../lib/gcc/arm-none-eabi/7.2.1/thumb/v7e-m/fpv4-sp/hard/crtn.o
 *crtbegin.o(.ctors)
 *crtbegin?.o(.ctors)
 *(EXCLUDE_FILE(*crtend.o *crtend?.o) .ctors)
 *(SORT_BY_NAME(.ctors.*))
 *(.ctors)
 *crtbegin.o(.dtors)
 *crtbegin?.o(.dtors)
 *(EXCLUDE_FILE(*crtend.o *crtend?.o) .dtors)
 *(SORT_BY_NAME(.dtors.*))
 *(.dtors)
 *(.rodata*)
 .rodata.str1.4
                0x000000000002fda0        0x5 _build/nrf52832_xxaa/nrfx_spim.c.o
 *fill*         0x000000000002fda5        0xb 
 .rodata.delay_bytecode.8968
                0x000000000002fdb0        0x6 _build/nrf52832_xxaa/nrf_log_backend_rtt.c.o
 *fill*         0x000000000002fdb6        0x2 
 .rodata.nrf_log_backend_rtt_api
                0x000000000002fdb8        0xc _build/nrf52832_xxaa/nrf_log_backend_rtt.c.o
                0x000000000002fdb8                nrf_log_backend_rtt_api
 .rodata.nrf_log_frontend_dequeue.part.6.str1.4
                0x000000000002fdc4       0x11 _build/nrf52832_xxaa/nrf_log_frontend.c.o
 *fill*         0x000000000002fdd5        0x3 
 .rodata.str1.4
                0x000000000002fdd8       0x17 _build/nrf52832_xxaa/nrf_log_frontend.c.o
 *fill*         0x000000000002fdef        0x1 
 .rodata.m_colors
                0x000000000002fdf0       0x24 _build/nrf52832_xxaa/nrf_log_str_formatter.c.o
 .rodata.nrf_log_hexdump_entry_process.str1.4
                0x000000000002fe14       0x13 _build/nrf52832_xxaa/nrf_log_str_formatter.c.o
                                         0x16 (size before relaxing)
 *fill*         0x000000000002fe27        0x1 
 .rodata.nrf_log_std_entry_process.str1.4
                0x000000000002fe28       0x3b _build/nrf52832_xxaa/nrf_log_str_formatter.c.o
 *fill*         0x000000000002fe63        0x1 
 .rodata.severity_names
                0x000000000002fe64       0x14 _build/nrf52832_xxaa/nrf_log_str_formatter.c.o
 .rodata.str1.4
                0x000000000002fe78       0x56 _build/nrf52832_xxaa/nrf_log_str_formatter.c.o
 *fill*         0x000000000002fece        0x2 
 .rodata.m_detection_delay_timer_id
                0x000000000002fed0        0x4 _build/nrf52832_xxaa/app_button.c.o
 .rodata.app_error_fault_handler.str1.4
                0x000000000002fed4       0x19 _build/nrf52832_xxaa/app_error_weak.c.o
 *fill*         0x000000000002feed        0x3 
 .rodata.delay_bytecode.8697
                0x000000000002fef0        0x6 _build/nrf52832_xxaa/app_timer.c.o
 *fill*         0x000000000002fef6        0x2 
 .rodata        0x000000000002fef8       0x20 _build/nrf52832_xxaa/app_uart_fifo.c.o
 .rodata._aV2C.7399
                0x000000000002ff18       0x10 _build/nrf52832_xxaa/nrf_fprintf_format.c.o
 .rodata.str1.4
                0x000000000002ff28        0xd _build/nrf52832_xxaa/nrf_fstorage.c.o
 *fill*         0x000000000002ff35        0x3 
 .rodata.str1.4
                0x000000000002ff38        0xe _build/nrf52832_xxaa/nrf_fstorage_sd.c.o
 *fill*         0x000000000002ff46        0x2 
 .rodata.pwr_mgmt_data
                0x000000000002ff48        0xc _build/nrf52832_xxaa/nrf_pwr_mgmt.c.o
 .rodata.str1.4
                0x000000000002ff54        0x9 _build/nrf52832_xxaa/nrf_pwr_mgmt.c.o
 *fill*         0x000000000002ff5d        0x3 
 .rodata.m_unknown_str
                0x000000000002ff60       0x13 _build/nrf52832_xxaa/nrf_strerror.c.o
 *fill*         0x000000000002ff73        0x1 
 .rodata.nrf_strerror_array
                0x000000000002ff74      0x128 _build/nrf52832_xxaa/nrf_strerror.c.o
 .rodata.str1.4
                0x000000000003009c      0x3e9 _build/nrf52832_xxaa/nrf_strerror.c.o
 *fill*         0x0000000000030485        0x3 
 .rodata.m_board_btn_list
                0x0000000000030488        0x4 _build/nrf52832_xxaa/boards.c.o
 .rodata.m_board_led_list
                0x000000000003048c        0x4 _build/nrf52832_xxaa/boards.c.o
 .rodata.str1.4
                0x0000000000030490        0x6 _build/nrf52832_xxaa/nrf_drv_clock.c.o
 *fill*         0x0000000000030496        0xa 
 .rodata.delay_bytecode.8297
                0x00000000000304a0        0x6 _build/nrf52832_xxaa/nrf_drv_twi.c.o
 *fill*         0x00000000000304a6        0x2 
 .rodata.str1.4
                0x00000000000304a8        0x6 _build/nrf52832_xxaa/nrfx_clock.c.o
 *fill*         0x00000000000304ae        0x2 
 .rodata.str1.4
                0x00000000000304b0        0x5 _build/nrf52832_xxaa/nrfx_twim.c.o
 *fill*         0x00000000000304b5        0x3 
 .rodata.str1.4
                0x00000000000304b8        0x7 _build/nrf52832_xxaa/nrfx_gpiote.c.o
 *fill*         0x00000000000304bf        0x1 
 .rodata.str1.4
                0x00000000000304c0        0x4 _build/nrf52832_xxaa/nrfx_prs.c.o
 .rodata.str1.4
                0x00000000000304c4        0x5 _build/nrf52832_xxaa/nrfx_uart.c.o
 *fill*         0x00000000000304c9        0x3 
 .rodata.str1.4
                0x00000000000304cc        0x6 _build/nrf52832_xxaa/nrfx_uarte.c.o
 *fill*         0x00000000000304d2        0x2 
 .rodata.app_buttons
                0x00000000000304d4       0x20 _build/nrf52832_xxaa/bsp.c.o
 .rodata.m_bsp_alert_tmr
                0x00000000000304f4        0x4 _build/nrf52832_xxaa/bsp.c.o
 .rodata.m_bsp_button_tmr
                0x00000000000304f8        0x4 _build/nrf52832_xxaa/bsp.c.o
 .rodata.m_bsp_leds_tmr
                0x00000000000304fc        0x4 _build/nrf52832_xxaa/bsp.c.o
 .rodata        0x0000000000030500       0x18 _build/nrf52832_xxaa/main.c.o
 .rodata.ble_evt_handler.str1.4
                0x0000000000030518       0x30 _build/nrf52832_xxaa/main.c.o
 .rodata.gatt_evt_handler.str1.4
                0x0000000000030548       0x55 _build/nrf52832_xxaa/main.c.o
 *fill*         0x000000000003059d        0x3 
 .rodata.lis3dh_handler.str1.4
                0x00000000000305a0       0x20 _build/nrf52832_xxaa/main.c.o
 .rodata.lis3dh_timer
                0x00000000000305c0        0x4 _build/nrf52832_xxaa/main.c.o
 .rodata.main.str1.4
                0x00000000000305c4       0xbb _build/nrf52832_xxaa/main.c.o
 *fill*         0x000000000003067f        0x1 
 .rodata.nus_data_handler.str1.4
                0x0000000000030680       0x5f _build/nrf52832_xxaa/main.c.o
 *fill*         0x00000000000306df        0x1 
 .rodata.uart_event_handle.str1.4
                0x00000000000306e0       0x20 _build/nrf52832_xxaa/main.c.o
 .rodata.SEGGER_RTT_ReadNoLock.str1.4
                0x0000000000030700       0x17 _build/nrf52832_xxaa/SEGGER_RTT.c.o
 *fill*         0x0000000000030717        0x1 
 .rodata.data_length_update.str1.4
                0x0000000000030718      0x112 _build/nrf52832_xxaa/nrf_ble_gatt.c.o
 *fill*         0x000000000003082a        0x2 
 .rodata.nrf_ble_gatt_on_ble_evt.str1.4
                0x000000000003082c      0x2ad _build/nrf52832_xxaa/nrf_ble_gatt.c.o
 *fill*         0x0000000000030ad9        0x3 
 .rodata.str1.4
                0x0000000000030adc        0xd _build/nrf52832_xxaa/nrf_ble_gatt.c.o
 *fill*         0x0000000000030ae9        0x3 
 .rodata        0x0000000000030aec       0x10 _build/nrf52832_xxaa/ble_nus.c.o
 .rodata.str1.4
                0x0000000000030afc        0x8 _build/nrf52832_xxaa/ble_nus.c.o
 .rodata        0x0000000000030b04        0x4 _build/nrf52832_xxaa/nrf_sdh.c.o
 .rodata.sdh_req_observers
                0x0000000000030b08        0xc _build/nrf52832_xxaa/nrf_sdh.c.o
 .rodata.sdh_stack_observers
                0x0000000000030b14        0xc _build/nrf52832_xxaa/nrf_sdh.c.o
 .rodata.sdh_state_observers
                0x0000000000030b20        0xc _build/nrf52832_xxaa/nrf_sdh.c.o
 .rodata.str1.4
                0x0000000000030b2c        0x8 _build/nrf52832_xxaa/nrf_sdh.c.o
 .rodata.nrf_sdh_ble_default_cfg_set.str1.4
                0x0000000000030b34      0x1cf _build/nrf52832_xxaa/nrf_sdh_ble.c.o
 *fill*         0x0000000000030d03        0x1 
 .rodata.nrf_sdh_ble_enable.str1.4
                0x0000000000030d04       0xad _build/nrf52832_xxaa/nrf_sdh_ble.c.o
 *fill*         0x0000000000030db1        0x3 
 .rodata.sdh_ble_observers
                0x0000000000030db4        0xc _build/nrf52832_xxaa/nrf_sdh_ble.c.o
 .rodata.str1.4
                0x0000000000030dc0        0xc _build/nrf52832_xxaa/nrf_sdh_ble.c.o
 .rodata.sdh_soc_observers
                0x0000000000030dcc        0xc _build/nrf52832_xxaa/nrf_sdh_soc.c.o
 .rodata.str1.4
                0x0000000000030dd8        0xc _build/nrf52832_xxaa/nrf_sdh_soc.c.o
 .rodata.m_twi_instance
                0x0000000000030de4       0x10 _build/nrf52832_xxaa/hal_i2c.c.o
 .rodata._global_impure_ptr
                0x0000000000030df4        0x4 /Users/admin/CMMC/gcc-arm-none-eabi/bin/../lib/gcc/arm-none-eabi/7.2.1/../../../../arm-none-eabi/lib/thumb/v7e-m/fpv4-sp/hard/libc_nano.a(lib_a-impure.o)
                0x0000000000030df4                _global_impure_ptr
 .rodata._setlocale_r.str1.1
                0x0000000000030df8        0x8 /Users/admin/CMMC/gcc-arm-none-eabi/bin/../lib/gcc/arm-none-eabi/7.2.1/../../../../arm-none-eabi/lib/thumb/v7e-m/fpv4-sp/hard/libc_nano.a(lib_a-locale.o)
                                          0x9 (size before relaxing)
 .rodata.str1.1
                0x0000000000030e00        0x2 /Users/admin/CMMC/gcc-arm-none-eabi/bin/../lib/gcc/arm-none-eabi/7.2.1/../../../../arm-none-eabi/lib/thumb/v7e-m/fpv4-sp/hard/libc_nano.a(lib_a-locale.o)
 .rodata._ctype_
                0x0000000000030e02      0x101 /Users/admin/CMMC/gcc-arm-none-eabi/bin/../lib/gcc/arm-none-eabi/7.2.1/../../../../arm-none-eabi/lib/thumb/v7e-m/fpv4-sp/hard/libc_nano.a(lib_a-ctype_.o)
                0x0000000000030e02                _ctype_
 *fill*         0x0000000000030f03        0x1 
 .rodata.__sf_fake_stderr
                0x0000000000030f04       0x20 /Users/admin/CMMC/gcc-arm-none-eabi/bin/../lib/gcc/arm-none-eabi/7.2.1/../../../../arm-none-eabi/lib/thumb/v7e-m/fpv4-sp/hard/libc_nano.a(lib_a-findfp.o)
                0x0000000000030f04                __sf_fake_stderr
 .rodata.__sf_fake_stdin
                0x0000000000030f24       0x20 /Users/admin/CMMC/gcc-arm-none-eabi/bin/../lib/gcc/arm-none-eabi/7.2.1/../../../../arm-none-eabi/lib/thumb/v7e-m/fpv4-sp/hard/libc_nano.a(lib_a-findfp.o)
                0x0000000000030f24                __sf_fake_stdin
 .rodata.__sf_fake_stdout
                0x0000000000030f44       0x20 /Users/admin/CMMC/gcc-arm-none-eabi/bin/../lib/gcc/arm-none-eabi/7.2.1/../../../../arm-none-eabi/lib/thumb/v7e-m/fpv4-sp/hard/libc_nano.a(lib_a-findfp.o)
                0x0000000000030f44                __sf_fake_stdout
 .rodata._vfprintf_r.str1.1
                0x0000000000030f64       0x11 /Users/admin/CMMC/gcc-arm-none-eabi/bin/../lib/gcc/arm-none-eabi/7.2.1/../../../../arm-none-eabi/lib/thumb/v7e-m/fpv4-sp/hard/libc_nano.a(lib_a-nano-vfprintf.o)
 .rodata._printf_i.str1.1
                0x0000000000030f75       0x22 /Users/admin/CMMC/gcc-arm-none-eabi/bin/../lib/gcc/arm-none-eabi/7.2.1/../../../../arm-none-eabi/lib/thumb/v7e-m/fpv4-sp/hard/libc_nano.a(lib_a-nano-vfprintf_i.o)
 *(.eh_frame*)
 *fill*         0x0000000000030f97        0x1 
 .eh_frame      0x0000000000030f98        0x0 /Users/admin/CMMC/gcc-arm-none-eabi/bin/../lib/gcc/arm-none-eabi/7.2.1/thumb/v7e-m/fpv4-sp/hard/crtbegin.o
 .eh_frame      0x0000000000030f98        0x4 /Users/admin/CMMC/gcc-arm-none-eabi/bin/../lib/gcc/arm-none-eabi/7.2.1/thumb/v7e-m/fpv4-sp/hard/crtend.o

.glue_7         0x0000000000030f9c        0x0
 .glue_7        0x0000000000030f9c        0x0 linker stubs

.glue_7t        0x0000000000030f9c        0x0
 .glue_7t       0x0000000000030f9c        0x0 linker stubs

.vfp11_veneer   0x0000000000030f9c        0x0
 .vfp11_veneer  0x0000000000030f9c        0x0 linker stubs

.v4_bx          0x0000000000030f9c        0x0
 .v4_bx         0x0000000000030f9c        0x0 linker stubs

.iplt           0x0000000000030f9c        0x0
 .iplt          0x0000000000030f9c        0x0 /Users/admin/CMMC/gcc-arm-none-eabi/bin/../lib/gcc/arm-none-eabi/7.2.1/thumb/v7e-m/fpv4-sp/hard/crtbegin.o

.mem_section_dummy_rom

.sdh_soc_observers
                0x0000000000030f9c       0x18
                0x0000000000030f9c                PROVIDE (__start_sdh_soc_observers, .)
 *(SORT_BY_NAME(.sdh_soc_observers*))
 .sdh_soc_observers0
                0x0000000000030f9c        0x8 _build/nrf52832_xxaa/nrf_fstorage_sd.c.o
 .sdh_soc_observers0
                0x0000000000030fa4        0x8 _build/nrf52832_xxaa/nrf_drv_clock.c.o
 .sdh_soc_observers1
                0x0000000000030fac        0x8 _build/nrf52832_xxaa/main.c.o
                0x0000000000030fb4                PROVIDE (__stop_sdh_soc_observers, .)

.sdh_ble_observers
                0x0000000000030fb4       0x40
                0x0000000000030fb4                PROVIDE (__start_sdh_ble_observers, .)
 *(SORT_BY_NAME(.sdh_ble_observers*))
 .sdh_ble_observers0
                0x0000000000030fb4        0x8 _build/nrf52832_xxaa/ble_conn_state.c.o
 .sdh_ble_observers1
                0x0000000000030fbc        0x8 _build/nrf52832_xxaa/bsp_btn_ble.c.o
 .sdh_ble_observers1
                0x0000000000030fc4       0x10 _build/nrf52832_xxaa/main.c.o
 .sdh_ble_observers1
                0x0000000000030fd4        0x8 _build/nrf52832_xxaa/ble_conn_params.c.o
 .sdh_ble_observers2
                0x0000000000030fdc       0x10 _build/nrf52832_xxaa/main.c.o
 .sdh_ble_observers3
                0x0000000000030fec        0x8 _build/nrf52832_xxaa/main.c.o
                0x0000000000030ff4                PROVIDE (__stop_sdh_ble_observers, .)

.pwr_mgmt_data  0x0000000000030ff4        0x0
                0x0000000000030ff4                PROVIDE (__start_pwr_mgmt_data, .)
 *(SORT_BY_NAME(.pwr_mgmt_data*))
                0x0000000000030ff4                PROVIDE (__stop_pwr_mgmt_data, .)

.log_const_data
                0x0000000000030ff4       0x90
                0x0000000000030ff4                PROVIDE (__start_log_const_data, .)
 *(SORT_BY_NAME(.log_const_data*))
 .log_const_data_CLOCK
                0x0000000000030ff4        0x8 _build/nrf52832_xxaa/nrfx_clock.c.o
                0x0000000000030ff4                m_nrf_log_CLOCK_logs_data_const
 .log_const_data_GPIOTE
                0x0000000000030ffc        0x8 _build/nrf52832_xxaa/nrfx_gpiote.c.o
                0x0000000000030ffc                m_nrf_log_GPIOTE_logs_data_const
 .log_const_data_PRS
                0x0000000000031004        0x8 _build/nrf52832_xxaa/nrfx_prs.c.o
                0x0000000000031004                m_nrf_log_PRS_logs_data_const
 .log_const_data_SPIM
                0x000000000003100c        0x8 _build/nrf52832_xxaa/nrfx_spim.c.o
                0x000000000003100c                m_nrf_log_SPIM_logs_data_const
 .log_const_data_TWIM
                0x0000000000031014        0x8 _build/nrf52832_xxaa/nrfx_twim.c.o
                0x0000000000031014                m_nrf_log_TWIM_logs_data_const
 .log_const_data_UART
                0x000000000003101c        0x8 _build/nrf52832_xxaa/nrfx_uart.c.o
                0x000000000003101c                m_nrf_log_UART_logs_data_const
 .log_const_data_UARTE
                0x0000000000031024        0x8 _build/nrf52832_xxaa/nrfx_uarte.c.o
                0x0000000000031024                m_nrf_log_UARTE_logs_data_const
 .log_const_data_app
                0x000000000003102c        0x8 _build/nrf52832_xxaa/nrf_log_frontend.c.o
                0x000000000003102c                m_nrf_log_app_logs_data_const
 .log_const_data_atfifo_m_fifo
                0x0000000000031034        0x8 _build/nrf52832_xxaa/nrf_fstorage_sd.c.o
                0x0000000000031034                m_nrf_log_atfifo_m_fifo_logs_data_const
 .log_const_data_balloc_log_mempool
                0x000000000003103c        0x8 _build/nrf52832_xxaa/nrf_log_frontend.c.o
                0x000000000003103c                m_nrf_log_balloc_log_mempool_logs_data_const
 .log_const_data_ble_nus
                0x0000000000031044        0x8 _build/nrf52832_xxaa/ble_nus.c.o
                0x0000000000031044                m_nrf_log_ble_nus_logs_data_const
 .log_const_data_clock
                0x000000000003104c        0x8 _build/nrf52832_xxaa/nrf_drv_clock.c.o
                0x000000000003104c                m_nrf_log_clock_logs_data_const
 .log_const_data_nrf_ble_gatt
                0x0000000000031054        0x8 _build/nrf52832_xxaa/nrf_ble_gatt.c.o
                0x0000000000031054                m_nrf_log_nrf_ble_gatt_logs_data_const
 .log_const_data_nrf_fstorage
                0x000000000003105c        0x8 _build/nrf52832_xxaa/nrf_fstorage.c.o
                0x000000000003105c                m_nrf_log_nrf_fstorage_logs_data_const
 .log_const_data_nrf_sdh
                0x0000000000031064        0x8 _build/nrf52832_xxaa/nrf_sdh.c.o
                0x0000000000031064                m_nrf_log_nrf_sdh_logs_data_const
 .log_const_data_nrf_sdh_ble
                0x000000000003106c        0x8 _build/nrf52832_xxaa/nrf_sdh_ble.c.o
                0x000000000003106c                m_nrf_log_nrf_sdh_ble_logs_data_const
 .log_const_data_nrf_sdh_soc
                0x0000000000031074        0x8 _build/nrf52832_xxaa/nrf_sdh_soc.c.o
                0x0000000000031074                m_nrf_log_nrf_sdh_soc_logs_data_const
 .log_const_data_pwr_mgmt
                0x000000000003107c        0x8 _build/nrf52832_xxaa/nrf_pwr_mgmt.c.o
                0x000000000003107c                m_nrf_log_pwr_mgmt_logs_data_const
                0x0000000000031084                PROVIDE (__stop_log_const_data, .)

.nrf_balloc     0x0000000000031084       0x18
                [!provide]                        PROVIDE (__start_nrf_balloc, .)
 *(.nrf_balloc)
 .nrf_balloc    0x0000000000031084       0x18 _build/nrf52832_xxaa/nrf_log_frontend.c.o
                0x0000000000031084                log_mempool
                [!provide]                        PROVIDE (__stop_nrf_balloc, .)

.sdh_state_observers
                0x000000000003109c       0x10
                0x000000000003109c                PROVIDE (__start_sdh_state_observers, .)
 *(SORT_BY_NAME(.sdh_state_observers*))
 .sdh_state_observers0
                0x000000000003109c        0x8 _build/nrf52832_xxaa/nrf_fstorage_sd.c.o
 .sdh_state_observers0
                0x00000000000310a4        0x8 _build/nrf52832_xxaa/nrf_drv_clock.c.o
                0x00000000000310ac                PROVIDE (__stop_sdh_state_observers, .)

.sdh_stack_observers
                0x00000000000310ac       0x10
                0x00000000000310ac                PROVIDE (__start_sdh_stack_observers, .)
 *(SORT_BY_NAME(.sdh_stack_observers*))
 .sdh_stack_observers0
                0x00000000000310ac        0x8 _build/nrf52832_xxaa/nrf_sdh_ble.c.o
 .sdh_stack_observers0
                0x00000000000310b4        0x8 _build/nrf52832_xxaa/nrf_sdh_soc.c.o
                0x00000000000310bc                PROVIDE (__stop_sdh_stack_observers, .)

.sdh_req_observers
                0x00000000000310bc        0x8
                0x00000000000310bc                PROVIDE (__start_sdh_req_observers, .)
 *(SORT_BY_NAME(.sdh_req_observers*))
 .sdh_req_observers0
                0x00000000000310bc        0x8 _build/nrf52832_xxaa/nrf_fstorage_sd.c.o
                0x00000000000310bc                m_req_obs
                0x00000000000310c4                PROVIDE (__stop_sdh_req_observers, .)

.nrf_queue      0x00000000000310c4        0x0
                [!provide]                        PROVIDE (__start_nrf_queue, .)
 *(.nrf_queue)
                [!provide]                        PROVIDE (__stop_nrf_queue, .)

.cli_command    0x00000000000310c4        0x0
                [!provide]                        PROVIDE (__start_cli_command, .)
 *(.cli_command)
                [!provide]                        PROVIDE (__stop_cli_command, .)

.crypto_data    0x00000000000310c4        0x0
                [!provide]                        PROVIDE (__start_crypto_data, .)
 *(SORT_BY_NAME(.crypto_data*))
                [!provide]                        PROVIDE (__stop_crypto_data, .)

.ARM.extab
 *(.ARM.extab* .gnu.linkonce.armextab.*)
                0x00000000000310c4                __exidx_start = .

.ARM.exidx      0x00000000000310c4        0x8
 *(.ARM.exidx* .gnu.linkonce.armexidx.*)
 .ARM.exidx     0x00000000000310c4        0x8 /Users/admin/CMMC/gcc-arm-none-eabi/bin/../lib/gcc/arm-none-eabi/7.2.1/../../../../arm-none-eabi/lib/thumb/v7e-m/fpv4-sp/hard/crt0.o
 .ARM.exidx     0x00000000000310cc        0x0 /Users/admin/CMMC/gcc-arm-none-eabi/bin/../lib/gcc/arm-none-eabi/7.2.1/thumb/v7e-m/fpv4-sp/hard/libgcc.a(_udivmoddi4.o)
                                          0x8 (size before relaxing)
                0x00000000000310cc                __exidx_end = .
                0x00000000000310cc                __etext = .

.rel.dyn        0x00000000000310cc        0x0
 .rel.iplt      0x00000000000310cc        0x0 /Users/admin/CMMC/gcc-arm-none-eabi/bin/../lib/gcc/arm-none-eabi/7.2.1/thumb/v7e-m/fpv4-sp/hard/crtbegin.o

.data           0x0000000020002a98      0x23c load address 0x00000000000310cc
                0x0000000020002a98                __data_start__ = .
 *(vtable)
 *(.data*)
 .data.rtt_log_backend
                0x0000000020002a98        0xc _build/nrf52832_xxaa/nrf_log_default_backends.c.o
 .data.app_uart_inst
                0x0000000020002aa4       0x14 _build/nrf52832_xxaa/app_uart_fifo.c.o
 .data.m_fifo_inst
                0x0000000020002ab8       0x14 _build/nrf52832_xxaa/nrf_fstorage_sd.c.o
 .data.SystemCoreClock
                0x0000000020002acc        0x4 _build/nrf52832_xxaa/system_nrf52.c.o
                0x0000000020002acc                SystemCoreClock
 .data.m_adv_uuids
                0x0000000020002ad0        0x4 _build/nrf52832_xxaa/main.c.o
 .data.m_ble_nus_max_data_len
                0x0000000020002ad4        0x2 _build/nrf52832_xxaa/main.c.o
 .data.m_conn_handle
                0x0000000020002ad6        0x2 _build/nrf52832_xxaa/main.c.o
 .data.m_nus    0x0000000020002ad8       0x1c _build/nrf52832_xxaa/main.c.o
 .data.m_nus_link_ctx_storage
                0x0000000020002af4        0x8 _build/nrf52832_xxaa/main.c.o
 .data._impure_ptr
                0x0000000020002afc        0x4 /Users/admin/CMMC/gcc-arm-none-eabi/bin/../lib/gcc/arm-none-eabi/7.2.1/../../../../arm-none-eabi/lib/thumb/v7e-m/fpv4-sp/hard/libc_nano.a(lib_a-impure.o)
                0x0000000020002afc                _impure_ptr
 .data.impure_data
                0x0000000020002b00       0x60 /Users/admin/CMMC/gcc-arm-none-eabi/bin/../lib/gcc/arm-none-eabi/7.2.1/../../../../arm-none-eabi/lib/thumb/v7e-m/fpv4-sp/hard/libc_nano.a(lib_a-impure.o)
 .data.__global_locale
                0x0000000020002b60      0x16c /Users/admin/CMMC/gcc-arm-none-eabi/bin/../lib/gcc/arm-none-eabi/7.2.1/../../../../arm-none-eabi/lib/thumb/v7e-m/fpv4-sp/hard/libc_nano.a(lib_a-locale.o)
                0x0000000020002b60                __global_locale
                0x0000000020002ccc                . = ALIGN (0x4)
                0x0000000020002ccc                PROVIDE (__preinit_array_start, .)
 *(.preinit_array)
                0x0000000020002ccc                PROVIDE (__preinit_array_end, .)
                0x0000000020002ccc                . = ALIGN (0x4)
                0x0000000020002ccc                PROVIDE (__init_array_start, .)
 *(SORT_BY_NAME(.init_array.*))
 *(.init_array)
 .init_array    0x0000000020002ccc        0x4 /Users/admin/CMMC/gcc-arm-none-eabi/bin/../lib/gcc/arm-none-eabi/7.2.1/thumb/v7e-m/fpv4-sp/hard/crtbegin.o
                0x0000000020002cd0                PROVIDE (__init_array_end, .)
                0x0000000020002cd0                . = ALIGN (0x4)
                [!provide]                        PROVIDE (__fini_array_start, .)
 *(SORT_BY_NAME(.fini_array.*))
 *(.fini_array)
 .fini_array    0x0000000020002cd0        0x4 /Users/admin/CMMC/gcc-arm-none-eabi/bin/../lib/gcc/arm-none-eabi/7.2.1/thumb/v7e-m/fpv4-sp/hard/crtbegin.o
                [!provide]                        PROVIDE (__fini_array_end, .)
 *(.jcr*)
                0x0000000020002cd4                . = ALIGN (0x4)
                0x0000000020002cd4                __data_end__ = .
LOAD /Users/admin/CMMC/gcc-arm-none-eabi/bin/../lib/gcc/arm-none-eabi/7.2.1/thumb/v7e-m/fpv4-sp/hard/crti.o
LOAD /Users/admin/CMMC/gcc-arm-none-eabi/bin/../lib/gcc/arm-none-eabi/7.2.1/thumb/v7e-m/fpv4-sp/hard/crtbegin.o
LOAD /Users/admin/CMMC/gcc-arm-none-eabi/bin/../lib/gcc/arm-none-eabi/7.2.1/../../../../arm-none-eabi/lib/thumb/v7e-m/fpv4-sp/hard/crt0.o
LOAD _build/nrf52832_xxaa/gcc_startup_nrf52.S.o
LOAD _build/nrf52832_xxaa/nrfx_spim.c.o
LOAD _build/nrf52832_xxaa/nrf_log_backend_rtt.c.o
LOAD _build/nrf52832_xxaa/nrf_log_backend_serial.c.o
LOAD _build/nrf52832_xxaa/nrf_log_default_backends.c.o
LOAD _build/nrf52832_xxaa/nrf_log_frontend.c.o
LOAD _build/nrf52832_xxaa/nrf_log_str_formatter.c.o
LOAD _build/nrf52832_xxaa/app_button.c.o
LOAD _build/nrf52832_xxaa/app_error.c.o
LOAD _build/nrf52832_xxaa/app_error_handler_gcc.c.o
LOAD _build/nrf52832_xxaa/app_error_weak.c.o
LOAD _build/nrf52832_xxaa/app_fifo.c.o
LOAD _build/nrf52832_xxaa/app_scheduler.c.o
LOAD _build/nrf52832_xxaa/app_timer.c.o
LOAD _build/nrf52832_xxaa/app_uart_fifo.c.o
LOAD _build/nrf52832_xxaa/app_util_platform.c.o
LOAD _build/nrf52832_xxaa/hardfault_implementation.c.o
LOAD _build/nrf52832_xxaa/nrf_assert.c.o
LOAD _build/nrf52832_xxaa/nrf_atfifo.c.o
LOAD _build/nrf52832_xxaa/nrf_atflags.c.o
LOAD _build/nrf52832_xxaa/nrf_atomic.c.o
LOAD _build/nrf52832_xxaa/nrf_balloc.c.o
LOAD _build/nrf52832_xxaa/nrf_fprintf.c.o
LOAD _build/nrf52832_xxaa/nrf_fprintf_format.c.o
LOAD _build/nrf52832_xxaa/nrf_fstorage.c.o
LOAD _build/nrf52832_xxaa/nrf_fstorage_sd.c.o
LOAD _build/nrf52832_xxaa/nrf_memobj.c.o
LOAD _build/nrf52832_xxaa/nrf_pwr_mgmt.c.o
LOAD _build/nrf52832_xxaa/nrf_section_iter.c.o
LOAD _build/nrf52832_xxaa/nrf_strerror.c.o
LOAD _build/nrf52832_xxaa/retarget.c.o
LOAD _build/nrf52832_xxaa/system_nrf52.c.o
LOAD _build/nrf52832_xxaa/boards.c.o
LOAD _build/nrf52832_xxaa/nrf_drv_spi.c.o
LOAD _build/nrf52832_xxaa/nrf_drv_clock.c.o
LOAD _build/nrf52832_xxaa/nrf_drv_uart.c.o
LOAD _build/nrf52832_xxaa/nrf_drv_twi.c.o
LOAD _build/nrf52832_xxaa/nrfx_clock.c.o
LOAD _build/nrf52832_xxaa/nrfx_twim.c.o
LOAD _build/nrf52832_xxaa/nrfx_gpiote.c.o
LOAD _build/nrf52832_xxaa/nrfx_power_clock.c.o
LOAD _build/nrf52832_xxaa/nrfx_prs.c.o
LOAD _build/nrf52832_xxaa/nrfx_uart.c.o
LOAD _build/nrf52832_xxaa/nrfx_uarte.c.o
LOAD _build/nrf52832_xxaa/bsp.c.o
LOAD _build/nrf52832_xxaa/bsp_btn_ble.c.o
LOAD _build/nrf52832_xxaa/main.c.o
LOAD _build/nrf52832_xxaa/SEGGER_RTT.c.o
LOAD _build/nrf52832_xxaa/SEGGER_RTT_Syscalls_GCC.c.o
LOAD _build/nrf52832_xxaa/SEGGER_RTT_printf.c.o
LOAD _build/nrf52832_xxaa/ble_advdata.c.o
LOAD _build/nrf52832_xxaa/ble_advertising.c.o
LOAD _build/nrf52832_xxaa/ble_conn_params.c.o
LOAD _build/nrf52832_xxaa/ble_conn_state.c.o
LOAD _build/nrf52832_xxaa/ble_link_ctx_manager.c.o
LOAD _build/nrf52832_xxaa/ble_srv_common.c.o
LOAD _build/nrf52832_xxaa/nrf_ble_gatt.c.o
LOAD _build/nrf52832_xxaa/nrf_ble_qwr.c.o
LOAD _build/nrf52832_xxaa/ble_nus.c.o
LOAD _build/nrf52832_xxaa/nrf_sdh.c.o
LOAD _build/nrf52832_xxaa/nrf_sdh_ble.c.o
LOAD _build/nrf52832_xxaa/nrf_sdh_soc.c.o
LOAD _build/nrf52832_xxaa/board_basic.c.o
LOAD _build/nrf52832_xxaa/hal_spi.c.o
LOAD _build/nrf52832_xxaa/lis3dh.c.o
LOAD _build/nrf52832_xxaa/hal_i2c.c.o
LOAD /Users/admin/CMMC/gcc-arm-none-eabi/bin/../lib/gcc/arm-none-eabi/7.2.1/../../../../arm-none-eabi/lib/thumb/v7e-m/fpv4-sp/hard/libc_nano.a
LOAD /Users/admin/CMMC/gcc-arm-none-eabi/bin/../lib/gcc/arm-none-eabi/7.2.1/../../../../arm-none-eabi/lib/thumb/v7e-m/fpv4-sp/hard/libnosys.a
LOAD /Users/admin/CMMC/gcc-arm-none-eabi/bin/../lib/gcc/arm-none-eabi/7.2.1/../../../../arm-none-eabi/lib/thumb/v7e-m/fpv4-sp/hard/libm.a
START GROUP
LOAD /Users/admin/CMMC/gcc-arm-none-eabi/bin/../lib/gcc/arm-none-eabi/7.2.1/thumb/v7e-m/fpv4-sp/hard/libgcc.a
LOAD /Users/admin/CMMC/gcc-arm-none-eabi/bin/../lib/gcc/arm-none-eabi/7.2.1/../../../../arm-none-eabi/lib/thumb/v7e-m/fpv4-sp/hard/libg_nano.a
LOAD /Users/admin/CMMC/gcc-arm-none-eabi/bin/../lib/gcc/arm-none-eabi/7.2.1/../../../../arm-none-eabi/lib/thumb/v7e-m/fpv4-sp/hard/libc_nano.a
END GROUP
START GROUP
LOAD /Users/admin/CMMC/gcc-arm-none-eabi/bin/../lib/gcc/arm-none-eabi/7.2.1/thumb/v7e-m/fpv4-sp/hard/libgcc.a
LOAD /Users/admin/CMMC/gcc-arm-none-eabi/bin/../lib/gcc/arm-none-eabi/7.2.1/../../../../arm-none-eabi/lib/thumb/v7e-m/fpv4-sp/hard/libc_nano.a
END GROUP
LOAD /Users/admin/CMMC/gcc-arm-none-eabi/bin/../lib/gcc/arm-none-eabi/7.2.1/thumb/v7e-m/fpv4-sp/hard/crtend.o
LOAD /Users/admin/CMMC/gcc-arm-none-eabi/bin/../lib/gcc/arm-none-eabi/7.2.1/thumb/v7e-m/fpv4-sp/hard/crtn.o
START GROUP
LOAD /Users/admin/CMMC/gcc-arm-none-eabi/bin/../lib/gcc/arm-none-eabi/7.2.1/thumb/v7e-m/fpv4-sp/hard/libgcc.a
LOAD /Users/admin/CMMC/gcc-arm-none-eabi/bin/../lib/gcc/arm-none-eabi/7.2.1/../../../../arm-none-eabi/lib/thumb/v7e-m/fpv4-sp/hard/libc.a
LOAD /Users/admin/CMMC/gcc-arm-none-eabi/bin/../lib/gcc/arm-none-eabi/7.2.1/../../../../arm-none-eabi/lib/thumb/v7e-m/fpv4-sp/hard/libnosys.a
END GROUP

.igot.plt       0x0000000020002cd4        0x0 load address 0x0000000000031308
 .igot.plt      0x0000000020002cd4        0x0 /Users/admin/CMMC/gcc-arm-none-eabi/bin/../lib/gcc/arm-none-eabi/7.2.1/thumb/v7e-m/fpv4-sp/hard/crtbegin.o
                0x0000000020002cd4                . = ALIGN (0x4)

.mem_section_dummy_ram

.log_dynamic_data
                0x0000000020002cd4       0x48 load address 0x0000000000031308
                0x0000000020002cd4                PROVIDE (__start_log_dynamic_data, .)
 *(SORT_BY_NAME(.log_dynamic_data*))
 .log_dynamic_data_CLOCK
                0x0000000020002cd4        0x4 _build/nrf52832_xxaa/nrfx_clock.c.o
                0x0000000020002cd4                m_nrf_log_CLOCK_logs_data_dynamic
 .log_dynamic_data_GPIOTE
                0x0000000020002cd8        0x4 _build/nrf52832_xxaa/nrfx_gpiote.c.o
                0x0000000020002cd8                m_nrf_log_GPIOTE_logs_data_dynamic
 .log_dynamic_data_PRS
                0x0000000020002cdc        0x4 _build/nrf52832_xxaa/nrfx_prs.c.o
                0x0000000020002cdc                m_nrf_log_PRS_logs_data_dynamic
 .log_dynamic_data_SPIM
                0x0000000020002ce0        0x4 _build/nrf52832_xxaa/nrfx_spim.c.o
                0x0000000020002ce0                m_nrf_log_SPIM_logs_data_dynamic
 .log_dynamic_data_TWIM
                0x0000000020002ce4        0x4 _build/nrf52832_xxaa/nrfx_twim.c.o
                0x0000000020002ce4                m_nrf_log_TWIM_logs_data_dynamic
 .log_dynamic_data_UART
                0x0000000020002ce8        0x4 _build/nrf52832_xxaa/nrfx_uart.c.o
                0x0000000020002ce8                m_nrf_log_UART_logs_data_dynamic
 .log_dynamic_data_UARTE
                0x0000000020002cec        0x4 _build/nrf52832_xxaa/nrfx_uarte.c.o
                0x0000000020002cec                m_nrf_log_UARTE_logs_data_dynamic
 .log_dynamic_data_app
                0x0000000020002cf0        0x4 _build/nrf52832_xxaa/nrf_log_frontend.c.o
                0x0000000020002cf0                m_nrf_log_app_logs_data_dynamic
 .log_dynamic_data_atfifo_m_fifo
                0x0000000020002cf4        0x4 _build/nrf52832_xxaa/nrf_fstorage_sd.c.o
                0x0000000020002cf4                m_nrf_log_atfifo_m_fifo_logs_data_dynamic
 .log_dynamic_data_balloc_log_mempool
                0x0000000020002cf8        0x4 _build/nrf52832_xxaa/nrf_log_frontend.c.o
                0x0000000020002cf8                m_nrf_log_balloc_log_mempool_logs_data_dynamic
 .log_dynamic_data_ble_nus
                0x0000000020002cfc        0x4 _build/nrf52832_xxaa/ble_nus.c.o
                0x0000000020002cfc                m_nrf_log_ble_nus_logs_data_dynamic
 .log_dynamic_data_clock
                0x0000000020002d00        0x4 _build/nrf52832_xxaa/nrf_drv_clock.c.o
                0x0000000020002d00                m_nrf_log_clock_logs_data_dynamic
 .log_dynamic_data_nrf_ble_gatt
                0x0000000020002d04        0x4 _build/nrf52832_xxaa/nrf_ble_gatt.c.o
                0x0000000020002d04                m_nrf_log_nrf_ble_gatt_logs_data_dynamic
 .log_dynamic_data_nrf_fstorage
                0x0000000020002d08        0x4 _build/nrf52832_xxaa/nrf_fstorage.c.o
                0x0000000020002d08                m_nrf_log_nrf_fstorage_logs_data_dynamic
 .log_dynamic_data_nrf_sdh
                0x0000000020002d0c        0x4 _build/nrf52832_xxaa/nrf_sdh.c.o
                0x0000000020002d0c                m_nrf_log_nrf_sdh_logs_data_dynamic
 .log_dynamic_data_nrf_sdh_ble
                0x0000000020002d10        0x4 _build/nrf52832_xxaa/nrf_sdh_ble.c.o
                0x0000000020002d10                m_nrf_log_nrf_sdh_ble_logs_data_dynamic
 .log_dynamic_data_nrf_sdh_soc
                0x0000000020002d14        0x4 _build/nrf52832_xxaa/nrf_sdh_soc.c.o
                0x0000000020002d14                m_nrf_log_nrf_sdh_soc_logs_data_dynamic
 .log_dynamic_data_pwr_mgmt
                0x0000000020002d18        0x4 _build/nrf52832_xxaa/nrf_pwr_mgmt.c.o
                0x0000000020002d18                m_nrf_log_pwr_mgmt_logs_data_dynamic
                [!provide]                        PROVIDE (__stop_log_dynamic_data, .)

.fs_data        0x0000000020002d1c        0x0
                0x0000000020002d1c                PROVIDE (__start_fs_data, .)
 *(.fs_data)
                0x0000000020002d1c                PROVIDE (__stop_fs_data, .)

.cli_sorted_cmd_ptrs
                0x0000000020002d1c        0x0
                [!provide]                        PROVIDE (__start_cli_sorted_cmd_ptrs, .)
 *(.cli_sorted_cmd_ptrs)
                [!provide]                        PROVIDE (__stop_cli_sorted_cmd_ptrs, .)

.bss            0x0000000020002d20     0x1060 load address 0x0000000000031358
                0x0000000020002d20                . = ALIGN (0x4)
                0x0000000020002d20                __bss_start__ = .
 *(.bss*)
 .bss           0x0000000020002d20       0x1c /Users/admin/CMMC/gcc-arm-none-eabi/bin/../lib/gcc/arm-none-eabi/7.2.1/thumb/v7e-m/fpv4-sp/hard/crtbegin.o
 .bss.m_cb      0x0000000020002d3c       0x24 _build/nrf52832_xxaa/nrfx_spim.c.o
 .bss.m_host_present
                0x0000000020002d60        0x1 _build/nrf52832_xxaa/nrf_log_backend_rtt.c.o
 *fill*         0x0000000020002d61        0x3 
 .bss.m_string_buff
                0x0000000020002d64       0x40 _build/nrf52832_xxaa/nrf_log_backend_rtt.c.o
 .bss.log_mempool_nrf_balloc_cb
                0x0000000020002da4        0x8 _build/nrf52832_xxaa/nrf_log_frontend.c.o
 .bss.log_mempool_nrf_balloc_pool_mem
                0x0000000020002dac       0xc0 _build/nrf52832_xxaa/nrf_log_frontend.c.o
 .bss.log_mempool_nrf_balloc_pool_stack
                0x0000000020002e6c        0x8 _build/nrf52832_xxaa/nrf_log_frontend.c.o
 .bss.m_log_data
                0x0000000020002e74      0x424 _build/nrf52832_xxaa/nrf_log_frontend.c.o
 .bss.m_button_count
                0x0000000020003298        0x1 _build/nrf52832_xxaa/app_button.c.o
 *fill*         0x0000000020003299        0x3 
 .bss.m_detection_delay
                0x000000002000329c        0x4 _build/nrf52832_xxaa/app_button.c.o
 .bss.m_detection_delay_timer_id_data
                0x00000000200032a0       0x20 _build/nrf52832_xxaa/app_button.c.o
 .bss.m_pin_state
                0x00000000200032c0        0x8 _build/nrf52832_xxaa/app_button.c.o
 .bss.m_pin_transition
                0x00000000200032c8        0x8 _build/nrf52832_xxaa/app_button.c.o
 .bss.mp_buttons
                0x00000000200032d0        0x4 _build/nrf52832_xxaa/app_button.c.o
 .bss.m_op_queue
                0x00000000200032d4      0x10c _build/nrf52832_xxaa/app_timer.c.o
 .bss.m_rtc1_reset
                0x00000000200033e0        0x1 _build/nrf52832_xxaa/app_timer.c.o
 .bss.m_rtc1_running
                0x00000000200033e1        0x1 _build/nrf52832_xxaa/app_timer.c.o
 *fill*         0x00000000200033e2        0x2 
 .bss.m_ticks_elapsed
                0x00000000200033e4        0x8 _build/nrf52832_xxaa/app_timer.c.o
 .bss.m_ticks_elapsed_q_read_ind
                0x00000000200033ec        0x1 _build/nrf52832_xxaa/app_timer.c.o
 .bss.m_ticks_elapsed_q_write_ind
                0x00000000200033ed        0x1 _build/nrf52832_xxaa/app_timer.c.o
 *fill*         0x00000000200033ee        0x2 
 .bss.m_ticks_latest
                0x00000000200033f0        0x4 _build/nrf52832_xxaa/app_timer.c.o
 .bss.mp_timer_id_head
                0x00000000200033f4        0x4 _build/nrf52832_xxaa/app_timer.c.o
 .bss.m_event_handler
                0x00000000200033f8        0x4 _build/nrf52832_xxaa/app_uart_fifo.c.o
 .bss.m_rx_fifo
                0x00000000200033fc       0x10 _build/nrf52832_xxaa/app_uart_fifo.c.o
 .bss.m_rx_ovf  0x000000002000340c        0x1 _build/nrf52832_xxaa/app_uart_fifo.c.o
 *fill*         0x000000002000340d        0x3 
 .bss.m_tx_fifo
                0x0000000020003410       0x10 _build/nrf52832_xxaa/app_uart_fifo.c.o
 .bss.rx_buffer
                0x0000000020003420        0x1 _build/nrf52832_xxaa/app_uart_fifo.c.o
 *fill*         0x0000000020003421        0x3 
 .bss.tx_buffer
                0x0000000020003424        0x1 _build/nrf52832_xxaa/app_uart_fifo.c.o
 *fill*         0x0000000020003425        0x3 
 .bss.m_flags   0x0000000020003428       0x14 _build/nrf52832_xxaa/nrf_fstorage_sd.c.o
 .bss.m_iget_ctx
                0x000000002000343c        0x4 _build/nrf52832_xxaa/nrf_fstorage_sd.c.o
 .bss.m_p_cur_op
                0x0000000020003440        0x4 _build/nrf52832_xxaa/nrf_fstorage_sd.c.o
 .bss.m_handlers_iter
                0x0000000020003444        0x8 _build/nrf52832_xxaa/nrf_pwr_mgmt.c.o
 .bss.m_shutdown_started
                0x000000002000344c        0x1 _build/nrf52832_xxaa/nrf_pwr_mgmt.c.o
 *fill*         0x000000002000344d        0x3 
 .bss.m_sysoff_mtx
                0x0000000020003450        0x4 _build/nrf52832_xxaa/nrf_pwr_mgmt.c.o
 .bss.m_clock_cb
                0x0000000020003454       0x14 _build/nrf52832_xxaa/nrf_drv_clock.c.o
 .bss.m_contexts
                0x0000000020003468        0x4 _build/nrf52832_xxaa/nrf_drv_uart.c.o
 .bss.m_handlers
                0x000000002000346c        0x4 _build/nrf52832_xxaa/nrf_drv_uart.c.o
 .bss.m_contexts
                0x0000000020003470        0x8 _build/nrf52832_xxaa/nrf_drv_twi.c.o
 .bss.m_handlers
                0x0000000020003478        0x8 _build/nrf52832_xxaa/nrf_drv_twi.c.o
 .bss.m_clock_cb