Archive member included to satisfy reference by file (symbol)

/Users/admin/CMMC/gcc-arm-none-eabi/bin/../lib/gcc/arm-none-eabi/7.2.1/../../../../arm-none-eabi/lib/thumb/v7e-m/fpv4-sp/hard/libc_nano.a(lib_a-exit.o)
                              /Users/admin/CMMC/gcc-arm-none-eabi/bin/../lib/gcc/arm-none-eabi/7.2.1/../../../../arm-none-eabi/lib/thumb/v7e-m/fpv4-sp/hard/crt0.o (exit)
/Users/admin/CMMC/gcc-arm-none-eabi/bin/../lib/gcc/arm-none-eabi/7.2.1/../../../../arm-none-eabi/lib/thumb/v7e-m/fpv4-sp/hard/libc_nano.a(lib_a-impure.o)
                              /Users/admin/CMMC/gcc-arm-none-eabi/bin/../lib/gcc/arm-none-eabi/7.2.1/../../../../arm-none-eabi/lib/thumb/v7e-m/fpv4-sp/hard/libc_nano.a(lib_a-exit.o) (_global_impure_ptr)
/Users/admin/CMMC/gcc-arm-none-eabi/bin/../lib/gcc/arm-none-eabi/7.2.1/../../../../arm-none-eabi/lib/thumb/v7e-m/fpv4-sp/hard/libc_nano.a(lib_a-init.o)
                              /Users/admin/CMMC/gcc-arm-none-eabi/bin/../lib/gcc/arm-none-eabi/7.2.1/../../../../arm-none-eabi/lib/thumb/v7e-m/fpv4-sp/hard/crt0.o (__libc_init_array)
/Users/admin/CMMC/gcc-arm-none-eabi/bin/../lib/gcc/arm-none-eabi/7.2.1/../../../../arm-none-eabi/lib/thumb/v7e-m/fpv4-sp/hard/libc_nano.a(lib_a-locale.o)
                              _build/nrf52832_xxaa/nrf_log_str_formatter.c.o (__locale_ctype_ptr)
/Users/admin/CMMC/gcc-arm-none-eabi/bin/../lib/gcc/arm-none-eabi/7.2.1/../../../../arm-none-eabi/lib/thumb/v7e-m/fpv4-sp/hard/libc_nano.a(lib_a-mbtowc_r.o)
                              /Users/admin/CMMC/gcc-arm-none-eabi/bin/../lib/gcc/arm-none-eabi/7.2.1/../../../../arm-none-eabi/lib/thumb/v7e-m/fpv4-sp/hard/libc_nano.a(lib_a-locale.o) (__ascii_mbtowc)
/Users/admin/CMMC/gcc-arm-none-eabi/bin/../lib/gcc/arm-none-eabi/7.2.1/../../../../arm-none-eabi/lib/thumb/v7e-m/fpv4-sp/hard/libc_nano.a(lib_a-memcmp.o)
                              _build/nrf52832_xxaa/ble_advdata.c.o (memcmp)
/Users/admin/CMMC/gcc-arm-none-eabi/bin/../lib/gcc/arm-none-eabi/7.2.1/../../../../arm-none-eabi/lib/thumb/v7e-m/fpv4-sp/hard/libc_nano.a(lib_a-memcpy-stub.o)
                              _build/nrf52832_xxaa/nrf_log_frontend.c.o (memcpy)
/Users/admin/CMMC/gcc-arm-none-eabi/bin/../lib/gcc/arm-none-eabi/7.2.1/../../../../arm-none-eabi/lib/thumb/v7e-m/fpv4-sp/hard/libc_nano.a(lib_a-memset.o)
                              /Users/admin/CMMC/gcc-arm-none-eabi/bin/../lib/gcc/arm-none-eabi/7.2.1/../../../../arm-none-eabi/lib/thumb/v7e-m/fpv4-sp/hard/crt0.o (memset)
/Users/admin/CMMC/gcc-arm-none-eabi/bin/../lib/gcc/arm-none-eabi/7.2.1/../../../../arm-none-eabi/lib/thumb/v7e-m/fpv4-sp/hard/libc_nano.a(lib_a-printf.o)
                              _build/nrf52832_xxaa/main.c.o (printf)
/Users/admin/CMMC/gcc-arm-none-eabi/bin/../lib/gcc/arm-none-eabi/7.2.1/../../../../arm-none-eabi/lib/thumb/v7e-m/fpv4-sp/hard/libc_nano.a(lib_a-strcmp.o)
                              /Users/admin/CMMC/gcc-arm-none-eabi/bin/../lib/gcc/arm-none-eabi/7.2.1/../../../../arm-none-eabi/lib/thumb/v7e-m/fpv4-sp/hard/libc_nano.a(lib_a-locale.o) (strcmp)
/Users/admin/CMMC/gcc-arm-none-eabi/bin/../lib/gcc/arm-none-eabi/7.2.1/../../../../arm-none-eabi/lib/thumb/v7e-m/fpv4-sp/hard/libc_nano.a(lib_a-strcpy.o)
                              _build/nrf52832_xxaa/SEGGER_RTT.c.o (strcpy)
/Users/admin/CMMC/gcc-arm-none-eabi/bin/../lib/gcc/arm-none-eabi/7.2.1/../../../../arm-none-eabi/lib/thumb/v7e-m/fpv4-sp/hard/libc_nano.a(lib_a-strlen.o)
                              _build/nrf52832_xxaa/nrf_log_frontend.c.o (strlen)
/Users/admin/CMMC/gcc-arm-none-eabi/bin/../lib/gcc/arm-none-eabi/7.2.1/../../../../arm-none-eabi/lib/thumb/v7e-m/fpv4-sp/hard/libc_nano.a(lib_a-wctomb_r.o)
                              /Users/admin/CMMC/gcc-arm-none-eabi/bin/../lib/gcc/arm-none-eabi/7.2.1/../../../../arm-none-eabi/lib/thumb/v7e-m/fpv4-sp/hard/libc_nano.a(lib_a-locale.o) (__ascii_wctomb)
/Users/admin/CMMC/gcc-arm-none-eabi/bin/../lib/gcc/arm-none-eabi/7.2.1/../../../../arm-none-eabi/lib/thumb/v7e-m/fpv4-sp/hard/libc_nano.a(lib_a-ctype_.o)
                              /Users/admin/CMMC/gcc-arm-none-eabi/bin/../lib/gcc/arm-none-eabi/7.2.1/../../../../arm-none-eabi/lib/thumb/v7e-m/fpv4-sp/hard/libc_nano.a(lib_a-locale.o) (_ctype_)
/Users/admin/CMMC/gcc-arm-none-eabi/bin/../lib/gcc/arm-none-eabi/7.2.1/../../../../arm-none-eabi/lib/thumb/v7e-m/fpv4-sp/hard/libc_nano.a(lib_a-findfp.o)
                              /Users/admin/CMMC/gcc-arm-none-eabi/bin/../lib/gcc/arm-none-eabi/7.2.1/../../../../arm-none-eabi/lib/thumb/v7e-m/fpv4-sp/hard/libc_nano.a(lib_a-printf.o) (__sinit)
/Users/admin/CMMC/gcc-arm-none-eabi/bin/../lib/gcc/arm-none-eabi/7.2.1/../../../../arm-none-eabi/lib/thumb/v7e-m/fpv4-sp/hard/libc_nano.a(lib_a-fwalk.o)
                              /Users/admin/CMMC/gcc-arm-none-eabi/bin/../lib/gcc/arm-none-eabi/7.2.1/../../../../arm-none-eabi/lib/thumb/v7e-m/fpv4-sp/hard/libc_nano.a(lib_a-findfp.o) (_fwalk)
[...]
Memory Configuration

Name             Origin             Length             Attributes
FLASH            0x0000000000026000 0x000000000005a000 xr
RAM              0x0000000020002a98 0x000000000000d568 xrw
*default*        0x0000000000000000 0xffffffffffffffff

Linker script and memory map


.text           0x0000000000026000     0xa194
 *(.isr_vector)
 .isr_vector    0x0000000000026000      0x200 _build/nrf52832_xxaa/gcc_startup_nrf52.S.o
                0x0000000000026000                __isr_vector
 *(.text*)
 .text          0x0000000000026200       0x40 /Users/admin/CMMC/gcc-arm-none-eabi/bin/../lib/gcc/arm-none-eabi/7.2.1/thumb/v7e-m/fpv4-sp/hard/crtbegin.o
 .text          0x0000000000026240       0x74 /Users/admin/CMMC/gcc-arm-none-eabi/bin/../lib/gcc/arm-none-eabi/7.2.1/../../../../arm-none-eabi/lib/thumb/v7e-m/fpv4-sp/hard/crt0.o
                0x0000000000026240                _mainCRTStartup
                0x0000000000026240                _start
 .text          0x00000000000262b4       0x3c _build/nrf52832_xxaa/gcc_startup_nrf52.S.o
                0x00000000000262b4                Reset_Handler
                0x00000000000262dc                NMI_Handler
                0x00000000000262de                HardFault_Handler
                0x00000000000262e0                MemoryManagement_Handler
                0x00000000000262e2                BusFault_Handler
                0x00000000000262e4                UsageFault_Handler
                0x00000000000262e6                SVC_Handler
                0x00000000000262e8                DebugMon_Handler
                0x00000000000262ea                PendSV_Handler
                0x00000000000262ec                SysTick_Handler
                0x00000000000262ee                TIMER4_IRQHandler
                0x00000000000262ee                I2S_IRQHandler
                0x00000000000262ee                SWI4_EGU4_IRQHandler
                0x00000000000262ee                TIMER0_IRQHandler
                0x00000000000262ee                TIMER1_IRQHandler
                0x00000000000262ee                PWM2_IRQHandler
                0x00000000000262ee                ECB_IRQHandler
                0x00000000000262ee                SPIM1_SPIS1_TWIM1_TWIS1_SPI1_TWI1_IRQHandler
                0x00000000000262ee                Default_Handler
                0x00000000000262ee                SAADC_IRQHandler
                0x00000000000262ee                CCM_AAR_IRQHandler
                0x00000000000262ee                WDT_IRQHandler
                0x00000000000262ee                SWI5_EGU5_IRQHandler
                0x00000000000262ee                RNG_IRQHandler
                0x00000000000262ee                RTC2_IRQHandler
                0x00000000000262ee                PWM0_IRQHandler
                0x00000000000262ee                SWI3_EGU3_IRQHandler
                0x00000000000262ee                SWI1_EGU1_IRQHandler
                0x00000000000262ee                SPIM2_SPIS2_SPI2_IRQHandler
                0x00000000000262ee                NFCT_IRQHandler
                0x00000000000262ee                MWU_IRQHandler
                0x00000000000262ee                TIMER2_IRQHandler
                0x00000000000262ee                COMP_LPCOMP_IRQHandler
                0x00000000000262ee                RTC0_IRQHandler
                0x00000000000262ee                PWM1_IRQHandler
                0x00000000000262ee                RADIO_IRQHandler
                0x00000000000262ee                PDM_IRQHandler
                0x00000000000262ee                TEMP_IRQHandler
                0x00000000000262ee                QDEC_IRQHandler
                0x00000000000262ee                TIMER3_IRQHandler
                0x00000000000262ee                FPU_IRQHandler
                0x00000000000262ee                SPIM0_SPIS0_TWIM0_TWIS0_SPI0_TWI0_IRQHandler
 .text.nrf_log_backend_rtt_flush
                0x00000000000262f0        0x4 _build/nrf52832_xxaa/nrf_log_backend_rtt.c.o
 .text.nrf_log_backend_rtt_put
                0x00000000000262f4       0x20 _build/nrf52832_xxaa/nrf_log_backend_rtt.c.o
 .text.serial_tx
                0x0000000000026314       0x54 _build/nrf52832_xxaa/nrf_log_backend_rtt.c.o
 .text.nrf_log_backend_rtt_panic_set
                0x0000000000026368        0x4 _build/nrf52832_xxaa/nrf_log_backend_rtt.c.o
 .text.nrf_log_backend_rtt_init
                0x000000000002636c        0x4 _build/nrf52832_xxaa/nrf_log_backend_rtt.c.o
                0x000000000002636c                nrf_log_backend_rtt_init
 .text.nrf_log_backend_serial_put
                0x0000000000026370       0xd4 _build/nrf52832_xxaa/nrf_log_backend_serial.c.o
                0x0000000000026370                nrf_log_backend_serial_put
 .text.nrf_log_default_backends_init
                0x0000000000026444       0x1c _build/nrf52832_xxaa/nrf_log_default_backends.c.o
                0x0000000000026444                nrf_log_default_backends_init
 .text.log_skip
                0x0000000000026460       0xd0 _build/nrf52832_xxaa/nrf_log_frontend.c.o
 .text.nrf_log_init
                0x0000000000026530       0x50 _build/nrf52832_xxaa/nrf_log_frontend.c.o
                0x0000000000026530                nrf_log_init
 .text.nrf_log_module_name_get
                0x0000000000026580       0x5c _build/nrf52832_xxaa/nrf_log_frontend.c.o
                0x0000000000026580                nrf_log_module_name_get
 .text.nrf_log_color_id_get
                0x00000000000265dc       0x2c _build/nrf52832_xxaa/nrf_log_frontend.c.o
                0x00000000000265dc                nrf_log_color_id_get
 .text.nrf_log_frontend_std_0
                0x0000000000026608       0xf0 _build/nrf52832_xxaa/nrf_log_frontend.c.o
                0x0000000000026608                nrf_log_frontend_std_0
 .text.nrf_log_frontend_dequeue.part.6
                0x00000000000266f8      0x258 _build/nrf52832_xxaa/nrf_log_frontend.c.o
 .text.nrf_log_frontend_std_1
                0x0000000000026950      0x100 _build/nrf52832_xxaa/nrf_log_frontend.c.o
                0x0000000000026950                nrf_log_frontend_std_1
 .text.nrf_log_frontend_std_2
                0x0000000000026a50      0x104 _build/nrf52832_xxaa/nrf_log_frontend.c.o
                0x0000000000026a50                nrf_log_frontend_std_2
 .text.nrf_log_frontend_std_3
                0x0000000000026b54      0x110 _build/nrf52832_xxaa/nrf_log_frontend.c.o
                0x0000000000026b54                nrf_log_frontend_std_3
 .text.nrf_log_frontend_hexdump
                0x0000000000026c64      0x148 _build/nrf52832_xxaa/nrf_log_frontend.c.o
                0x0000000000026c64                nrf_log_frontend_hexdump
 .text.nrf_log_frontend_dequeue
                0x0000000000026dac       0x18 _build/nrf52832_xxaa/nrf_log_frontend.c.o
                0x0000000000026dac                nrf_log_frontend_dequeue
 .text.nrf_log_backend_add
                0x0000000000026dc4       0x5c _build/nrf52832_xxaa/nrf_log_frontend.c.o
                0x0000000000026dc4                nrf_log_backend_add
 .text.nrf_log_panic
                0x0000000000026e20       0x28 _build/nrf52832_xxaa/nrf_log_frontend.c.o
                0x0000000000026e20                nrf_log_panic
 .text.nrf_log_std_entry_process
                0x0000000000026e48      0x14c _build/nrf52832_xxaa/nrf_log_str_formatter.c.o
                0x0000000000026e48                nrf_log_std_entry_process
 .text.nrf_log_hexdump_entry_process
                0x0000000000026f94      0x15c _build/nrf52832_xxaa/nrf_log_str_formatter.c.o
                0x0000000000026f94                nrf_log_hexdump_entry_process
 .text.detection_delay_timeout_handler
                0x00000000000270f0      0x120 _build/nrf52832_xxaa/app_button.c.o
 .text.gpiote_event_handler
                0x0000000000027210       0xa8 _build/nrf52832_xxaa/app_button.c.o
 .text.app_button_init
                0x00000000000272b8       0xb0 _build/nrf52832_xxaa/app_button.c.o
                0x00000000000272b8                app_button_init
 .text.app_button_enable
                0x0000000000027368       0x2c _build/nrf52832_xxaa/app_button.c.o
                0x0000000000027368                app_button_enable
 .text.app_error_handler_bare
                0x0000000000027394       0x20 _build/nrf52832_xxaa/app_error.c.o
                0x0000000000027394                app_error_handler_bare
 .text.app_error_fault_handler
                0x00000000000273b4       0x6c _build/nrf52832_xxaa/app_error_weak.c.o
                0x00000000000273b4                app_error_fault_handler
 .text.app_fifo_init
                0x0000000000027420       0x20 _build/nrf52832_xxaa/app_fifo.c.o
                0x0000000000027420                app_fifo_init
 .text.app_fifo_put
                0x0000000000027440       0x30 _build/nrf52832_xxaa/app_fifo.c.o
                0x0000000000027440                app_fifo_put
 .text.app_fifo_get
                0x0000000000027470       0x2c _build/nrf52832_xxaa/app_fifo.c.o
                0x0000000000027470                app_fifo_get
 .text.RTC1_IRQHandler
                0x000000000002749c       0xa0 _build/nrf52832_xxaa/app_timer.c.o
                0x000000000002749c                RTC1_IRQHandler
 .text.SWI0_EGU0_IRQHandler
                0x000000000002753c      0x394 _build/nrf52832_xxaa/app_timer.c.o
                0x000000000002753c                SWI0_EGU0_IRQHandler
 .text.app_timer_init
                0x00000000000278d0       0xa8 _build/nrf52832_xxaa/app_timer.c.o
                0x00000000000278d0                app_timer_init
 .text.app_timer_create
                0x0000000000027978       0x24 _build/nrf52832_xxaa/app_timer.c.o
                0x0000000000027978                app_timer_create
 .text.app_timer_start
                0x000000000002799c       0xac _build/nrf52832_xxaa/app_timer.c.o
                0x000000000002799c                app_timer_start
 .text.app_timer_stop
                0x0000000000027a48       0x74 _build/nrf52832_xxaa/app_timer.c.o
                0x0000000000027a48                app_timer_stop
 .text.uart_event_handler
                0x0000000000027abc      0x114 _build/nrf52832_xxaa/app_uart_fifo.c.o
 .text.app_uart_init
                0x0000000000027bd0       0xf4 _build/nrf52832_xxaa/app_uart_fifo.c.o
                0x0000000000027bd0                app_uart_init
 .text.app_uart_get
                0x0000000000027cc4       0x5c _build/nrf52832_xxaa/app_uart_fifo.c.o
                0x0000000000027cc4                app_uart_get
 .text.app_uart_put
                0x0000000000027d20       0x74 _build/nrf52832_xxaa/app_uart_fifo.c.o
                0x0000000000027d20                app_uart_put
 .text.app_util_critical_region_enter
                0x0000000000027d94       0x4c _build/nrf52832_xxaa/app_util_platform.c.o
                0x0000000000027d94                app_util_critical_region_enter
 .text.app_util_critical_region_exit
                0x0000000000027de0       0x30 _build/nrf52832_xxaa/app_util_platform.c.o
                0x0000000000027de0                app_util_critical_region_exit
 .text.nrf_atfifo_item_get
                0x0000000000027e10       0x5c _build/nrf52832_xxaa/nrf_atfifo.c.o
                0x0000000000027e10                nrf_atfifo_item_get
 .text.nrf_atfifo_item_free
                0x0000000000027e6c       0x20 _build/nrf52832_xxaa/nrf_atfifo.c.o
                0x0000000000027e6c                nrf_atfifo_item_free
 .text.nrf_atflags_set
                0x0000000000027e8c       0x14 _build/nrf52832_xxaa/nrf_atflags.c.o
                0x0000000000027e8c                nrf_atflags_set
 .text.nrf_atflags_clear
                0x0000000000027ea0       0x14 _build/nrf52832_xxaa/nrf_atflags.c.o
                0x0000000000027ea0                nrf_atflags_clear
 .text.nrf_atflags_get
                0x0000000000027eb4       0x14 _build/nrf52832_xxaa/nrf_atflags.c.o
                0x0000000000027eb4                nrf_atflags_get
 .text.nrf_atomic_u32_fetch_store
                0x0000000000027ec8       0x14 _build/nrf52832_xxaa/nrf_atomic.c.o
                0x0000000000027ec8                nrf_atomic_u32_fetch_store
 .text.nrf_atomic_u32_or
                0x0000000000027edc       0x18 _build/nrf52832_xxaa/nrf_atomic.c.o
                0x0000000000027edc                nrf_atomic_u32_or
 .text.nrf_atomic_u32_and
                0x0000000000027ef4       0x18 _build/nrf52832_xxaa/nrf_atomic.c.o
                0x0000000000027ef4                nrf_atomic_u32_and
 .text.nrf_atomic_u32_add
                0x0000000000027f0c       0x18 _build/nrf52832_xxaa/nrf_atomic.c.o
                0x0000000000027f0c                nrf_atomic_u32_add
 .text.nrf_atomic_u32_sub
                0x0000000000027f24       0x18 _build/nrf52832_xxaa/nrf_atomic.c.o
                0x0000000000027f24                nrf_atomic_u32_sub
 .text.nrf_atomic_flag_set
                0x0000000000027f3c       0x18 _build/nrf52832_xxaa/nrf_atomic.c.o
                0x0000000000027f3c                nrf_atomic_flag_set
 .text.nrf_atomic_flag_clear_fetch
                0x0000000000027f54       0x18 _build/nrf52832_xxaa/nrf_atomic.c.o
                0x0000000000027f54                nrf_atomic_flag_clear_fetch
 .text.nrf_balloc_init
                0x0000000000027f6c       0x38 _build/nrf52832_xxaa/nrf_balloc.c.o
                0x0000000000027f6c                nrf_balloc_init
 .text.nrf_balloc_alloc
                0x0000000000027fa4       0x50 _build/nrf52832_xxaa/nrf_balloc.c.o
                0x0000000000027fa4                nrf_balloc_alloc
 .text.nrf_balloc_free
                0x0000000000027ff4       0x38 _build/nrf52832_xxaa/nrf_balloc.c.o
                0x0000000000027ff4                nrf_balloc_free
 .text.nrf_fprintf_buffer_flush
                0x000000000002802c       0x18 _build/nrf52832_xxaa/nrf_fprintf.c.o
                0x000000000002802c                nrf_fprintf_buffer_flush
 .text.nrf_fprintf
                0x0000000000028044       0x20 _build/nrf52832_xxaa/nrf_fprintf.c.o
                0x0000000000028044                nrf_fprintf
 .text.unsigned_print
                0x0000000000028064      0x10c _build/nrf52832_xxaa/nrf_fprintf_format.c.o
 .text.nrf_fprintf_fmt
                0x0000000000028170      0x5bc _build/nrf52832_xxaa/nrf_fprintf_format.c.o
                0x0000000000028170                nrf_fprintf_fmt
 .text.nrf_fstorage_is_busy
                0x000000000002872c       0x50 _build/nrf52832_xxaa/nrf_fstorage.c.o
                0x000000000002872c                nrf_fstorage_is_busy
 .text.sd_flash_write
                0x000000000002877c        0x4 _build/nrf52832_xxaa/nrf_fstorage_sd.c.o
 .text.sd_flash_page_erase
                0x0000000000028780        0x4 _build/nrf52832_xxaa/nrf_fstorage_sd.c.o
 .text.nrf_fstorage_sdh_req_handler
                0x0000000000028784       0x14 _build/nrf52832_xxaa/nrf_fstorage_sd.c.o
                0x0000000000028784                nrf_fstorage_sdh_req_handler
 .text.queue_process
                0x0000000000028798      0x18c _build/nrf52832_xxaa/nrf_fstorage_sd.c.o
 .text.nrf_fstorage_sdh_state_handler
                0x0000000000028924      0x1a0 _build/nrf52832_xxaa/nrf_fstorage_sd.c.o
                0x0000000000028924                nrf_fstorage_sdh_state_handler
 .text.nrf_fstorage_sys_evt_handler
                0x0000000000028ac4      0x254 _build/nrf52832_xxaa/nrf_fstorage_sd.c.o
                0x0000000000028ac4                nrf_fstorage_sys_evt_handler
 .text.nrf_memobj_pool_init
                0x0000000000028d18        0x4 _build/nrf52832_xxaa/nrf_memobj.c.o
                0x0000000000028d18                nrf_memobj_pool_init
 .text.nrf_memobj_alloc
                0x0000000000028d1c       0x84 _build/nrf52832_xxaa/nrf_memobj.c.o
                0x0000000000028d1c                nrf_memobj_alloc
 .text.nrf_memobj_get
                0x0000000000028da0        0x8 _build/nrf52832_xxaa/nrf_memobj.c.o
                0x0000000000028da0                nrf_memobj_get
 .text.nrf_memobj_put
                0x0000000000028da8       0x44 _build/nrf52832_xxaa/nrf_memobj.c.o
                0x0000000000028da8                nrf_memobj_put
 .text.nrf_memobj_write
                0x0000000000028dec       0x5c _build/nrf52832_xxaa/nrf_memobj.c.o
                0x0000000000028dec                nrf_memobj_write
 .text.nrf_memobj_read
                0x0000000000028e48       0x5c _build/nrf52832_xxaa/nrf_memobj.c.o
                0x0000000000028e48                nrf_memobj_read
 .text.sd_app_evt_wait
                0x0000000000028ea4        0x4 _build/nrf52832_xxaa/nrf_pwr_mgmt.c.o
 .text.nrf_pwr_mgmt_init
                0x0000000000028ea8       0x2c _build/nrf52832_xxaa/nrf_pwr_mgmt.c.o
                0x0000000000028ea8                nrf_pwr_mgmt_init
 .text.nrf_pwr_mgmt_run
                0x0000000000028ed4       0x50 _build/nrf52832_xxaa/nrf_pwr_mgmt.c.o
                0x0000000000028ed4                nrf_pwr_mgmt_run
 .text.nrf_section_iter_init
                0x0000000000028f24       0x14 _build/nrf52832_xxaa/nrf_section_iter.c.o
                0x0000000000028f24                nrf_section_iter_init
 .text.nrf_section_iter_next
                0x0000000000028f38       0x18 _build/nrf52832_xxaa/nrf_section_iter.c.o
                0x0000000000028f38                nrf_section_iter_next
 .text.nrf_strerror_get
                0x0000000000028f50       0x6c _build/nrf52832_xxaa/nrf_strerror.c.o
                0x0000000000028f50                nrf_strerror_get
 .text._write   0x0000000000028fbc       0x1c _build/nrf52832_xxaa/retarget.c.o
                0x0000000000028fbc                _write
 .text._read    0x0000000000028fd8       0x14 _build/nrf52832_xxaa/retarget.c.o
                0x0000000000028fd8                _read
 .text.SystemInit
                0x0000000000028fec      0x3c0 _build/nrf52832_xxaa/system_nrf52.c.o
                0x0000000000028fec                SystemInit
 .text.bsp_board_led_state_get
                0x00000000000293ac       0x1c _build/nrf52832_xxaa/boards.c.o
                0x00000000000293ac                bsp_board_led_state_get
 .text.bsp_board_led_on
                0x00000000000293c8       0x18 _build/nrf52832_xxaa/boards.c.o
                0x00000000000293c8                bsp_board_led_on
 .text.bsp_board_led_off
                0x00000000000293e0       0x18 _build/nrf52832_xxaa/boards.c.o
                0x00000000000293e0                bsp_board_led_off
 .text.bsp_board_leds_off
                0x00000000000293f8       0x2c _build/nrf52832_xxaa/boards.c.o
                0x00000000000293f8                bsp_board_leds_off
 .text.bsp_board_leds_on
                0x0000000000029424       0x2c _build/nrf52832_xxaa/boards.c.o
                0x0000000000029424                bsp_board_leds_on
 .text.bsp_board_led_invert
                0x0000000000029450       0x24 _build/nrf52832_xxaa/boards.c.o
                0x0000000000029450                bsp_board_led_invert
 .text.bsp_board_button_state_get
                0x0000000000029474       0x1c _build/nrf52832_xxaa/boards.c.o
                0x0000000000029474                bsp_board_button_state_get
 .text.bsp_board_pin_to_button_idx
                0x0000000000029490       0x24 _build/nrf52832_xxaa/boards.c.o
                0x0000000000029490                bsp_board_pin_to_button_idx
 .text.bsp_board_button_idx_to_pin
                0x00000000000294b4        0xc _build/nrf52832_xxaa/boards.c.o
                0x00000000000294b4                bsp_board_button_idx_to_pin
 .text.bsp_board_init
                0x00000000000294c0       0x5c _build/nrf52832_xxaa/boards.c.o
                0x00000000000294c0                bsp_board_init
 .text.clock_irq_handler
                0x000000000002951c       0x44 _build/nrf52832_xxaa/nrf_drv_clock.c.o
 .text.soc_evt_handler
                0x0000000000029560       0x28 _build/nrf52832_xxaa/nrf_drv_clock.c.o
 .text.sd_state_evt_handler
                0x0000000000029588       0xa0 _build/nrf52832_xxaa/nrf_drv_clock.c.o
 .text.uarte_evt_handler
                0x0000000000029628       0x34 _build/nrf52832_xxaa/nrf_drv_uart.c.o
 .text.uart_evt_handler
                0x000000000002965c       0x34 _build/nrf52832_xxaa/nrf_drv_uart.c.o
 .text.nrf_drv_uart_init
                0x0000000000029690       0x80 _build/nrf52832_xxaa/nrf_drv_uart.c.o
                0x0000000000029690                nrf_drv_uart_init
 .text.nrfx_clock_init
                0x0000000000029710       0x1c _build/nrf52832_xxaa/nrfx_clock.c.o
                0x0000000000029710                nrfx_clock_init
 .text.nrfx_clock_enable
                0x000000000002972c       0x28 _build/nrf52832_xxaa/nrfx_clock.c.o
                0x000000000002972c                nrfx_clock_enable
 .text.nrfx_clock_lfclk_stop
                0x0000000000029754       0x18 _build/nrf52832_xxaa/nrfx_clock.c.o
                0x0000000000029754                nrfx_clock_lfclk_stop
 .text.POWER_CLOCK_IRQHandler
                0x000000000002976c       0x64 _build/nrf52832_xxaa/nrfx_clock.c.o
                0x000000000002976c                POWER_CLOCK_IRQHandler
 .text.nrfx_gpiote_init
                0x00000000000297d0       0x8c _build/nrf52832_xxaa/nrfx_gpiote.c.o
                0x00000000000297d0                nrfx_gpiote_init
 .text.nrfx_gpiote_is_init
                0x000000000002985c       0x14 _build/nrf52832_xxaa/nrfx_gpiote.c.o
                0x000000000002985c                nrfx_gpiote_is_init
 .text.nrfx_gpiote_in_init
                0x0000000000029870      0x1bc _build/nrf52832_xxaa/nrfx_gpiote.c.o
                0x0000000000029870                nrfx_gpiote_in_init
 .text.nrfx_gpiote_in_event_enable
                0x0000000000029a2c       0xc4 _build/nrf52832_xxaa/nrfx_gpiote.c.o
                0x0000000000029a2c                nrfx_gpiote_in_event_enable
 .text.nrfx_gpiote_in_is_set
                0x0000000000029af0       0x14 _build/nrf52832_xxaa/nrfx_gpiote.c.o
                0x0000000000029af0                nrfx_gpiote_in_is_set
 .text.GPIOTE_IRQHandler
                0x0000000000029b04      0x548 _build/nrf52832_xxaa/nrfx_gpiote.c.o
                0x0000000000029b04                GPIOTE_IRQHandler
 .text.UARTE0_UART0_IRQHandler
                0x000000000002a04c        0xc _build/nrf52832_xxaa/nrfx_prs.c.o
                0x000000000002a04c                UARTE0_UART0_IRQHandler
 .text.nrfx_prs_acquire
                0x000000000002a058       0x4c _build/nrf52832_xxaa/nrfx_prs.c.o
                0x000000000002a058                nrfx_prs_acquire
 .text.nrfx_uart_0_irq_handler
                0x000000000002a0a4      0x1bc _build/nrf52832_xxaa/nrfx_uart.c.o
                0x000000000002a0a4                nrfx_uart_0_irq_handler
 .text.nrfx_uart_init
                0x000000000002a260      0x1a4 _build/nrf52832_xxaa/nrfx_uart.c.o
                0x000000000002a260                nrfx_uart_init
 .text.nrfx_uart_tx
                0x000000000002a404       0xcc _build/nrf52832_xxaa/nrfx_uart.c.o
                0x000000000002a404                nrfx_uart_tx
 .text.nrfx_uart_tx_in_progress
                0x000000000002a4d0       0x18 _build/nrf52832_xxaa/nrfx_uart.c.o
                0x000000000002a4d0                nrfx_uart_tx_in_progress
 .text.nrfx_uart_rx
                0x000000000002a4e8      0x14c _build/nrf52832_xxaa/nrfx_uart.c.o
                0x000000000002a4e8                nrfx_uart_rx
 .text.nrfx_uarte_0_irq_handler
                0x000000000002a634      0x128 _build/nrf52832_xxaa/nrfx_uarte.c.o
                0x000000000002a634                nrfx_uarte_0_irq_handler
 .text.nrfx_uarte_init
                0x000000000002a75c      0x1c4 _build/nrf52832_xxaa/nrfx_uarte.c.o
                0x000000000002a75c                nrfx_uarte_init
 .text.nrfx_uarte_tx
                0x000000000002a920       0xa0 _build/nrf52832_xxaa/nrfx_uarte.c.o
                0x000000000002a920                nrfx_uarte_tx
 .text.nrfx_uarte_tx_in_progress
                0x000000000002a9c0       0x1c _build/nrf52832_xxaa/nrfx_uarte.c.o
                0x000000000002a9c0                nrfx_uarte_tx_in_progress
 .text.nrfx_uarte_rx
                0x000000000002a9dc      0x12c _build/nrf52832_xxaa/nrfx_uarte.c.o
                0x000000000002a9dc                nrfx_uarte_rx
 .text.alert_timer_handler
                0x000000000002ab08        0x8 _build/nrf52832_xxaa/bsp.c.o
 .text.bsp_button_event_handler
                0x000000000002ab10       0xa0 _build/nrf52832_xxaa/bsp.c.o
 .text.button_timer_handler
                0x000000000002abb0       0x30 _build/nrf52832_xxaa/bsp.c.o
 .text.leds_timer_handler
                0x000000000002abe0      0x2e4 _build/nrf52832_xxaa/bsp.c.o
 .text.bsp_button_is_pressed
                0x000000000002aec4        0xc _build/nrf52832_xxaa/bsp.c.o
                0x000000000002aec4                bsp_button_is_pressed
 .text.bsp_indication_set
                0x000000000002aed0      0x328 _build/nrf52832_xxaa/bsp.c.o
                0x000000000002aed0                bsp_indication_set
 .text.bsp_init
                0x000000000002b1f8       0xbc _build/nrf52832_xxaa/bsp.c.o
                0x000000000002b1f8                bsp_init
 .text.bsp_event_to_button_action_assign
                0x000000000002b2b4       0x50 _build/nrf52832_xxaa/bsp.c.o
                0x000000000002b2b4                bsp_event_to_button_action_assign
 .text.bsp_wakeup_button_enable
                0x000000000002b304       0x30 _build/nrf52832_xxaa/bsp.c.o
                0x000000000002b304                bsp_wakeup_button_enable
 .text.ble_evt_handler
                0x000000000002b334       0xac _build/nrf52832_xxaa/bsp_btn_ble.c.o
 .text.bsp_btn_ble_sleep_mode_prepare
                0x000000000002b3e0       0x24 _build/nrf52832_xxaa/bsp_btn_ble.c.o
                0x000000000002b3e0                bsp_btn_ble_sleep_mode_prepare
 .text.bsp_btn_ble_init
                0x000000000002b404       0x6c _build/nrf52832_xxaa/bsp_btn_ble.c.o
                0x000000000002b404                bsp_btn_ble_init
 .text.sd_ble_gap_disconnect
                0x000000000002b470        0x4 _build/nrf52832_xxaa/main.c.o
 .text.sd_ble_gap_ppcp_set
                0x000000000002b474        0x4 _build/nrf52832_xxaa/main.c.o
 .text.sd_ble_gap_device_name_set
                0x000000000002b478        0x4 _build/nrf52832_xxaa/main.c.o
 .text.sd_ble_gap_sec_params_reply
                0x000000000002b47c        0x4 _build/nrf52832_xxaa/main.c.o
 .text.sd_ble_gap_phy_update
                0x000000000002b480        0x4 _build/nrf52832_xxaa/main.c.o
 .text.sd_ble_gatts_sys_attr_set
                0x000000000002b484        0x4 _build/nrf52832_xxaa/main.c.o
 .text.sd_power_system_off
                0x000000000002b488        0x4 _build/nrf52832_xxaa/main.c.o
 .text.gatt_evt_handler
                0x000000000002b48c       0x64 _build/nrf52832_xxaa/main.c.o
                0x000000000002b48c                gatt_evt_handler
 .text.nrf_qwr_error_handler
                0x000000000002b4f0        0x4 _build/nrf52832_xxaa/main.c.o
 .text.ble_evt_handler
                0x000000000002b4f4      0x120 _build/nrf52832_xxaa/main.c.o
 .text.on_conn_params_evt
                0x000000000002b614       0x24 _build/nrf52832_xxaa/main.c.o
 .text.bsp_event_handler
                0x000000000002b638       0x70 _build/nrf52832_xxaa/main.c.o
                0x000000000002b638                bsp_event_handler
 .text.uart_event_handle
                0x000000000002b6a8       0xb4 _build/nrf52832_xxaa/main.c.o
                0x000000000002b6a8                uart_event_handle
 .text.nus_data_handler
                0x000000000002b75c       0xa0 _build/nrf52832_xxaa/main.c.o
 .text.conn_params_error_handler
                0x000000000002b7fc        0x4 _build/nrf52832_xxaa/main.c.o
 .text.on_adv_evt
                0x000000000002b800       0x40 _build/nrf52832_xxaa/main.c.o
 .text.gatt_init
                0x000000000002b840       0x30 _build/nrf52832_xxaa/main.c.o
                0x000000000002b840                gatt_init
 .text.startup.main
                0x000000000002b870      0x378 _build/nrf52832_xxaa/main.c.o
                0x000000000002b870                main
 .text.SEGGER_RTT_WriteNoLock
                0x000000000002bbe8      0x168 _build/nrf52832_xxaa/SEGGER_RTT.c.o
                0x000000000002bbe8                SEGGER_RTT_WriteNoLock
 .text.SEGGER_RTT_Init
                0x000000000002bd50       0x60 _build/nrf52832_xxaa/SEGGER_RTT.c.o
                0x000000000002bd50                SEGGER_RTT_Init
 .text.sd_ble_gap_addr_get
                0x000000000002bdb0        0x4 _build/nrf52832_xxaa/ble_advdata.c.o
 .text.sd_ble_gap_appearance_get
                0x000000000002bdb4        0x4 _build/nrf52832_xxaa/ble_advdata.c.o
 .text.sd_ble_gap_device_name_get
                0x000000000002bdb8        0x4 _build/nrf52832_xxaa/ble_advdata.c.o
 .text.sd_ble_uuid_encode
                0x000000000002bdbc        0x4 _build/nrf52832_xxaa/ble_advdata.c.o
 .text.uuid_list_sized_encode
                0x000000000002bdc0       0xb4 _build/nrf52832_xxaa/ble_advdata.c.o
 .text.ble_advdata_encode
                0x000000000002be74      0x3f8 _build/nrf52832_xxaa/ble_advdata.c.o
                0x000000000002be74                ble_advdata_encode
 .text.ble_advdata_parse
                0x000000000002c26c       0x4c _build/nrf52832_xxaa/ble_advdata.c.o
                0x000000000002c26c                ble_advdata_parse
 .text.sd_ble_gap_adv_set_configure
                0x000000000002c2b8        0x4 _build/nrf52832_xxaa/ble_advertising.c.o
 .text.sd_ble_gap_adv_start
                0x000000000002c2bc        0x4 _build/nrf52832_xxaa/ble_advertising.c.o
 .text.sd_ble_gap_adv_stop
                0x000000000002c2c0        0x4 _build/nrf52832_xxaa/ble_advertising.c.o
 .text.ble_advertising_start.part.3
                0x000000000002c2c4      0x2d0 _build/nrf52832_xxaa/ble_advertising.c.o
 .text.ble_advertising_conn_cfg_tag_set
                0x000000000002c594        0x8 _build/nrf52832_xxaa/ble_advertising.c.o
                0x000000000002c594                ble_advertising_conn_cfg_tag_set
 .text.ble_advertising_init
                0x000000000002c59c       0xec _build/nrf52832_xxaa/ble_advertising.c.o
                0x000000000002c59c                ble_advertising_init
 .text.ble_advertising_start
                0x000000000002c688      0x2d8 _build/nrf52832_xxaa/ble_advertising.c.o
                0x000000000002c688                ble_advertising_start
 .text.ble_advertising_on_ble_evt
                0x000000000002c960       0x98 _build/nrf52832_xxaa/ble_advertising.c.o
                0x000000000002c960                ble_advertising_on_ble_evt
 .text.ble_advertising_on_sys_evt
                0x000000000002c9f8       0x44 _build/nrf52832_xxaa/ble_advertising.c.o
                0x000000000002c9f8                ble_advertising_on_sys_evt
 .text.ble_advertising_restart_without_whitelist
                0x000000000002ca3c       0x78 _build/nrf52832_xxaa/ble_advertising.c.o
                0x000000000002ca3c                ble_advertising_restart_without_whitelist
 .text.sd_ble_gap_conn_param_update
                0x000000000002cab4        0x4 _build/nrf52832_xxaa/ble_conn_params.c.o
 .text.sd_ble_gap_disconnect
                0x000000000002cab8        0x4 _build/nrf52832_xxaa/ble_conn_params.c.o
 .text.sd_ble_gap_ppcp_set
                0x000000000002cabc        0x4 _build/nrf52832_xxaa/ble_conn_params.c.o
 .text.sd_ble_gap_ppcp_get
                0x000000000002cac0        0x4 _build/nrf52832_xxaa/ble_conn_params.c.o
 .text.update_timeout_handler
                0x000000000002cac4       0x80 _build/nrf52832_xxaa/ble_conn_params.c.o
 .text.ble_evt_handler
                0x000000000002cb44      0x1d4 _build/nrf52832_xxaa/ble_conn_params.c.o
 .text.ble_conn_params_init
                0x000000000002cd18       0x7c _build/nrf52832_xxaa/ble_conn_params.c.o
                0x000000000002cd18                ble_conn_params_init
 .text.ble_evt_handler
                0x000000000002cd94      0x124 _build/nrf52832_xxaa/ble_conn_state.c.o
 .text.ble_conn_state_conn_idx
                0x000000000002ceb8       0x24 _build/nrf52832_xxaa/ble_conn_state.c.o
                0x000000000002ceb8                ble_conn_state_conn_idx
 .text.blcm_link_ctx_get
                0x000000000002cedc       0x4c _build/nrf52832_xxaa/ble_link_ctx_manager.c.o
                0x000000000002cedc                blcm_link_ctx_get
 .text.ble_srv_is_notification_enabled
                0x000000000002cf28        0x8 _build/nrf52832_xxaa/ble_srv_common.c.o
                0x000000000002cf28                ble_srv_is_notification_enabled
 .text.sd_ble_gap_data_length_update
                0x000000000002cf30        0x4 _build/nrf52832_xxaa/nrf_ble_gatt.c.o
 .text.sd_ble_gattc_exchange_mtu_request
                0x000000000002cf34        0x4 _build/nrf52832_xxaa/nrf_ble_gatt.c.o
 .text.sd_ble_gatts_exchange_mtu_reply
                0x000000000002cf38        0x4 _build/nrf52832_xxaa/nrf_ble_gatt.c.o
 .text.data_length_update
                0x000000000002cf3c       0xa4 _build/nrf52832_xxaa/nrf_ble_gatt.c.o
 .text.nrf_ble_gatt_init
                0x000000000002cfe0       0x30 _build/nrf52832_xxaa/nrf_ble_gatt.c.o
                0x000000000002cfe0                nrf_ble_gatt_init
 .text.nrf_ble_gatt_att_mtu_periph_set
                0x000000000002d010       0x18 _build/nrf52832_xxaa/nrf_ble_gatt.c.o
                0x000000000002d010                nrf_ble_gatt_att_mtu_periph_set
 .text.nrf_ble_gatt_on_ble_evt
                0x000000000002d028      0x2d4 _build/nrf52832_xxaa/nrf_ble_gatt.c.o
                0x000000000002d028                nrf_ble_gatt_on_ble_evt
 .text.sd_ble_gatts_rw_authorize_reply
                0x000000000002d2fc        0x4 _build/nrf52832_xxaa/nrf_ble_qwr.c.o
 .text.sd_ble_user_mem_reply
                0x000000000002d300        0x4 _build/nrf52832_xxaa/nrf_ble_qwr.c.o
 .text.nrf_ble_qwr_init
                0x000000000002d304       0x24 _build/nrf52832_xxaa/nrf_ble_qwr.c.o
                0x000000000002d304                nrf_ble_qwr_init
 .text.nrf_ble_qwr_conn_handle_assign
                0x000000000002d328       0x18 _build/nrf52832_xxaa/nrf_ble_qwr.c.o
                0x000000000002d328                nrf_ble_qwr_conn_handle_assign
 .text.nrf_ble_qwr_on_ble_evt
                0x000000000002d340       0xf8 _build/nrf52832_xxaa/nrf_ble_qwr.c.o
                0x000000000002d340                nrf_ble_qwr_on_ble_evt
 .text.sd_ble_gatts_service_add
                0x000000000002d438        0x4 _build/nrf52832_xxaa/ble_nus.c.o
 .text.sd_ble_gatts_characteristic_add
                0x000000000002d43c        0x4 _build/nrf52832_xxaa/ble_nus.c.o
 .text.sd_ble_gatts_value_get
                0x000000000002d440        0x4 _build/nrf52832_xxaa/ble_nus.c.o
 .text.sd_ble_gatts_hvx
                0x000000000002d444        0x4 _build/nrf52832_xxaa/ble_nus.c.o
 .text.sd_ble_uuid_vs_add
                0x000000000002d448        0x4 _build/nrf52832_xxaa/ble_nus.c.o
 .text.ble_nus_on_ble_evt
                0x000000000002d44c      0x13c _build/nrf52832_xxaa/ble_nus.c.o
                0x000000000002d44c                ble_nus_on_ble_evt
 .text.ble_nus_init
                0x000000000002d588      0x1c4 _build/nrf52832_xxaa/ble_nus.c.o
                0x000000000002d588                ble_nus_init
 .text.ble_nus_data_send
                0x000000000002d74c       0x68 _build/nrf52832_xxaa/ble_nus.c.o
                0x000000000002d74c                ble_nus_data_send
 .text.sd_softdevice_enable
                0x000000000002d7b4        0x4 _build/nrf52832_xxaa/nrf_sdh.c.o
 .text.sd_softdevice_disable
                0x000000000002d7b8        0x4 _build/nrf52832_xxaa/nrf_sdh.c.o
 .text.nrf_sdh_enable_request
                0x000000000002d7bc      0x120 _build/nrf52832_xxaa/nrf_sdh.c.o
                0x000000000002d7bc                nrf_sdh_enable_request
 .text.nrf_sdh_disable_request
                0x000000000002d8dc       0xe0 _build/nrf52832_xxaa/nrf_sdh.c.o
                0x000000000002d8dc                nrf_sdh_disable_request
 .text.nrf_sdh_request_continue
                0x000000000002d9bc       0x20 _build/nrf52832_xxaa/nrf_sdh.c.o
                0x000000000002d9bc                nrf_sdh_request_continue
 .text.nrf_sdh_is_enabled
                0x000000000002d9dc        0xc _build/nrf52832_xxaa/nrf_sdh.c.o
                0x000000000002d9dc                nrf_sdh_is_enabled
 .text.SWI2_EGU2_IRQHandler
                0x000000000002d9e8       0x2c _build/nrf52832_xxaa/nrf_sdh.c.o
                0x000000000002d9e8                SWI2_EGU2_IRQHandler
 .text.sd_ble_enable
                0x000000000002da14        0x4 _build/nrf52832_xxaa/nrf_sdh_ble.c.o
 .text.sd_ble_cfg_set
                0x000000000002da18        0x4 _build/nrf52832_xxaa/nrf_sdh_ble.c.o
 .text.sd_ble_evt_get
                0x000000000002da1c        0x4 _build/nrf52832_xxaa/nrf_sdh_ble.c.o
 .text.nrf_sdh_ble_evts_poll.part.1
                0x000000000002da20       0x54 _build/nrf52832_xxaa/nrf_sdh_ble.c.o
 .text.nrf_sdh_ble_evts_poll
                0x000000000002da74       0x10 _build/nrf52832_xxaa/nrf_sdh_ble.c.o
 .text.nrf_sdh_ble_default_cfg_set
                0x000000000002da84      0x1ac _build/nrf52832_xxaa/nrf_sdh_ble.c.o
                0x000000000002da84                nrf_sdh_ble_default_cfg_set
 .text.nrf_sdh_ble_enable
                0x000000000002dc30       0x9c _build/nrf52832_xxaa/nrf_sdh_ble.c.o
                0x000000000002dc30                nrf_sdh_ble_enable
 .text.sd_evt_get
                0x000000000002dccc        0x4 _build/nrf52832_xxaa/nrf_sdh_soc.c.o
 .text.nrf_sdh_soc_evts_poll
                0x000000000002dcd0       0x4c _build/nrf52832_xxaa/nrf_sdh_soc.c.o
 .text.exit     0x000000000002dd1c       0x28 /Users/admin/CMMC/gcc-arm-none-eabi/bin/../lib/gcc/arm-none-eabi/7.2.1/../../../../arm-none-eabi/lib/thumb/v7e-m/fpv4-sp/hard/libc_nano.a(lib_a-exit.o)
                0x000000000002dd1c                exit
 .text.__libc_init_array
                0x000000000002dd44       0x48 /Users/admin/CMMC/gcc-arm-none-eabi/bin/../lib/gcc/arm-none-eabi/7.2.1/../../../../arm-none-eabi/lib/thumb/v7e-m/fpv4-sp/hard/libc_nano.a(lib_a-init.o)
                0x000000000002dd44                __libc_init_array
 .text.__locale_ctype_ptr
                0x000000000002dd8c       0x1c /Users/admin/CMMC/gcc-arm-none-eabi/bin/../lib/gcc/arm-none-eabi/7.2.1/../../../../arm-none-eabi/lib/thumb/v7e-m/fpv4-sp/hard/libc_nano.a(lib_a-locale.o)
                0x000000000002dd8c                __locale_ctype_ptr
 .text.__ascii_mbtowc
                0x000000000002dda8       0x24 /Users/admin/CMMC/gcc-arm-none-eabi/bin/../lib/gcc/arm-none-eabi/7.2.1/../../../../arm-none-eabi/lib/thumb/v7e-m/fpv4-sp/hard/libc_nano.a(lib_a-mbtowc_r.o)
                0x000000000002dda8                __ascii_mbtowc
 .text.memcpy   0x000000000002ddcc       0x16 /Users/admin/CMMC/gcc-arm-none-eabi/bin/../lib/gcc/arm-none-eabi/7.2.1/../../../../arm-none-eabi/lib/thumb/v7e-m/fpv4-sp/hard/libc_nano.a(lib_a-memcpy-stub.o)
                0x000000000002ddcc                memcpy
 .text.memset   0x000000000002dde2       0x10 /Users/admin/CMMC/gcc-arm-none-eabi/bin/../lib/gcc/arm-none-eabi/7.2.1/../../../../arm-none-eabi/lib/thumb/v7e-m/fpv4-sp/hard/libc_nano.a(lib_a-memset.o)
                0x000000000002dde2                memset
 *fill*         0x000000000002ddf2        0x2 
 .text.printf   0x000000000002ddf4       0x30 /Users/admin/CMMC/gcc-arm-none-eabi/bin/../lib/gcc/arm-none-eabi/7.2.1/../../../../arm-none-eabi/lib/thumb/v7e-m/fpv4-sp/hard/libc_nano.a(lib_a-printf.o)
                0x000000000002ddf4                printf
                0x000000000002ddf4                iprintf
 .text.strcpy   0x000000000002de24       0x10 /Users/admin/CMMC/gcc-arm-none-eabi/bin/../lib/gcc/arm-none-eabi/7.2.1/../../../../arm-none-eabi/lib/thumb/v7e-m/fpv4-sp/hard/libc_nano.a(lib_a-strcpy.o)
                0x000000000002de24                strcpy
 .text          0x000000000002de34       0x10 /Users/admin/CMMC/gcc-arm-none-eabi/bin/../lib/gcc/arm-none-eabi/7.2.1/../../../../arm-none-eabi/lib/thumb/v7e-m/fpv4-sp/hard/libc_nano.a(lib_a-strlen.o)
                0x000000000002de34                strlen
 .text.__ascii_wctomb
                0x000000000002de44       0x1a /Users/admin/CMMC/gcc-arm-none-eabi/bin/../lib/gcc/arm-none-eabi/7.2.1/../../../../arm-none-eabi/lib/thumb/v7e-m/fpv4-sp/hard/libc_nano.a(lib_a-wctomb_r.o)
                0x000000000002de44                __ascii_wctomb
 *fill*         0x000000000002de5e        0x2 
 .text.std      0x000000000002de60       0x48 /Users/admin/CMMC/gcc-arm-none-eabi/bin/../lib/gcc/arm-none-eabi/7.2.1/../../../../arm-none-eabi/lib/thumb/v7e-m/fpv4-sp/hard/libc_nano.a(lib_a-findfp.o)
 .text._cleanup_r
                0x000000000002dea8        0xc /Users/admin/CMMC/gcc-arm-none-eabi/bin/../lib/gcc/arm-none-eabi/7.2.1/../../../../arm-none-eabi/lib/thumb/v7e-m/fpv4-sp/hard/libc_nano.a(lib_a-findfp.o)
                0x000000000002dea8                _cleanup_r
 .text.__sfmoreglue
                0x000000000002deb4       0x2c /Users/admin/CMMC/gcc-arm-none-eabi/bin/../lib/gcc/arm-none-eabi/7.2.1/../../../../arm-none-eabi/lib/thumb/v7e-m/fpv4-sp/hard/libc_nano.a(lib_a-findfp.o)
                0x000000000002deb4                __sfmoreglue
 .text.__sinit  0x000000000002dee0       0x60 /Users/admin/CMMC/gcc-arm-none-eabi/bin/../lib/gcc/arm-none-eabi/7.2.1/../../../../arm-none-eabi/lib/thumb/v7e-m/fpv4-sp/hard/libc_nano.a(lib_a-findfp.o)
                0x000000000002dee0                __sinit
 .text.__sfp    0x000000000002df40       0x78 /Users/admin/CMMC/gcc-arm-none-eabi/bin/../lib/gcc/arm-none-eabi/7.2.1/../../../../arm-none-eabi/lib/thumb/v7e-m/fpv4-sp/hard/libc_nano.a(lib_a-findfp.o)
                0x000000000002df40                __sfp
 .text._fwalk_reent
                0x000000000002dfb8       0x3c /Users/admin/CMMC/gcc-arm-none-eabi/bin/../lib/gcc/arm-none-eabi/7.2.1/../../../../arm-none-eabi/lib/thumb/v7e-m/fpv4-sp/hard/libc_nano.a(lib_a-fwalk.o)
                0x000000000002dfb8                _fwalk_reent
 .text._malloc_r
                0x000000000002dff4       0xb4 /Users/admin/CMMC/gcc-arm-none-eabi/bin/../lib/gcc/arm-none-eabi/7.2.1/../../../../arm-none-eabi/lib/thumb/v7e-m/fpv4-sp/hard/libc_nano.a(lib_a-nano-mallocr.o)
                0x000000000002dff4                _malloc_r
 .text.__sfputc_r
                0x000000000002e0a8       0x2e /Users/admin/CMMC/gcc-arm-none-eabi/bin/../lib/gcc/arm-none-eabi/7.2.1/../../../../arm-none-eabi/lib/thumb/v7e-m/fpv4-sp/hard/libc_nano.a(lib_a-nano-vfprintf.o)
 .text.__sfputs_r
                0x000000000002e0d6       0x24 /Users/admin/CMMC/gcc-arm-none-eabi/bin/../lib/gcc/arm-none-eabi/7.2.1/../../../../arm-none-eabi/lib/thumb/v7e-m/fpv4-sp/hard/libc_nano.a(lib_a-nano-vfprintf.o)
                0x000000000002e0d6                __sfputs_r
 *fill*         0x000000000002e0fa        0x2 
 .text._vfprintf_r
                0x000000000002e0fc      0x228 /Users/admin/CMMC/gcc-arm-none-eabi/bin/../lib/gcc/arm-none-eabi/7.2.1/../../../../arm-none-eabi/lib/thumb/v7e-m/fpv4-sp/hard/libc_nano.a(lib_a-nano-vfprintf.o)
                0x000000000002e0fc                _vfiprintf_r
                0x000000000002e0fc                _vfprintf_r
 .text._printf_common
                0x000000000002e324       0xea /Users/admin/CMMC/gcc-arm-none-eabi/bin/../lib/gcc/arm-none-eabi/7.2.1/../../../../arm-none-eabi/lib/thumb/v7e-m/fpv4-sp/hard/libc_nano.a(lib_a-nano-vfprintf_i.o)
                0x000000000002e324                _printf_common
 *fill*         0x000000000002e40e        0x2 
 .text._printf_i
                0x000000000002e410      0x224 /Users/admin/CMMC/gcc-arm-none-eabi/bin/../lib/gcc/arm-none-eabi/7.2.1/../../../../arm-none-eabi/lib/thumb/v7e-m/fpv4-sp/hard/libc_nano.a(lib_a-nano-vfprintf_i.o)
                0x000000000002e410                _printf_i
 .text._sbrk_r  0x000000000002e634       0x20 /Users/admin/CMMC/gcc-arm-none-eabi/bin/../lib/gcc/arm-none-eabi/7.2.1/../../../../arm-none-eabi/lib/thumb/v7e-m/fpv4-sp/hard/libc_nano.a(lib_a-sbrkr.o)
                0x000000000002e634                _sbrk_r
 .text.__sread  0x000000000002e654       0x22 /Users/admin/CMMC/gcc-arm-none-eabi/bin/../lib/gcc/arm-none-eabi/7.2.1/../../../../arm-none-eabi/lib/thumb/v7e-m/fpv4-sp/hard/libc_nano.a(lib_a-stdio.o)
                0x000000000002e654                __sread
 .text.__swrite
                0x000000000002e676       0x38 /Users/admin/CMMC/gcc-arm-none-eabi/bin/../lib/gcc/arm-none-eabi/7.2.1/../../../../arm-none-eabi/lib/thumb/v7e-m/fpv4-sp/hard/libc_nano.a(lib_a-stdio.o)
                0x000000000002e676                __swrite
 .text.__sseek  0x000000000002e6ae       0x24 /Users/admin/CMMC/gcc-arm-none-eabi/bin/../lib/gcc/arm-none-eabi/7.2.1/../../../../arm-none-eabi/lib/thumb/v7e-m/fpv4-sp/hard/libc_nano.a(lib_a-stdio.o)
                0x000000000002e6ae                __sseek
 .text.__sclose
                0x000000000002e6d2        0x8 /Users/admin/CMMC/gcc-arm-none-eabi/bin/../lib/gcc/arm-none-eabi/7.2.1/../../../../arm-none-eabi/lib/thumb/v7e-m/fpv4-sp/hard/libc_nano.a(lib_a-stdio.o)
                0x000000000002e6d2                __sclose
 *fill*         0x000000000002e6da        0x2 
 .text.__swbuf_r
                0x000000000002e6dc       0xa4 /Users/admin/CMMC/gcc-arm-none-eabi/bin/../lib/gcc/arm-none-eabi/7.2.1/../../../../arm-none-eabi/lib/thumb/v7e-m/fpv4-sp/hard/libc_nano.a(lib_a-wbuf.o)
                0x000000000002e6dc                __swbuf_r
 .text._write_r
                0x000000000002e780       0x24 /Users/admin/CMMC/gcc-arm-none-eabi/bin/../lib/gcc/arm-none-eabi/7.2.1/../../../../arm-none-eabi/lib/thumb/v7e-m/fpv4-sp/hard/libc_nano.a(lib_a-writer.o)
                0x000000000002e780                _write_r
 .text.__swsetup_r
                0x000000000002e7a4       0xdc /Users/admin/CMMC/gcc-arm-none-eabi/bin/../lib/gcc/arm-none-eabi/7.2.1/../../../../arm-none-eabi/lib/thumb/v7e-m/fpv4-sp/hard/libc_nano.a(lib_a-wsetup.o)
                0x000000000002e7a4                __swsetup_r
 .text._close_r
                0x000000000002e880       0x20 /Users/admin/CMMC/gcc-arm-none-eabi/bin/../lib/gcc/arm-none-eabi/7.2.1/../../../../arm-none-eabi/lib/thumb/v7e-m/fpv4-sp/hard/libc_nano.a(lib_a-closer.o)
                0x000000000002e880                _close_r
 .text.__sflush_r
                0x000000000002e8a0      0x10c /Users/admin/CMMC/gcc-arm-none-eabi/bin/../lib/gcc/arm-none-eabi/7.2.1/../../../../arm-none-eabi/lib/thumb/v7e-m/fpv4-sp/hard/libc_nano.a(lib_a-fflush.o)
                0x000000000002e8a0                __sflush_r
 .text._fflush_r
                0x000000000002e9ac       0x54 /Users/admin/CMMC/gcc-arm-none-eabi/bin/../lib/gcc/arm-none-eabi/7.2.1/../../../../arm-none-eabi/lib/thumb/v7e-m/fpv4-sp/hard/libc_nano.a(lib_a-fflush.o)
                0x000000000002e9ac                _fflush_r
 .text._lseek_r
                0x000000000002ea00       0x24 /Users/admin/CMMC/gcc-arm-none-eabi/bin/../lib/gcc/arm-none-eabi/7.2.1/../../../../arm-none-eabi/lib/thumb/v7e-m/fpv4-sp/hard/libc_nano.a(lib_a-lseekr.o)
                0x000000000002ea00                _lseek_r
 .text.__swhatbuf_r
                0x000000000002ea24       0x48 /Users/admin/CMMC/gcc-arm-none-eabi/bin/../lib/gcc/arm-none-eabi/7.2.1/../../../../arm-none-eabi/lib/thumb/v7e-m/fpv4-sp/hard/libc_nano.a(lib_a-makebuf.o)
                0x000000000002ea24                __swhatbuf_r
 .text.__smakebuf_r
                0x000000000002ea6c       0x80 /Users/admin/CMMC/gcc-arm-none-eabi/bin/../lib/gcc/arm-none-eabi/7.2.1/../../../../arm-none-eabi/lib/thumb/v7e-m/fpv4-sp/hard/libc_nano.a(lib_a-makebuf.o)
                0x000000000002ea6c                __smakebuf_r
 *fill*         0x000000000002eaec        0x4 
 .text          0x000000000002eaf0       0xa0 /Users/admin/CMMC/gcc-arm-none-eabi/bin/../lib/gcc/arm-none-eabi/7.2.1/../../../../arm-none-eabi/lib/thumb/v7e-m/fpv4-sp/hard/libc_nano.a(lib_a-memchr.o)
                0x000000000002eaf0                memchr
 .text.__malloc_lock
                0x000000000002eb90        0x2 /Users/admin/CMMC/gcc-arm-none-eabi/bin/../lib/gcc/arm-none-eabi/7.2.1/../../../../arm-none-eabi/lib/thumb/v7e-m/fpv4-sp/hard/libc_nano.a(lib_a-mlock.o)
                0x000000000002eb90                __malloc_lock
 .text.__malloc_unlock
                0x000000000002eb92        0x2 /Users/admin/CMMC/gcc-arm-none-eabi/bin/../lib/gcc/arm-none-eabi/7.2.1/../../../../arm-none-eabi/lib/thumb/v7e-m/fpv4-sp/hard/libc_nano.a(lib_a-mlock.o)
                0x000000000002eb92                __malloc_unlock
 .text._free_r  0x000000000002eb94       0x9c /Users/admin/CMMC/gcc-arm-none-eabi/bin/../lib/gcc/arm-none-eabi/7.2.1/../../../../arm-none-eabi/lib/thumb/v7e-m/fpv4-sp/hard/libc_nano.a(lib_a-nano-freer.o)
                0x000000000002eb94                _free_r
 .text._read_r  0x000000000002ec30       0x24 /Users/admin/CMMC/gcc-arm-none-eabi/bin/../lib/gcc/arm-none-eabi/7.2.1/../../../../arm-none-eabi/lib/thumb/v7e-m/fpv4-sp/hard/libc_nano.a(lib_a-readr.o)
                0x000000000002ec30                _read_r
 .text._fstat_r
                0x000000000002ec54       0x24 /Users/admin/CMMC/gcc-arm-none-eabi/bin/../lib/gcc/arm-none-eabi/7.2.1/../../../../arm-none-eabi/lib/thumb/v7e-m/fpv4-sp/hard/libc_nano.a(lib_a-fstatr.o)
                0x000000000002ec54                _fstat_r
 .text._isatty_r
                0x000000000002ec78       0x20 /Users/admin/CMMC/gcc-arm-none-eabi/bin/../lib/gcc/arm-none-eabi/7.2.1/../../../../arm-none-eabi/lib/thumb/v7e-m/fpv4-sp/hard/libc_nano.a(lib_a-isattyr.o)
                0x000000000002ec78                _isatty_r
 .text._close   0x000000000002ec98       0x10 /Users/admin/CMMC/gcc-arm-none-eabi/bin/../lib/gcc/arm-none-eabi/7.2.1/../../../../arm-none-eabi/lib/thumb/v7e-m/fpv4-sp/hard/libnosys.a(close.o)
                0x000000000002ec98                _close
 .text._fstat   0x000000000002eca8       0x10 /Users/admin/CMMC/gcc-arm-none-eabi/bin/../lib/gcc/arm-none-eabi/7.2.1/../../../../arm-none-eabi/lib/thumb/v7e-m/fpv4-sp/hard/libnosys.a(fstat.o)
                0x000000000002eca8                _fstat
 .text._isatty  0x000000000002ecb8       0x10 /Users/admin/CMMC/gcc-arm-none-eabi/bin/../lib/gcc/arm-none-eabi/7.2.1/../../../../arm-none-eabi/lib/thumb/v7e-m/fpv4-sp/hard/libnosys.a(isatty.o)
                0x000000000002ecb8                _isatty
 .text._lseek   0x000000000002ecc8       0x10 /Users/admin/CMMC/gcc-arm-none-eabi/bin/../lib/gcc/arm-none-eabi/7.2.1/../../../../arm-none-eabi/lib/thumb/v7e-m/fpv4-sp/hard/libnosys.a(lseek.o)
                0x000000000002ecc8                _lseek
 .text._sbrk    0x000000000002ecd8       0x1c /Users/admin/CMMC/gcc-arm-none-eabi/bin/../lib/gcc/arm-none-eabi/7.2.1/../../../../arm-none-eabi/lib/thumb/v7e-m/fpv4-sp/hard/libnosys.a(sbrk.o)
                0x000000000002ecd8                _sbrk
 .text._exit    0x000000000002ecf4        0x4 /Users/admin/CMMC/gcc-arm-none-eabi/bin/../lib/gcc/arm-none-eabi/7.2.1/../../../../arm-none-eabi/lib/thumb/v7e-m/fpv4-sp/hard/libnosys.a(_exit.o)
                0x000000000002ecf4                _exit
 .text          0x000000000002ecf8       0x30 /Users/admin/CMMC/gcc-arm-none-eabi/bin/../lib/gcc/arm-none-eabi/7.2.1/thumb/v7e-m/fpv4-sp/hard/libgcc.a(_aeabi_uldivmod.o)
                0x000000000002ecf8                __aeabi_uldivmod
 .text          0x000000000002ed28      0x2cc /Users/admin/CMMC/gcc-arm-none-eabi/bin/../lib/gcc/arm-none-eabi/7.2.1/thumb/v7e-m/fpv4-sp/hard/libgcc.a(_udivmoddi4.o)
                0x000000000002ed28                __udivmoddi4
 .text          0x000000000002eff4        0x4 /Users/admin/CMMC/gcc-arm-none-eabi/bin/../lib/gcc/arm-none-eabi/7.2.1/thumb/v7e-m/fpv4-sp/hard/libgcc.a(_dvmd_tls.o)
                0x000000000002eff4                __aeabi_ldiv0
                0x000000000002eff4                __aeabi_idiv0
 *(.init)
 .init          0x000000000002eff8        0x4 /Users/admin/CMMC/gcc-arm-none-eabi/bin/../lib/gcc/arm-none-eabi/7.2.1/thumb/v7e-m/fpv4-sp/hard/crti.o
                0x000000000002eff8                _init
 .init          0x000000000002effc        0x8 /Users/admin/CMMC/gcc-arm-none-eabi/bin/../lib/gcc/arm-none-eabi/7.2.1/thumb/v7e-m/fpv4-sp/hard/crtn.o
 *(.fini)
 .fini          0x000000000002f004        0x4 /Users/admin/CMMC/gcc-arm-none-eabi/bin/../lib/gcc/arm-none-eabi/7.2.1/thumb/v7e-m/fpv4-sp/hard/crti.o
                0x000000000002f004                _fini
 .fini          0x000000000002f008        0x8 /Users/admin/CMMC/gcc-arm-none-eabi/bin/../lib/gcc/arm-none-eabi/7.2.1/thumb/v7e-m/fpv4-sp/hard/crtn.o
 *crtbegin.o(.ctors)
 *crtbegin?.o(.ctors)
 *(EXCLUDE_FILE(*crtend.o *crtend?.o) .ctors)
 *(SORT_BY_NAME(.ctors.*))
 *(.ctors)
 *crtbegin.o(.dtors)
 *crtbegin?.o(.dtors)
 *(EXCLUDE_FILE(*crtend.o *crtend?.o) .dtors)
 *(SORT_BY_NAME(.dtors.*))
 *(.dtors)
 *(.rodata*)
 .rodata.delay_bytecode.8968
                0x000000000002f010        0x6 _build/nrf52832_xxaa/nrf_log_backend_rtt.c.o
 *fill*         0x000000000002f016        0x2 
 .rodata.nrf_log_backend_rtt_api
                0x000000000002f018        0xc _build/nrf52832_xxaa/nrf_log_backend_rtt.c.o
                0x000000000002f018                nrf_log_backend_rtt_api
 .rodata.nrf_log_frontend_dequeue.part.6.str1.4
                0x000000000002f024       0x11 _build/nrf52832_xxaa/nrf_log_frontend.c.o
 *fill*         0x000000000002f035        0x3 
 .rodata.str1.4
                0x000000000002f038       0x17 _build/nrf52832_xxaa/nrf_log_frontend.c.o
 *fill*         0x000000000002f04f        0x1 
 .rodata.m_colors
                0x000000000002f050       0x24 _build/nrf52832_xxaa/nrf_log_str_formatter.c.o
 .rodata.nrf_log_hexdump_entry_process.str1.4
                0x000000000002f074       0x13 _build/nrf52832_xxaa/nrf_log_str_formatter.c.o
                                         0x16 (size before relaxing)
 *fill*         0x000000000002f087        0x1 
 .rodata.nrf_log_std_entry_process.str1.4
                0x000000000002f088       0x3b _build/nrf52832_xxaa/nrf_log_str_formatter.c.o
 *fill*         0x000000000002f0c3        0x1 
 .rodata.severity_names
                0x000000000002f0c4       0x14 _build/nrf52832_xxaa/nrf_log_str_formatter.c.o
 .rodata.str1.4
                0x000000000002f0d8       0x56 _build/nrf52832_xxaa/nrf_log_str_formatter.c.o
 *fill*         0x000000000002f12e        0x2 
 .rodata.m_detection_delay_timer_id
                0x000000000002f130        0x4 _build/nrf52832_xxaa/app_button.c.o
 .rodata.app_error_fault_handler.str1.4
                0x000000000002f134       0x19 _build/nrf52832_xxaa/app_error_weak.c.o
 *fill*         0x000000000002f14d        0x3 
 .rodata.delay_bytecode.8697
                0x000000000002f150        0x6 _build/nrf52832_xxaa/app_timer.c.o
 *fill*         0x000000000002f156        0x2 
 .rodata        0x000000000002f158       0x20 _build/nrf52832_xxaa/app_uart_fifo.c.o
 .rodata._aV2C.7399
                0x000000000002f178       0x10 _build/nrf52832_xxaa/nrf_fprintf_format.c.o
 .rodata.str1.4
                0x000000000002f188        0xd _build/nrf52832_xxaa/nrf_fstorage.c.o
 *fill*         0x000000000002f195        0x3 
 .rodata.str1.4
                0x000000000002f198        0xe _build/nrf52832_xxaa/nrf_fstorage_sd.c.o
 *fill*         0x000000000002f1a6        0x2 
 .rodata.pwr_mgmt_data
                0x000000000002f1a8        0xc _build/nrf52832_xxaa/nrf_pwr_mgmt.c.o
 .rodata.str1.4
                0x000000000002f1b4        0x9 _build/nrf52832_xxaa/nrf_pwr_mgmt.c.o
 *fill*         0x000000000002f1bd        0x3 
 .rodata.m_unknown_str
                0x000000000002f1c0       0x13 _build/nrf52832_xxaa/nrf_strerror.c.o
 *fill*         0x000000000002f1d3        0x1 
 .rodata.nrf_strerror_array
                0x000000000002f1d4      0x128 _build/nrf52832_xxaa/nrf_strerror.c.o
 .rodata.str1.4
                0x000000000002f2fc      0x3e9 _build/nrf52832_xxaa/nrf_strerror.c.o
 *fill*         0x000000000002f6e5        0x3 
 .rodata.m_board_btn_list
                0x000000000002f6e8        0x4 _build/nrf52832_xxaa/boards.c.o
 .rodata.m_board_led_list
                0x000000000002f6ec        0x4 _build/nrf52832_xxaa/boards.c.o
 .rodata.str1.4
                0x000000000002f6f0        0x6 _build/nrf52832_xxaa/nrf_drv_clock.c.o
 *fill*         0x000000000002f6f6        0x2 
 .rodata.str1.4
                0x000000000002f6f8        0x6 _build/nrf52832_xxaa/nrfx_clock.c.o
 *fill*         0x000000000002f6fe        0x2 
 .rodata.str1.4
                0x000000000002f700        0x7 _build/nrf52832_xxaa/nrfx_gpiote.c.o
 *fill*         0x000000000002f707        0x1 
 .rodata.str1.4
                0x000000000002f708        0x4 _build/nrf52832_xxaa/nrfx_prs.c.o
 .rodata.str1.4
                0x000000000002f70c        0x5 _build/nrf52832_xxaa/nrfx_uart.c.o
 *fill*         0x000000000002f711        0x3 
 .rodata.str1.4
                0x000000000002f714        0x6 _build/nrf52832_xxaa/nrfx_uarte.c.o
 *fill*         0x000000000002f71a        0x2 
 .rodata.app_buttons
                0x000000000002f71c       0x20 _build/nrf52832_xxaa/bsp.c.o
 .rodata.m_bsp_alert_tmr
                0x000000000002f73c        0x4 _build/nrf52832_xxaa/bsp.c.o
 .rodata.m_bsp_button_tmr
                0x000000000002f740        0x4 _build/nrf52832_xxaa/bsp.c.o
 .rodata.m_bsp_leds_tmr
                0x000000000002f744        0x4 _build/nrf52832_xxaa/bsp.c.o
 .rodata        0x000000000002f748       0x18 _build/nrf52832_xxaa/main.c.o
 .rodata.ble_evt_handler.str1.4
                0x000000000002f760       0x30 _build/nrf52832_xxaa/main.c.o
 .rodata.gatt_evt_handler.str1.4
                0x000000000002f790       0x55 _build/nrf52832_xxaa/main.c.o
 *fill*         0x000000000002f7e5        0x3 
 .rodata.main.str1.4
                0x000000000002f7e8       0x9f _build/nrf52832_xxaa/main.c.o
 *fill*         0x000000000002f887        0x1 
 .rodata.nus_data_handler.str1.4
                0x000000000002f888       0x5f _build/nrf52832_xxaa/main.c.o
 *fill*         0x000000000002f8e7        0x1 
 .rodata.uart_event_handle.str1.4
                0x000000000002f8e8       0x20 _build/nrf52832_xxaa/main.c.o
 .rodata.SEGGER_RTT_ReadNoLock.str1.4
                0x000000000002f908       0x17 _build/nrf52832_xxaa/SEGGER_RTT.c.o
 *fill*         0x000000000002f91f        0x1 
 .rodata.data_length_update.str1.4
                0x000000000002f920      0x112 _build/nrf52832_xxaa/nrf_ble_gatt.c.o
 *fill*         0x000000000002fa32        0x2 
 .rodata.nrf_ble_gatt_on_ble_evt.str1.4
                0x000000000002fa34      0x2ad _build/nrf52832_xxaa/nrf_ble_gatt.c.o
 *fill*         0x000000000002fce1        0x3 
 .rodata.str1.4
                0x000000000002fce4        0xd _build/nrf52832_xxaa/nrf_ble_gatt.c.o
 *fill*         0x000000000002fcf1        0x3 
 .rodata        0x000000000002fcf4       0x10 _build/nrf52832_xxaa/ble_nus.c.o
 .rodata.str1.4
                0x000000000002fd04        0x8 _build/nrf52832_xxaa/ble_nus.c.o
 .rodata        0x000000000002fd0c        0x4 _build/nrf52832_xxaa/nrf_sdh.c.o
 .rodata.sdh_req_observers
                0x000000000002fd10        0xc _build/nrf52832_xxaa/nrf_sdh.c.o
 .rodata.sdh_stack_observers
                0x000000000002fd1c        0xc _build/nrf52832_xxaa/nrf_sdh.c.o
 .rodata.sdh_state_observers
                0x000000000002fd28        0xc _build/nrf52832_xxaa/nrf_sdh.c.o
 .rodata.str1.4
                0x000000000002fd34        0x8 _build/nrf52832_xxaa/nrf_sdh.c.o
 .rodata.nrf_sdh_ble_default_cfg_set.str1.4
                0x000000000002fd3c      0x1cf _build/nrf52832_xxaa/nrf_sdh_ble.c.o
 *fill*         0x000000000002ff0b        0x1 
 .rodata.nrf_sdh_ble_enable.str1.4
                0x000000000002ff0c       0xad _build/nrf52832_xxaa/nrf_sdh_ble.c.o
 *fill*         0x000000000002ffb9        0x3 
 .rodata.sdh_ble_observers
                0x000000000002ffbc        0xc _build/nrf52832_xxaa/nrf_sdh_ble.c.o
 .rodata.str1.4
                0x000000000002ffc8        0xc _build/nrf52832_xxaa/nrf_sdh_ble.c.o
 .rodata.sdh_soc_observers
                0x000000000002ffd4        0xc _build/nrf52832_xxaa/nrf_sdh_soc.c.o
 .rodata.str1.4
                0x000000000002ffe0        0xc _build/nrf52832_xxaa/nrf_sdh_soc.c.o
 .rodata._global_impure_ptr
                0x000000000002ffec        0x4 /Users/admin/CMMC/gcc-arm-none-eabi/bin/../lib/gcc/arm-none-eabi/7.2.1/../../../../arm-none-eabi/lib/thumb/v7e-m/fpv4-sp/hard/libc_nano.a(lib_a-impure.o)
                0x000000000002ffec                _global_impure_ptr
 .rodata._setlocale_r.str1.1
                0x000000000002fff0        0x8 /Users/admin/CMMC/gcc-arm-none-eabi/bin/../lib/gcc/arm-none-eabi/7.2.1/../../../../arm-none-eabi/lib/thumb/v7e-m/fpv4-sp/hard/libc_nano.a(lib_a-locale.o)
                                          0x9 (size before relaxing)
 .rodata.str1.1
                0x000000000002fff8        0x2 /Users/admin/CMMC/gcc-arm-none-eabi/bin/../lib/gcc/arm-none-eabi/7.2.1/../../../../arm-none-eabi/lib/thumb/v7e-m/fpv4-sp/hard/libc_nano.a(lib_a-locale.o)
 .rodata._ctype_
                0x000000000002fffa      0x101 /Users/admin/CMMC/gcc-arm-none-eabi/bin/../lib/gcc/arm-none-eabi/7.2.1/../../../../arm-none-eabi/lib/thumb/v7e-m/fpv4-sp/hard/libc_nano.a(lib_a-ctype_.o)
                0x000000000002fffa                _ctype_
 *fill*         0x00000000000300fb        0x1 
 .rodata.__sf_fake_stderr
                0x00000000000300fc       0x20 /Users/admin/CMMC/gcc-arm-none-eabi/bin/../lib/gcc/arm-none-eabi/7.2.1/../../../../arm-none-eabi/lib/thumb/v7e-m/fpv4-sp/hard/libc_nano.a(lib_a-findfp.o)
                0x00000000000300fc                __sf_fake_stderr
 .rodata.__sf_fake_stdin
                0x000000000003011c       0x20 /Users/admin/CMMC/gcc-arm-none-eabi/bin/../lib/gcc/arm-none-eabi/7.2.1/../../../../arm-none-eabi/lib/thumb/v7e-m/fpv4-sp/hard/libc_nano.a(lib_a-findfp.o)
                0x000000000003011c                __sf_fake_stdin
 .rodata.__sf_fake_stdout
                0x000000000003013c       0x20 /Users/admin/CMMC/gcc-arm-none-eabi/bin/../lib/gcc/arm-none-eabi/7.2.1/../../../../arm-none-eabi/lib/thumb/v7e-m/fpv4-sp/hard/libc_nano.a(lib_a-findfp.o)
                0x000000000003013c                __sf_fake_stdout
 .rodata._vfprintf_r.str1.1
                0x000000000003015c       0x11 /Users/admin/CMMC/gcc-arm-none-eabi/bin/../lib/gcc/arm-none-eabi/7.2.1/../../../../arm-none-eabi/lib/thumb/v7e-m/fpv4-sp/hard/libc_nano.a(lib_a-nano-vfprintf.o)
 .rodata._printf_i.str1.1
                0x000000000003016d       0x22 /Users/admin/CMMC/gcc-arm-none-eabi/bin/../lib/gcc/arm-none-eabi/7.2.1/../../../../arm-none-eabi/lib/thumb/v7e-m/fpv4-sp/hard/libc_nano.a(lib_a-nano-vfprintf_i.o)
 *(.eh_frame*)
 *fill*         0x000000000003018f        0x1 
 .eh_frame      0x0000000000030190        0x0 /Users/admin/CMMC/gcc-arm-none-eabi/bin/../lib/gcc/arm-none-eabi/7.2.1/thumb/v7e-m/fpv4-sp/hard/crtbegin.o
 .eh_frame      0x0000000000030190        0x4 /Users/admin/CMMC/gcc-arm-none-eabi/bin/../lib/gcc/arm-none-eabi/7.2.1/thumb/v7e-m/fpv4-sp/hard/crtend.o

.glue_7         0x0000000000030194        0x0
 .glue_7        0x0000000000030194        0x0 linker stubs

.glue_7t        0x0000000000030194        0x0
 .glue_7t       0x0000000000030194        0x0 linker stubs

.vfp11_veneer   0x0000000000030194        0x0
 .vfp11_veneer  0x0000000000030194        0x0 linker stubs

.v4_bx          0x0000000000030194        0x0
 .v4_bx         0x0000000000030194        0x0 linker stubs

.iplt           0x0000000000030194        0x0
 .iplt          0x0000000000030194        0x0 /Users/admin/CMMC/gcc-arm-none-eabi/bin/../lib/gcc/arm-none-eabi/7.2.1/thumb/v7e-m/fpv4-sp/hard/crtbegin.o

.mem_section_dummy_rom

.sdh_soc_observers
                0x0000000000030194       0x18
                0x0000000000030194                PROVIDE (__start_sdh_soc_observers, .)
 *(SORT_BY_NAME(.sdh_soc_observers*))
 .sdh_soc_observers0
                0x0000000000030194        0x8 _build/nrf52832_xxaa/nrf_fstorage_sd.c.o
 .sdh_soc_observers0
                0x000000000003019c        0x8 _build/nrf52832_xxaa/nrf_drv_clock.c.o
 .sdh_soc_observers1
                0x00000000000301a4        0x8 _build/nrf52832_xxaa/main.c.o
                0x00000000000301ac                PROVIDE (__stop_sdh_soc_observers, .)

.sdh_ble_observers
                0x00000000000301ac       0x40
                0x00000000000301ac                PROVIDE (__start_sdh_ble_observers, .)
 *(SORT_BY_NAME(.sdh_ble_observers*))
 .sdh_ble_observers0
                0x00000000000301ac        0x8 _build/nrf52832_xxaa/ble_conn_state.c.o
 .sdh_ble_observers1
                0x00000000000301b4        0x8 _build/nrf52832_xxaa/bsp_btn_ble.c.o
 .sdh_ble_observers1
                0x00000000000301bc       0x10 _build/nrf52832_xxaa/main.c.o
 .sdh_ble_observers1
                0x00000000000301cc        0x8 _build/nrf52832_xxaa/ble_conn_params.c.o
 .sdh_ble_observers2
                0x00000000000301d4       0x10 _build/nrf52832_xxaa/main.c.o
 .sdh_ble_observers3
                0x00000000000301e4        0x8 _build/nrf52832_xxaa/main.c.o
                0x00000000000301ec                PROVIDE (__stop_sdh_ble_observers, .)

.pwr_mgmt_data  0x00000000000301ec        0x0
                0x00000000000301ec                PROVIDE (__start_pwr_mgmt_data, .)
 *(SORT_BY_NAME(.pwr_mgmt_data*))
                0x00000000000301ec                PROVIDE (__stop_pwr_mgmt_data, .)

.log_const_data
                0x00000000000301ec       0x80
                0x00000000000301ec                PROVIDE (__start_log_const_data, .)
 *(SORT_BY_NAME(.log_const_data*))
 .log_const_data_CLOCK
                0x00000000000301ec        0x8 _build/nrf52832_xxaa/nrfx_clock.c.o
                0x00000000000301ec                m_nrf_log_CLOCK_logs_data_const
 .log_const_data_GPIOTE
                0x00000000000301f4        0x8 _build/nrf52832_xxaa/nrfx_gpiote.c.o
                0x00000000000301f4                m_nrf_log_GPIOTE_logs_data_const
 .log_const_data_PRS
                0x00000000000301fc        0x8 _build/nrf52832_xxaa/nrfx_prs.c.o
                0x00000000000301fc                m_nrf_log_PRS_logs_data_const
 .log_const_data_UART
                0x0000000000030204        0x8 _build/nrf52832_xxaa/nrfx_uart.c.o
                0x0000000000030204                m_nrf_log_UART_logs_data_const
 .log_const_data_UARTE
                0x000000000003020c        0x8 _build/nrf52832_xxaa/nrfx_uarte.c.o
                0x000000000003020c                m_nrf_log_UARTE_logs_data_const
 .log_const_data_app
                0x0000000000030214        0x8 _build/nrf52832_xxaa/nrf_log_frontend.c.o
                0x0000000000030214                m_nrf_log_app_logs_data_const
 .log_const_data_atfifo_m_fifo
                0x000000000003021c        0x8 _build/nrf52832_xxaa/nrf_fstorage_sd.c.o
                0x000000000003021c                m_nrf_log_atfifo_m_fifo_logs_data_const
 .log_const_data_balloc_log_mempool
                0x0000000000030224        0x8 _build/nrf52832_xxaa/nrf_log_frontend.c.o
                0x0000000000030224                m_nrf_log_balloc_log_mempool_logs_data_const
 .log_const_data_ble_nus
                0x000000000003022c        0x8 _build/nrf52832_xxaa/ble_nus.c.o
                0x000000000003022c                m_nrf_log_ble_nus_logs_data_const
 .log_const_data_clock
                0x0000000000030234        0x8 _build/nrf52832_xxaa/nrf_drv_clock.c.o
                0x0000000000030234                m_nrf_log_clock_logs_data_const
 .log_const_data_nrf_ble_gatt
                0x000000000003023c        0x8 _build/nrf52832_xxaa/nrf_ble_gatt.c.o
                0x000000000003023c                m_nrf_log_nrf_ble_gatt_logs_data_const
 .log_const_data_nrf_fstorage
                0x0000000000030244        0x8 _build/nrf52832_xxaa/nrf_fstorage.c.o
                0x0000000000030244                m_nrf_log_nrf_fstorage_logs_data_const
 .log_const_data_nrf_sdh
                0x000000000003024c        0x8 _build/nrf52832_xxaa/nrf_sdh.c.o
                0x000000000003024c                m_nrf_log_nrf_sdh_logs_data_const
 .log_const_data_nrf_sdh_ble
                0x0000000000030254        0x8 _build/nrf52832_xxaa/nrf_sdh_ble.c.o
                0x0000000000030254                m_nrf_log_nrf_sdh_ble_logs_data_const
 .log_const_data_nrf_sdh_soc
                0x000000000003025c        0x8 _build/nrf52832_xxaa/nrf_sdh_soc.c.o
                0x000000000003025c                m_nrf_log_nrf_sdh_soc_logs_data_const
 .log_const_data_pwr_mgmt
                0x0000000000030264        0x8 _build/nrf52832_xxaa/nrf_pwr_mgmt.c.o
                0x0000000000030264                m_nrf_log_pwr_mgmt_logs_data_const
                0x000000000003026c                PROVIDE (__stop_log_const_data, .)

.nrf_balloc     0x000000000003026c       0x18
                [!provide]                        PROVIDE (__start_nrf_balloc, .)
 *(.nrf_balloc)
 .nrf_balloc    0x000000000003026c       0x18 _build/nrf52832_xxaa/nrf_log_frontend.c.o
                0x000000000003026c                log_mempool
                [!provide]                        PROVIDE (__stop_nrf_balloc, .)

.sdh_state_observers
                0x0000000000030284       0x10
                0x0000000000030284                PROVIDE (__start_sdh_state_observers, .)
 *(SORT_BY_NAME(.sdh_state_observers*))
 .sdh_state_observers0
                0x0000000000030284        0x8 _build/nrf52832_xxaa/nrf_fstorage_sd.c.o
 .sdh_state_observers0
                0x000000000003028c        0x8 _build/nrf52832_xxaa/nrf_drv_clock.c.o
                0x0000000000030294                PROVIDE (__stop_sdh_state_observers, .)

.sdh_stack_observers
                0x0000000000030294       0x10
                0x0000000000030294                PROVIDE (__start_sdh_stack_observers, .)
 *(SORT_BY_NAME(.sdh_stack_observers*))
 .sdh_stack_observers0
                0x0000000000030294        0x8 _build/nrf52832_xxaa/nrf_sdh_ble.c.o
 .sdh_stack_observers0
                0x000000000003029c        0x8 _build/nrf52832_xxaa/nrf_sdh_soc.c.o
                0x00000000000302a4                PROVIDE (__stop_sdh_stack_observers, .)

.sdh_req_observers
                0x00000000000302a4        0x8
                0x00000000000302a4                PROVIDE (__start_sdh_req_observers, .)
 *(SORT_BY_NAME(.sdh_req_observers*))
 .sdh_req_observers0
                0x00000000000302a4        0x8 _build/nrf52832_xxaa/nrf_fstorage_sd.c.o
                0x00000000000302a4                m_req_obs
                0x00000000000302ac                PROVIDE (__stop_sdh_req_observers, .)

.nrf_queue      0x00000000000302ac        0x0
                [!provide]                        PROVIDE (__start_nrf_queue, .)
 *(.nrf_queue)
                [!provide]                        PROVIDE (__stop_nrf_queue, .)

.cli_command    0x00000000000302ac        0x0
                [!provide]                        PROVIDE (__start_cli_command, .)
 *(.cli_command)
                [!provide]                        PROVIDE (__stop_cli_command, .)

.crypto_data    0x00000000000302ac        0x0
                [!provide]                        PROVIDE (__start_crypto_data, .)
 *(SORT_BY_NAME(.crypto_data*))
                [!provide]                        PROVIDE (__stop_crypto_data, .)

.ARM.extab
 *(.ARM.extab* .gnu.linkonce.armextab.*)
                0x00000000000302ac                __exidx_start = .

.ARM.exidx      0x00000000000302ac        0x8
 *(.ARM.exidx* .gnu.linkonce.armexidx.*)
 .ARM.exidx     0x00000000000302ac        0x8 /Users/admin/CMMC/gcc-arm-none-eabi/bin/../lib/gcc/arm-none-eabi/7.2.1/../../../../arm-none-eabi/lib/thumb/v7e-m/fpv4-sp/hard/crt0.o
 .ARM.exidx     0x00000000000302b4        0x0 /Users/admin/CMMC/gcc-arm-none-eabi/bin/../lib/gcc/arm-none-eabi/7.2.1/thumb/v7e-m/fpv4-sp/hard/libgcc.a(_udivmoddi4.o)
                                          0x8 (size before relaxing)
                0x00000000000302b4                __exidx_end = .
                0x00000000000302b4                __etext = .

.rel.dyn        0x00000000000302b4        0x0
 .rel.iplt      0x00000000000302b4        0x0 /Users/admin/CMMC/gcc-arm-none-eabi/bin/../lib/gcc/arm-none-eabi/7.2.1/thumb/v7e-m/fpv4-sp/hard/crtbegin.o

.data           0x0000000020002a98      0x23c load address 0x00000000000302b4
                0x0000000020002a98                __data_start__ = .
 *(vtable)
 *(.data*)
 .data.rtt_log_backend
                0x0000000020002a98        0xc _build/nrf52832_xxaa/nrf_log_default_backends.c.o
 .data.app_uart_inst
                0x0000000020002aa4       0x14 _build/nrf52832_xxaa/app_uart_fifo.c.o
 .data.m_fifo_inst
                0x0000000020002ab8       0x14 _build/nrf52832_xxaa/nrf_fstorage_sd.c.o
 .data.SystemCoreClock
                0x0000000020002acc        0x4 _build/nrf52832_xxaa/system_nrf52.c.o
                0x0000000020002acc                SystemCoreClock
 .data.m_adv_uuids
                0x0000000020002ad0        0x4 _build/nrf52832_xxaa/main.c.o
 .data.m_ble_nus_max_data_len
                0x0000000020002ad4        0x2 _build/nrf52832_xxaa/main.c.o
 .data.m_conn_handle
                0x0000000020002ad6        0x2 _build/nrf52832_xxaa/main.c.o
 .data.m_nus    0x0000000020002ad8       0x1c _build/nrf52832_xxaa/main.c.o
 .data.m_nus_link_ctx_storage
                0x0000000020002af4        0x8 _build/nrf52832_xxaa/main.c.o
 .data._impure_ptr
                0x0000000020002afc        0x4 /Users/admin/CMMC/gcc-arm-none-eabi/bin/../lib/gcc/arm-none-eabi/7.2.1/../../../../arm-none-eabi/lib/thumb/v7e-m/fpv4-sp/hard/libc_nano.a(lib_a-impure.o)
                0x0000000020002afc                _impure_ptr
 .data.impure_data
                0x0000000020002b00       0x60 /Users/admin/CMMC/gcc-arm-none-eabi/bin/../lib/gcc/arm-none-eabi/7.2.1/../../../../arm-none-eabi/lib/thumb/v7e-m/fpv4-sp/hard/libc_nano.a(lib_a-impure.o)
 .data.__global_locale
                0x0000000020002b60      0x16c /Users/admin/CMMC/gcc-arm-none-eabi/bin/../lib/gcc/arm-none-eabi/7.2.1/../../../../arm-none-eabi/lib/thumb/v7e-m/fpv4-sp/hard/libc_nano.a(lib_a-locale.o)
                0x0000000020002b60                __global_locale
                0x0000000020002ccc                . = ALIGN (0x4)
                0x0000000020002ccc                PROVIDE (__preinit_array_start, .)
 *(.preinit_array)
                0x0000000020002ccc                PROVIDE (__preinit_array_end, .)
                0x0000000020002ccc                . = ALIGN (0x4)
                0x0000000020002ccc                PROVIDE (__init_array_start, .)
 *(SORT_BY_NAME(.init_array.*))
 *(.init_array)
 .init_array    0x0000000020002ccc        0x4 /Users/admin/CMMC/gcc-arm-none-eabi/bin/../lib/gcc/arm-none-eabi/7.2.1/thumb/v7e-m/fpv4-sp/hard/crtbegin.o
                0x0000000020002cd0                PROVIDE (__init_array_end, .)
                0x0000000020002cd0                . = ALIGN (0x4)
                [!provide]                        PROVIDE (__fini_array_start, .)
 *(SORT_BY_NAME(.fini_array.*))
 *(.fini_array)
 .fini_array    0x0000000020002cd0        0x4 /Users/admin/CMMC/gcc-arm-none-eabi/bin/../lib/gcc/arm-none-eabi/7.2.1/thumb/v7e-m/fpv4-sp/hard/crtbegin.o
                [!provide]                        PROVIDE (__fini_array_end, .)
 *(.jcr*)
                0x0000000020002cd4                . = ALIGN (0x4)
                0x0000000020002cd4                __data_end__ = .
LOAD /Users/admin/CMMC/gcc-arm-none-eabi/bin/../lib/gcc/arm-none-eabi/7.2.1/thumb/v7e-m/fpv4-sp/hard/crti.o
LOAD /Users/admin/CMMC/gcc-arm-none-eabi/bin/../lib/gcc/arm-none-eabi/7.2.1/thumb/v7e-m/fpv4-sp/hard/crtbegin.o
LOAD /Users/admin/CMMC/gcc-arm-none-eabi/bin/../lib/gcc/arm-none-eabi/7.2.1/../../../../arm-none-eabi/lib/thumb/v7e-m/fpv4-sp/hard/crt0.o
LOAD _build/nrf52832_xxaa/gcc_startup_nrf52.S.o
LOAD _build/nrf52832_xxaa/nrf_log_backend_rtt.c.o
LOAD _build/nrf52832_xxaa/nrf_log_backend_serial.c.o
LOAD _build/nrf52832_xxaa/nrf_log_default_backends.c.o
LOAD _build/nrf52832_xxaa/nrf_log_frontend.c.o
LOAD _build/nrf52832_xxaa/nrf_log_str_formatter.c.o
LOAD _build/nrf52832_xxaa/app_button.c.o
LOAD _build/nrf52832_xxaa/app_error.c.o
LOAD _build/nrf52832_xxaa/app_error_handler_gcc.c.o
LOAD _build/nrf52832_xxaa/app_error_weak.c.o
LOAD _build/nrf52832_xxaa/app_fifo.c.o
LOAD _build/nrf52832_xxaa/app_scheduler.c.o
LOAD _build/nrf52832_xxaa/app_timer.c.o
LOAD _build/nrf52832_xxaa/app_uart_fifo.c.o
LOAD _build/nrf52832_xxaa/app_util_platform.c.o
LOAD _build/nrf52832_xxaa/hardfault_implementation.c.o
LOAD _build/nrf52832_xxaa/nrf_assert.c.o
LOAD _build/nrf52832_xxaa/nrf_atfifo.c.o
LOAD _build/nrf52832_xxaa/nrf_atflags.c.o
LOAD _build/nrf52832_xxaa/nrf_atomic.c.o
LOAD _build/nrf52832_xxaa/nrf_balloc.c.o
LOAD _build/nrf52832_xxaa/nrf_fprintf.c.o
LOAD _build/nrf52832_xxaa/nrf_fprintf_format.c.o
LOAD _build/nrf52832_xxaa/nrf_fstorage.c.o
LOAD _build/nrf52832_xxaa/nrf_fstorage_sd.c.o
LOAD _build/nrf52832_xxaa/nrf_memobj.c.o
LOAD _build/nrf52832_xxaa/nrf_pwr_mgmt.c.o
LOAD _build/nrf52832_xxaa/nrf_section_iter.c.o
LOAD _build/nrf52832_xxaa/nrf_strerror.c.o
LOAD _build/nrf52832_xxaa/retarget.c.o
LOAD _build/nrf52832_xxaa/system_nrf52.c.o
LOAD _build/nrf52832_xxaa/boards.c.o
LOAD _build/nrf52832_xxaa/nrf_drv_clock.c.o
LOAD _build/nrf52832_xxaa/nrf_drv_uart.c.o
LOAD _build/nrf52832_xxaa/nrfx_clock.c.o
LOAD _build/nrf52832_xxaa/nrfx_gpiote.c.o
LOAD _build/nrf52832_xxaa/nrfx_power_clock.c.o
LOAD _build/nrf52832_xxaa/nrfx_prs.c.o
LOAD _build/nrf52832_xxaa/nrfx_uart.c.o
LOAD _build/nrf52832_xxaa/nrfx_uarte.c.o
LOAD _build/nrf52832_xxaa/bsp.c.o
LOAD _build/nrf52832_xxaa/bsp_btn_ble.c.o
LOAD _build/nrf52832_xxaa/main.c.o
LOAD _build/nrf52832_xxaa/SEGGER_RTT.c.o
LOAD _build/nrf52832_xxaa/SEGGER_RTT_Syscalls_GCC.c.o
LOAD _build/nrf52832_xxaa/SEGGER_RTT_printf.c.o
LOAD _build/nrf52832_xxaa/ble_advdata.c.o
LOAD _build/nrf52832_xxaa/ble_advertising.c.o
LOAD _build/nrf52832_xxaa/ble_conn_params.c.o
LOAD _build/nrf52832_xxaa/ble_conn_state.c.o
LOAD _build/nrf52832_xxaa/ble_link_ctx_manager.c.o
LOAD _build/nrf52832_xxaa/ble_srv_common.c.o
LOAD _build/nrf52832_xxaa/nrf_ble_gatt.c.o
LOAD _build/nrf52832_xxaa/nrf_ble_qwr.c.o
LOAD _build/nrf52832_xxaa/ble_nus.c.o
LOAD _build/nrf52832_xxaa/nrf_sdh.c.o
LOAD _build/nrf52832_xxaa/nrf_sdh_ble.c.o
LOAD _build/nrf52832_xxaa/nrf_sdh_soc.c.o
LOAD /Users/admin/CMMC/gcc-arm-none-eabi/bin/../lib/gcc/arm-none-eabi/7.2.1/../../../../arm-none-eabi/lib/thumb/v7e-m/fpv4-sp/hard/libc_nano.a
LOAD /Users/admin/CMMC/gcc-arm-none-eabi/bin/../lib/gcc/arm-none-eabi/7.2.1/../../../../arm-none-eabi/lib/thumb/v7e-m/fpv4-sp/hard/libnosys.a
LOAD /Users/admin/CMMC/gcc-arm-none-eabi/bin/../lib/gcc/arm-none-eabi/7.2.1/../../../../arm-none-eabi/lib/thumb/v7e-m/fpv4-sp/hard/libm.a
START GROUP
LOAD /Users/admin/CMMC/gcc-arm-none-eabi/bin/../lib/gcc/arm-none-eabi/7.2.1/thumb/v7e-m/fpv4-sp/hard/libgcc.a
LOAD /Users/admin/CMMC/gcc-arm-none-eabi/bin/../lib/gcc/arm-none-eabi/7.2.1/../../../../arm-none-eabi/lib/thumb/v7e-m/fpv4-sp/hard/libg_nano.a
LOAD /Users/admin/CMMC/gcc-arm-none-eabi/bin/../lib/gcc/arm-none-eabi/7.2.1/../../../../arm-none-eabi/lib/thumb/v7e-m/fpv4-sp/hard/libc_nano.a
END GROUP
START GROUP
LOAD /Users/admin/CMMC/gcc-arm-none-eabi/bin/../lib/gcc/arm-none-eabi/7.2.1/thumb/v7e-m/fpv4-sp/hard/libgcc.a
LOAD /Users/admin/CMMC/gcc-arm-none-eabi/bin/../lib/gcc/arm-none-eabi/7.2.1/../../../../arm-none-eabi/lib/thumb/v7e-m/fpv4-sp/hard/libc_nano.a
END GROUP
LOAD /Users/admin/CMMC/gcc-arm-none-eabi/bin/../lib/gcc/arm-none-eabi/7.2.1/thumb/v7e-m/fpv4-sp/hard/crtend.o
LOAD /Users/admin/CMMC/gcc-arm-none-eabi/bin/../lib/gcc/arm-none-eabi/7.2.1/thumb/v7e-m/fpv4-sp/hard/crtn.o
START GROUP
LOAD /Users/admin/CMMC/gcc-arm-none-eabi/bin/../lib/gcc/arm-none-eabi/7.2.1/thumb/v7e-m/fpv4-sp/hard/libgcc.a
LOAD /Users/admin/CMMC/gcc-arm-none-eabi/bin/../lib/gcc/arm-none-eabi/7.2.1/../../../../arm-none-eabi/lib/thumb/v7e-m/fpv4-sp/hard/libc.a
LOAD /Users/admin/CMMC/gcc-arm-none-eabi/bin/../lib/gcc/arm-none-eabi/7.2.1/../../../../arm-none-eabi/lib/thumb/v7e-m/fpv4-sp/hard/libnosys.a
END GROUP

.igot.plt       0x0000000020002cd4        0x0 load address 0x00000000000304f0
 .igot.plt      0x0000000020002cd4        0x0 /Users/admin/CMMC/gcc-arm-none-eabi/bin/../lib/gcc/arm-none-eabi/7.2.1/thumb/v7e-m/fpv4-sp/hard/crtbegin.o
                0x0000000020002cd4                . = ALIGN (0x4)

.mem_section_dummy_ram

.log_dynamic_data
                0x0000000020002cd4       0x40 load address 0x00000000000304f0
                0x0000000020002cd4                PROVIDE (__start_log_dynamic_data, .)
 *(SORT_BY_NAME(.log_dynamic_data*))
 .log_dynamic_data_CLOCK
                0x0000000020002cd4        0x4 _build/nrf52832_xxaa/nrfx_clock.c.o
                0x0000000020002cd4                m_nrf_log_CLOCK_logs_data_dynamic
 .log_dynamic_data_GPIOTE
                0x0000000020002cd8        0x4 _build/nrf52832_xxaa/nrfx_gpiote.c.o
                0x0000000020002cd8                m_nrf_log_GPIOTE_logs_data_dynamic
 .log_dynamic_data_PRS
                0x0000000020002cdc        0x4 _build/nrf52832_xxaa/nrfx_prs.c.o
                0x0000000020002cdc                m_nrf_log_PRS_logs_data_dynamic
 .log_dynamic_data_UART
                0x0000000020002ce0        0x4 _build/nrf52832_xxaa/nrfx_uart.c.o
                0x0000000020002ce0                m_nrf_log_UART_logs_data_dynamic
 .log_dynamic_data_UARTE
                0x0000000020002ce4        0x4 _build/nrf52832_xxaa/nrfx_uarte.c.o
                0x0000000020002ce4                m_nrf_log_UARTE_logs_data_dynamic
 .log_dynamic_data_app
                0x0000000020002ce8        0x4 _build/nrf52832_xxaa/nrf_log_frontend.c.o
                0x0000000020002ce8                m_nrf_log_app_logs_data_dynamic
 .log_dynamic_data_atfifo_m_fifo
                0x0000000020002cec        0x4 _build/nrf52832_xxaa/nrf_fstorage_sd.c.o
                0x0000000020002cec                m_nrf_log_atfifo_m_fifo_logs_data_dynamic
 .log_dynamic_data_balloc_log_mempool
                0x0000000020002cf0        0x4 _build/nrf52832_xxaa/nrf_log_frontend.c.o
                0x0000000020002cf0                m_nrf_log_balloc_log_mempool_logs_data_dynamic
 .log_dynamic_data_ble_nus
                0x0000000020002cf4        0x4 _build/nrf52832_xxaa/ble_nus.c.o
                0x0000000020002cf4                m_nrf_log_ble_nus_logs_data_dynamic
 .log_dynamic_data_clock
                0x0000000020002cf8        0x4 _build/nrf52832_xxaa/nrf_drv_clock.c.o
                0x0000000020002cf8                m_nrf_log_clock_logs_data_dynamic
 .log_dynamic_data_nrf_ble_gatt
                0x0000000020002cfc        0x4 _build/nrf52832_xxaa/nrf_ble_gatt.c.o
                0x0000000020002cfc                m_nrf_log_nrf_ble_gatt_logs_data_dynamic
 .log_dynamic_data_nrf_fstorage
                0x0000000020002d00        0x4 _build/nrf52832_xxaa/nrf_fstorage.c.o
                0x0000000020002d00                m_nrf_log_nrf_fstorage_logs_data_dynamic
 .log_dynamic_data_nrf_sdh
                0x0000000020002d04        0x4 _build/nrf52832_xxaa/nrf_sdh.c.o
                0x0000000020002d04                m_nrf_log_nrf_sdh_logs_data_dynamic
 .log_dynamic_data_nrf_sdh_ble
                0x0000000020002d08        0x4 _build/nrf52832_xxaa/nrf_sdh_ble.c.o
                0x0000000020002d08                m_nrf_log_nrf_sdh_ble_logs_data_dynamic
 .log_dynamic_data_nrf_sdh_soc
                0x0000000020002d0c        0x4 _build/nrf52832_xxaa/nrf_sdh_soc.c.o
                0x0000000020002d0c                m_nrf_log_nrf_sdh_soc_logs_data_dynamic
 .log_dynamic_data_pwr_mgmt
                0x0000000020002d10        0x4 _build/nrf52832_xxaa/nrf_pwr_mgmt.c.o
                0x0000000020002d10                m_nrf_log_pwr_mgmt_logs_data_dynamic
                [!provide]                        PROVIDE (__stop_log_dynamic_data, .)

.fs_data        0x0000000020002d14        0x0
                0x0000000020002d14                PROVIDE (__start_fs_data, .)
 *(.fs_data)
                0x0000000020002d14                PROVIDE (__stop_fs_data, .)

.cli_sorted_cmd_ptrs
                0x0000000020002d14        0x0
                [!provide]                        PROVIDE (__start_cli_sorted_cmd_ptrs, .)
 *(.cli_sorted_cmd_ptrs)
                [!provide]                        PROVIDE (__stop_cli_sorted_cmd_ptrs, .)

.bss            0x0000000020002d18      0xfc8 load address 0x0000000000030538
                0x0000000020002d18                . = ALIGN (0x4)
                0x0000000020002d18                __bss_start__ = .
 *(.bss*)
 .bss           0x0000000020002d18       0x1c /Users/admin/CMMC/gcc-arm-none-eabi/bin/../lib/gcc/arm-none-eabi/7.2.1/thumb/v7e-m/fpv4-sp/hard/crtbegin.o
 .bss.m_host_present
                0x0000000020002d34        0x1 _build/nrf52832_xxaa/nrf_log_backend_rtt.c.o
 *fill*         0x0000000020002d35        0x3 
 .bss.m_string_buff
                0x0000000020002d38       0x40 _build/nrf52832_xxaa/nrf_log_backend_rtt.c.o
 .bss.log_mempool_nrf_balloc_cb
                0x0000000020002d78        0x8 _build/nrf52832_xxaa/nrf_log_frontend.c.o
 .bss.log_mempool_nrf_balloc_pool_mem
                0x0000000020002d80       0xc0 _build/nrf52832_xxaa/nrf_log_frontend.c.o
 .bss.log_mempool_nrf_balloc_pool_stack
                0x0000000020002e40        0x8 _build/nrf52832_xxaa/nrf_log_frontend.c.o
 .bss.m_log_data
                0x0000000020002e48      0x424 _build/nrf52832_xxaa/nrf_log_frontend.c.o
 .bss.m_button_count
                0x000000002000326c        0x1 _build/nrf52832_xxaa/app_button.c.o
 *fill*         0x000000002000326d        0x3 
 .bss.m_detection_delay
                0x0000000020003270        0x4 _build/nrf52832_xxaa/app_button.c.o
 .bss.m_detection_delay_timer_id_data
                0x0000000020003274       0x20 _build/nrf52832_xxaa/app_button.c.o
 *fill*         0x0000000020003294        0x4 
 .bss.m_pin_state
                0x0000000020003298        0x8 _build/nrf52832_xxaa/app_button.c.o
 .bss.m_pin_transition
                0x00000000200032a0        0x8 _build/nrf52832_xxaa/app_button.c.o
 .bss.mp_buttons
                0x00000000200032a8        0x4 _build/nrf52832_xxaa/app_button.c.o
 .bss.m_op_queue
                0x00000000200032ac      0x10c _build/nrf52832_xxaa/app_timer.c.o
 .bss.m_rtc1_reset
                0x00000000200033b8        0x1 _build/nrf52832_xxaa/app_timer.c.o
 .bss.m_rtc1_running
                0x00000000200033b9        0x1 _build/nrf52832_xxaa/app_timer.c.o
 *fill*         0x00000000200033ba        0x2 
 .bss.m_ticks_elapsed
                0x00000000200033bc        0x8 _build/nrf52832_xxaa/app_timer.c.o
 .bss.m_ticks_elapsed_q_read_ind
                0x00000000200033c4        0x1 _build/nrf52832_xxaa/app_timer.c.o
 .bss.m_ticks_elapsed_q_write_ind
                0x00000000200033c5        0x1 _build/nrf52832_xxaa/app_timer.c.o
 *fill*         0x00000000200033c6        0x2 
 .bss.m_ticks_latest
                0x00000000200033c8        0x4 _build/nrf52832_xxaa/app_timer.c.o
 .bss.mp_timer_id_head
                0x00000000200033cc        0x4 _build/nrf52832_xxaa/app_timer.c.o
 .bss.m_event_handler
                0x00000000200033d0        0x4 _build/nrf52832_xxaa/app_uart_fifo.c.o
 .bss.m_rx_fifo
                0x00000000200033d4       0x10 _build/nrf52832_xxaa/app_uart_fifo.c.o
 .bss.m_rx_ovf  0x00000000200033e4        0x1 _build/nrf52832_xxaa/app_uart_fifo.c.o
 *fill*         0x00000000200033e5        0x3 
 .bss.m_tx_fifo
                0x00000000200033e8       0x10 _build/nrf52832_xxaa/app_uart_fifo.c.o
 .bss.rx_buffer
                0x00000000200033f8        0x1 _build/nrf52832_xxaa/app_uart_fifo.c.o
 *fill*         0x00000000200033f9        0x3 
 .bss.tx_buffer
                0x00000000200033fc        0x1 _build/nrf52832_xxaa/app_uart_fifo.c.o
 *fill*         0x00000000200033fd        0x3 
 .bss.m_flags   0x0000000020003400       0x14 _build/nrf52832_xxaa/nrf_fstorage_sd.c.o
 .bss.m_iget_ctx
                0x0000000020003414        0x4 _build/nrf52832_xxaa/nrf_fstorage_sd.c.o
 .bss.m_p_cur_op
                0x0000000020003418        0x4 _build/nrf52832_xxaa/nrf_fstorage_sd.c.o
 .bss.m_handlers_iter
                0x000000002000341c        0x8 _build/nrf52832_xxaa/nrf_pwr_mgmt.c.o
 .bss.m_shutdown_started
                0x0000000020003424        0x1 _build/nrf52832_xxaa/nrf_pwr_mgmt.c.o
 *fill*         0x0000000020003425        0x3 
 .bss.m_sysoff_mtx
                0x0000000020003428        0x4 _build/nrf52832_xxaa/nrf_pwr_mgmt.c.o
 .bss.m_clock_cb
                0x000000002000342c       0x14 _build/nrf52832_xxaa/nrf_drv_clock.c.o
 .bss.m_contexts
                0x0000000020003440        0x4 _build/nrf52832_xxaa/nrf_drv_uart.c.o
 .bss.m_handlers
                0x0000000020003444        0x4 _build/nrf52832_xxaa/nrf_drv_uart.c.o
 .bss.m_clock_cb
                0x0000000020003448        0x8 _build/nrf52832_xxaa/nrfx_clock.c.o
 .bss.m_cb      0x0000000020003450       0x5c _build/nrf52832_xxaa/nrfx_gpiote.c.o
 .bss.m_prs_box_4
                0x00000000200034ac        0x8 _build/nrf52832_xxaa/nrfx_prs.c.o
 .bss.m_cb      0x00000000200034b4       0x2c _build/nrf52832_xxaa/nrfx_uart.c.o
 .bss.m_cb      0x00000000200034e0       0x24 _build/nrf52832_xxaa/nrfx_uarte.c.o
 .bss.current_long_push_pin_no.8757
                0x0000000020003504        0x1 _build/nrf52832_xxaa/bsp.c.o
 .bss.m_alert_on
                0x0000000020003505        0x1 _build/nrf52832_xxaa/bsp.c.o
 *fill*         0x0000000020003506        0x2 
 .bss.m_bsp_alert_tmr_data
                0x0000000020003508       0x20 _build/nrf52832_xxaa/bsp.c.o
 .bss.m_bsp_button_tmr_data
                0x0000000020003528       0x20 _build/nrf52832_xxaa/bsp.c.o
 .bss.m_bsp_leds_tmr_data
                0x0000000020003548       0x20 _build/nrf52832_xxaa/bsp.c.o
 .bss.m_events_list
                0x0000000020003568        0xc _build/nrf52832_xxaa/bsp.c.o
 .bss.m_indication_type
                0x0000000020003574        0x4 _build/nrf52832_xxaa/bsp.c.o
 .bss.m_leds_clear
                0x0000000020003578        0x1 _build/nrf52832_xxaa/bsp.c.o
 *fill*         0x0000000020003579        0x3 
 .bss.m_registered_callback
                0x000000002000357c        0x4 _build/nrf52832_xxaa/bsp.c.o
 .bss.m_stable_state
                0x0000000020003580        0x1 _build/nrf52832_xxaa/bsp.c.o
 *fill*         0x0000000020003581        0x3 
 .bss.release_event_at_push.8758
                0x0000000020003584        0x4 _build/nrf52832_xxaa/bsp.c.o
 .bss.m_error_handler
                0x0000000020003588        0x4 _build/nrf52832_xxaa/bsp_btn_ble.c.o
 .bss.m_num_connections
                0x000000002000358c        0x4 _build/nrf52832_xxaa/bsp_btn_ble.c.o
 .bss.data_array.12017
                0x0000000020003590       0xf4 _build/nrf52832_xxaa/main.c.o
 .bss.index.12018
                0x0000000020003684        0x1 _build/nrf52832_xxaa/main.c.o
 *fill*         0x0000000020003685        0x3 
 .bss.m_advertising
                0x0000000020003688       0xb8 _build/nrf52832_xxaa/main.c.o
 .bss.m_gatt    0x0000000020003740       0x14 _build/nrf52832_xxaa/main.c.o
 .bss.m_nus_link_ctx_storage_ctx_data_pool
                0x0000000020003754        0x4 _build/nrf52832_xxaa/main.c.o
 .bss.m_qwr     0x0000000020003758        0xc _build/nrf52832_xxaa/main.c.o
 .bss.rx_buf.12035
                0x0000000020003764      0x100 _build/nrf52832_xxaa/main.c.o
 .bss.tx_buf.12036
                0x0000000020003864      0x100 _build/nrf52832_xxaa/main.c.o
 .bss._acDownBuffer
                0x0000000020003964       0x10 _build/nrf52832_xxaa/SEGGER_RTT.c.o
 .bss._acUpBuffer
                0x0000000020003974      0x200 _build/nrf52832_xxaa/SEGGER_RTT.c.o
 .bss.m_conn_params_config
                0x0000000020003b74       0x1c _build/nrf52832_xxaa/ble_conn_params.c.o
 .bss.m_conn_params_instances
                0x0000000020003b90       0x14 _build/nrf52832_xxaa/ble_conn_params.c.o
 .bss.m_preferred_conn_params
                0x0000000020003ba4        0x8 _build/nrf52832_xxaa/ble_conn_params.c.o
 .bss.m_timer_data
                0x0000000020003bac       0x20 _build/nrf52832_xxaa/ble_conn_params.c.o
 .bss.m_bcs     0x0000000020003bcc       0x78 _build/nrf52832_xxaa/ble_conn_state.c.o
 .bss.m_nrf_sdh_continue
                0x0000000020003c44        0x1 _build/nrf52832_xxaa/nrf_sdh.c.o
 .bss.m_nrf_sdh_enabled
                0x0000000020003c45        0x1 _build/nrf52832_xxaa/nrf_sdh.c.o
 .bss.m_nrf_sdh_suspended
                0x0000000020003c46        0x1 _build/nrf52832_xxaa/nrf_sdh.c.o
 .bss.m_stack_is_enabled
                0x0000000020003c47        0x1 _build/nrf52832_xxaa/nrf_sdh_ble.c.o
 .bss.__malloc_free_list
                0x0000000020003c48        0x4 /Users/admin/CMMC/gcc-arm-none-eabi/bin/../lib/gcc/arm-none-eabi/7.2.1/../../../../arm-none-eabi/lib/thumb/v7e-m/fpv4-sp/hard/libc_nano.a(lib_a-nano-mallocr.o)
                0x0000000020003c48                __malloc_free_list
 .bss.__malloc_sbrk_start
                0x0000000020003c4c        0x4 /Users/admin/CMMC/gcc-arm-none-eabi/bin/../lib/gcc/arm-none-eabi/7.2.1/../../../../arm-none-eabi/lib/thumb/v7e-m/fpv4-sp/hard/libc_nano.a(lib_a-nano-mallocr.o)
                0x0000000020003c4c                __malloc_sbrk_start
 .bss.heap_end.5377
                0x0000000020003c50        0x4 /Users/admin/CMMC/gcc-arm-none-eabi/bin/../lib/gcc/arm-none-eabi/7.2.1/../../../../arm-none-eabi/lib/thumb/v7e-m/fpv4-sp/hard/libnosys.a(sbrk.o)
 *(COMMON)
 COMMON         0x0000000020003c54        0xc _build/nrf52832_xxaa/app_util_platform.c.o
                0x0000000020003c54                nrf_nvic_state
 COMMON         0x0000000020003c60        0x1 _build/nrf52832_xxaa/nrf_drv_uart.c.o
                0x0000000020003c60                nrf_drv_uart_use_easy_dma
 *fill*         0x0000000020003c61        0x3 
 COMMON         0x0000000020003c64       0x78 _build/nrf52832_xxaa/SEGGER_RTT.c.o
                0x0000000020003c64                _SEGGER_RTT
 COMMON         0x0000000020003cdc        0x4 /Users/admin/CMMC/gcc-arm-none-eabi/bin/../lib/gcc/arm-none-eabi/7.2.1/../../../../arm-none-eabi/lib/thumb/v7e-m/fpv4-sp/hard/libc_nano.a(lib_a-reent.o)